158.108.96.193 - - [19/Aug/2014:14:39:37 +0700] "GET /elab/accounts/login/?next=/elab/ HTTP/1.1" 200 1360 "-" "Mozilla/5.0 (X11; Ubuntu; Linux i686; rv:20.0) Gecko/20100101 Firefox/20.0"
1.4.18.94 - - [19/Aug/2014:14:39:54 +0700] "GET / HTTP/1.1" 206 606290 "-" "KillApachePy (0.1d)"
158.108.98.122 - - [19/Aug/2014:14:40:05 +0700] "GET / HTTP/1.1" 200 1990 "-" "Mozilla/5.0 (X11; Ubuntu; Linux i686; rv:20.0) Gecko/20100101 Firefox/20.0"
158.108.98.44 - - [19/Aug/2014:14:40:07 +0700] "GET /elab/accounts/login/?next=/elab/ HTTP/1.1" 200 1360 "-" "Mozilla/5.0 (X11; Ubuntu; Linux i686; rv:22.0) Gecko/20100101 Firefox/22.0"
158.108.98.44 - - [19/Aug/2014:14:40:07 +0700] "GET /elab_media//css/base.css HTTP/1.1" 304 - "https://cloud3.cpe.ku.ac.th/elab/accounts/login/?next=/elab/" "Mozilla/5.0 (X11; Ubuntu; Linux i686; rv:22.0) Gecko/20100101 Firefox/22.0"
158.108.96.193 - - [19/Aug/2014:14:40:07 +0700] "GET /elab_media//css/base.css HTTP/1.1" 304 - "https://cloud3.cpe.ku.ac.th/elab/accounts/login/?next=/elab/" "Mozilla/5.0 (X11; Ubuntu; Linux i686; rv:20.0) Gecko/20100101 Firefox/20.0"
158.108.98.44 - - [19/Aug/2014:14:40:08 +0700] "GET /elab/accounts/login/?next=/elab/ HTTP/1.1" 200 1360 "-" "Mozilla/5.0 (X11; Ubuntu; Linux i686; rv:22.0) Gecko/20100101 Firefox/22.0"
158.108.98.44 - - [19/Aug/2014:14:40:08 +0700] "GET /elab_media//css/base.css HTTP/1.1" 304 - "https://cloud3.cpe.ku.ac.th/elab/accounts/login/?next=/elab/" "Mozilla/5.0 (X11; Ubuntu; Linux i686; rv:22.0) Gecko/20100101 Firefox/22.0"
158.108.96.193 - - [19/Aug/2014:14:40:08 +0700] "GET /elab/accounts/login/?next=/elab/ HTTP/1.1" 200 1360 "-" "Mozilla/5.0 (X11; Ubuntu; Linux i686; rv:20.0) Gecko/20100101 Firefox/20.0"
1.4.18.94 - - [19/Aug/2014:14:39:35 +0700] "GET / HTTP/1.1" 206 606290 "-" "KillApachePy (0.1d)"
158.108.96.193 - - [19/Aug/2014:14:40:08 +0700] "GET /elab_media//css/base.css HTTP/1.1" 304 - "https://cloud3.cpe.ku.ac.th/elab/accounts/login/?next=/elab/" "Mozilla/5.0 (X11; Ubuntu; Linux i686; rv:20.0) Gecko/20100101 Firefox/20.0"
158.108.98.44 - - [19/Aug/2014:14:40:08 +0700] "GET /elab/accounts/login/?next=/elab/ HTTP/1.1" 200 1360 "-" "Mozilla/5.0 (X11; Ubuntu; Linux i686; rv:22.0) Gecko/20100101 Firefox/22.0"
158.108.98.44 - - [19/Aug/2014:14:40:08 +0700] "GET /elab_media//css/base.css HTTP/1.1" 304 - "https://cloud3.cpe.ku.ac.th/elab/accounts/login/?next=/elab/" "Mozilla/5.0 (X11; Ubuntu; Linux i686; rv:22.0) Gecko/20100101 Firefox/22.0"
158.108.98.44 - - [19/Aug/2014:14:40:08 +0700] "GET /elab/accounts/login/?next=/elab/ HTTP/1.1" 200 1360 "-" "Mozilla/5.0 (X11; Ubuntu; Linux i686; rv:22.0) Gecko/20100101 Firefox/22.0"
158.108.98.44 - - [19/Aug/2014:14:40:08 +0700] "GET /elab_media//css/base.css HTTP/1.1" 304 - "https://cloud3.cpe.ku.ac.th/elab/accounts/login/?next=/elab/" "Mozilla/5.0 (X11; Ubuntu; Linux i686; rv:22.0) Gecko/20100101 Firefox/22.0"
158.108.98.44 - - [19/Aug/2014:14:40:08 +0700] "GET /elab/accounts/login/?next=/elab/ HTTP/1.1" 200 1360 "-" "Mozilla/5.0 (X11; Ubuntu; Linux i686; rv:22.0) Gecko/20100101 Firefox/22.0"
158.108.98.44 - - [19/Aug/2014:14:40:08 +0700] "GET /elab_media//css/base.css HTTP/1.1" 304 - "https://cloud3.cpe.ku.ac.th/elab/accounts/login/?next=/elab/" "Mozilla/5.0 (X11; Ubuntu; Linux i686; rv:22.0) Gecko/20100101 Firefox/22.0"
158.108.98.44 - - [19/Aug/2014:14:40:08 +0700] "GET /elab/accounts/login/?next=/elab/ HTTP/1.1" 200 1360 "-" "Mozilla/5.0 (X11; Ubuntu; Linux i686; rv:22.0) Gecko/20100101 Firefox/22.0"
158.108.98.44 - - [19/Aug/2014:14:40:08 +0700] "GET /elab_media//css/base.css HTTP/1.1" 304 - "https://cloud3.cpe.ku.ac.th/elab/accounts/login/?next=/elab/" "Mozilla/5.0 (X11; Ubuntu; Linux i686; rv:22.0) Gecko/20100101 Firefox/22.0"
158.108.96.193 - - [19/Aug/2014:14:40:09 +0700] "GET /elab/accounts/login/?next=/elab/ HTTP/1.1" 200 1360 "-" "Mozilla/5.0 (X11; Ubuntu; Linux i686; rv:20.0) Gecko/20100101 Firefox/20.0"
158.108.98.44 - - [19/Aug/2014:14:40:09 +0700] "GET /elab/accounts/login/?next=/elab/ HTTP/1.1" 200 1360 "-" "Mozilla/5.0 (X11; Ubuntu; Linux i686; rv:22.0) Gecko/20100101 Firefox/22.0"
158.108.96.193 - - [19/Aug/2014:14:40:09 +0700] "GET /elab_media//css/base.css HTTP/1.1" 304 - "https://cloud3.cpe.ku.ac.th/elab/accounts/login/?next=/elab/" "Mozilla/5.0 (X11; Ubuntu; Linux i686; rv:20.0) Gecko/20100101 Firefox/20.0"
158.108.98.44 - - [19/Aug/2014:14:40:09 +0700] "GET /elab_media//css/base.css HTTP/1.1" 304 - "https://cloud3.cpe.ku.ac.th/elab/accounts/login/?next=/elab/" "Mozilla/5.0 (X11; Ubuntu; Linux i686; rv:22.0) Gecko/20100101 Firefox/22.0"
158.108.98.44 - - [19/Aug/2014:14:40:09 +0700] "GET /elab/accounts/login/?next=/elab/ HTTP/1.1" 200 1360 "-" "Mozilla/5.0 (X11; Ubuntu; Linux i686; rv:22.0) Gecko/20100101 Firefox/22.0"
158.108.98.44 - - [19/Aug/2014:14:40:09 +0700] "GET /elab_media//css/base.css HTTP/1.1" 304 - "https://cloud3.cpe.ku.ac.th/elab/accounts/login/?next=/elab/" "Mozilla/5.0 (X11; Ubuntu; Linux i686; rv:22.0) Gecko/20100101 Firefox/22.0"
158.108.97.14 - - [19/Aug/2014:14:40:08 +0700] "GET /elab HTTP/1.1" 302 485 "-" "Mozilla/5.0 (X11; Ubuntu; Linux i686; rv:20.0) Gecko/20100101 Firefox/20.0"
158.108.96.193 - - [19/Aug/2014:14:40:09 +0700] "GET /elab/accounts/login/?next=/elab/ HTTP/1.1" 200 1360 "-" "Mozilla/5.0 (X11; Ubuntu; Linux i686; rv:20.0) Gecko/20100101 Firefox/20.0"
158.108.96.193 - - [19/Aug/2014:14:40:09 +0700] "GET /elab_media//css/base.css HTTP/1.1" 304 - "https://cloud3.cpe.ku.ac.th/elab/accounts/login/?next=/elab/" "Mozilla/5.0 (X11; Ubuntu; Linux i686; rv:20.0) Gecko/20100101 Firefox/20.0"
158.108.98.44 - - [19/Aug/2014:14:40:09 +0700] "GET /elab/accounts/login/?next=/elab/ HTTP/1.1" 200 1360 "-" "Mozilla/5.0 (X11; Ubuntu; Linux i686; rv:22.0) Gecko/20100101 Firefox/22.0"
158.108.98.44 - - [19/Aug/2014:14:40:09 +0700] "GET /elab_media//css/base.css HTTP/1.1" 304 - "https://cloud3.cpe.ku.ac.th/elab/accounts/login/?next=/elab/" "Mozilla/5.0 (X11; Ubuntu; Linux i686; rv:22.0) Gecko/20100101 Firefox/22.0"
158.108.96.193 - - [19/Aug/2014:14:40:09 +0700] "GET /elab/accounts/login/?next=/elab/ HTTP/1.1" 200 1360 "-" "Mozilla/5.0 (X11; Ubuntu; Linux i686; rv:20.0) Gecko/20100101 Firefox/20.0"
158.108.98.44 - - [19/Aug/2014:14:40:09 +0700] "GET /elab/accounts/login/?next=/elab/ HTTP/1.1" 200 1360 "-" "Mozilla/5.0 (X11; Ubuntu; Linux i686; rv:22.0) Gecko/20100101 Firefox/22.0"
158.108.98.44 - - [19/Aug/2014:14:40:09 +0700] "GET /elab_media//css/base.css HTTP/1.1" 304 - "https://cloud3.cpe.ku.ac.th/elab/accounts/login/?next=/elab/" "Mozilla/5.0 (X11; Ubuntu; Linux i686; rv:22.0) Gecko/20100101 Firefox/22.0"
158.108.98.44 - - [19/Aug/2014:14:40:10 +0700] "GET /elab/accounts/login/?next=/elab/ HTTP/1.1" 200 1360 "-" "Mozilla/5.0 (X11; Ubuntu; Linux i686; rv:22.0) Gecko/20100101 Firefox/22.0"
158.108.98.44 - - [19/Aug/2014:14:40:10 +0700] "GET /elab_media//css/base.css HTTP/1.1" 304 - "https://cloud3.cpe.ku.ac.th/elab/accounts/login/?next=/elab/" "Mozilla/5.0 (X11; Ubuntu; Linux i686; rv:22.0) Gecko/20100101 Firefox/22.0"
158.108.98.44 - - [19/Aug/2014:14:40:10 +0700] "GET /elab/accounts/login/?next=/elab/ HTTP/1.1" 200 1360 "-" "Mozilla/5.0 (X11; Ubuntu; Linux i686; rv:22.0) Gecko/20100101 Firefox/22.0"
158.108.98.44 - - [19/Aug/2014:14:40:10 +0700] "GET /elab_media//css/base.css HTTP/1.1" 304 - "https://cloud3.cpe.ku.ac.th/elab/accounts/login/?next=/elab/" "Mozilla/5.0 (X11; Ubuntu; Linux i686; rv:22.0) Gecko/20100101 Firefox/22.0"
1.4.18.94 - - [19/Aug/2014:14:39:36 +0700] "GET / HTTP/1.1" 206 606290 "-" "KillApachePy (0.1d)"
158.108.98.44 - - [19/Aug/2014:14:40:10 +0700] "GET /elab/accounts/login/?next=/elab/ HTTP/1.1" 200 1360 "-" "Mozilla/5.0 (X11; Ubuntu; Linux i686; rv:22.0) Gecko/20100101 Firefox/22.0"
158.108.98.44 - - [19/Aug/2014:14:40:10 +0700] "GET /elab/accounts/login/?next=/elab/ HTTP/1.1" 200 1360 "-" "Mozilla/5.0 (X11; Ubuntu; Linux i686; rv:22.0) Gecko/20100101 Firefox/22.0"
1.4.18.94 - - [19/Aug/2014:14:39:36 +0700] "GET / HTTP/1.1" 206 606290 "-" "KillApachePy (0.1d)"
1.4.18.94 - - [19/Aug/2014:14:39:36 +0700] "GET / HTTP/1.1" 206 606290 "-" "KillApachePy (0.1d)"
1.4.18.94 - - [19/Aug/2014:14:39:37 +0700] "GET / HTTP/1.1" 206 606290 "-" "KillApachePy (0.1d)"
1.4.18.94 - - [19/Aug/2014:14:39:58 +0700] "GET / HTTP/1.1" 206 606290 "-" "KillApachePy (0.1d)"
1.4.18.94 - - [19/Aug/2014:14:40:01 +0700] "GET / HTTP/1.1" 206 606290 "-" "KillApachePy (0.1d)"
10.2.78.119 - - [19/Aug/2014:14:40:15 +0700] "GET /elab HTTP/1.1" 302 485 "https://cloud3.cpe.ku.ac.th/" "Mozilla/5.0 (Macintosh; Intel Mac OS X 10_9_2) AppleWebKit/537.74.9 (KHTML, like Gecko) Version/7.0.2 Safari/537.74.9"
158.108.97.14 - - [19/Aug/2014:14:40:16 +0700] "GET / HTTP/1.1" 200 1990 "-" "Mozilla/5.0 (X11; Ubuntu; Linux i686; rv:20.0) Gecko/20100101 Firefox/20.0"
1.4.18.94 - - [19/Aug/2014:14:39:37 +0700] "GET / HTTP/1.1" 206 606290 "-" "KillApachePy (0.1d)"
1.4.18.94 - - [19/Aug/2014:14:40:02 +0700] "GET / HTTP/1.1" 206 606290 "-" "KillApachePy (0.1d)"
1.4.18.94 - - [19/Aug/2014:14:40:03 +0700] "GET / HTTP/1.1" 206 606290 "-" "KillApachePy (0.1d)"
1.4.18.94 - - [19/Aug/2014:14:40:02 +0700] "GET / HTTP/1.1" 206 606290 "-" "KillApachePy (0.1d)"
1.4.18.94 - - [19/Aug/2014:14:40:03 +0700] "GET / HTTP/1.1" 206 606290 "-" "KillApachePy (0.1d)"
1.4.18.94 - - [19/Aug/2014:14:40:02 +0700] "GET / HTTP/1.1" 206 606290 "-" "KillApachePy (0.1d)"
158.108.96.160 - - [19/Aug/2014:14:39:45 +0700] "GET /elab/ HTTP/1.1" 302 - "-" "Mozilla/5.0 (X11; Ubuntu; Linux i686; rv:20.0) Gecko/20100101 Firefox/20.0"
1.4.18.94 - - [19/Aug/2014:14:39:37 +0700] "GET / HTTP/1.1" 206 606290 "-" "KillApachePy (0.1d)"
1.4.18.94 - - [19/Aug/2014:14:39:36 +0700] "GET / HTTP/1.1" 206 606290 "-" "KillApachePy (0.1d)"
1.4.18.94 - - [19/Aug/2014:14:39:37 +0700] "GET / HTTP/1.1" 206 606290 "-" "KillApachePy (0.1d)"
1.4.18.94 - - [19/Aug/2014:14:39:37 +0700] "GET / HTTP/1.1" 206 606290 "-" "KillApachePy (0.1d)"
158.108.241.226 - - [19/Aug/2014:14:39:46 +0700] "POST /elab/accounts/login/ HTTP/1.1" 302 - "https://cloud3.cpe.ku.ac.th/elab/accounts/login/?next=/elab/" "Mozilla/5.0 (X11; Ubuntu; Linux i686; rv:20.0) Gecko/20100101 Firefox/20.0"
1.4.18.94 - - [19/Aug/2014:14:40:06 +0700] "GET / HTTP/1.1" 206 606290 "-" "KillApachePy (0.1d)"
1.4.18.94 - - [19/Aug/2014:14:39:37 +0700] "GET / HTTP/1.1" 206 606290 "-" "KillApachePy (0.1d)"
158.108.96.160 - - [19/Aug/2014:14:40:24 +0700] "GET /elab/accounts/login?next=/elab/ HTTP/1.1" 301 - "-" "Mozilla/5.0 (X11; Ubuntu; Linux i686; rv:20.0) Gecko/20100101 Firefox/20.0"
158.108.96.160 - - [19/Aug/2014:14:40:25 +0700] "GET /elab/accounts/login/?next=/elab/ HTTP/1.1" 302 - "-" "Mozilla/5.0 (X11; Ubuntu; Linux i686; rv:20.0) Gecko/20100101 Firefox/20.0"
1.4.18.94 - - [19/Aug/2014:14:39:38 +0700] "GET / HTTP/1.1" 206 606290 "-" "KillApachePy (0.1d)"
1.4.18.94 - - [19/Aug/2014:14:40:03 +0700] "GET / HTTP/1.1" 206 606290 "-" "KillApachePy (0.1d)"
10.2.78.119 - - [19/Aug/2014:14:40:26 +0700] "GET /major/sites/default/files/eng-major-button_0.png HTTP/1.1" 404 514 "https://cloud3.cpe.ku.ac.th/" "Mozilla/5.0 (Macintosh; Intel Mac OS X 10_9_2) AppleWebKit/537.74.9 (KHTML, like Gecko) Version/7.0.2 Safari/537.74.9"
10.2.78.119 - - [19/Aug/2014:14:40:27 +0700] "GET /elab HTTP/1.1" 302 485 "https://cloud3.cpe.ku.ac.th/" "Mozilla/5.0 (Macintosh; Intel Mac OS X 10_9_2) AppleWebKit/537.74.9 (KHTML, like Gecko) Version/7.0.2 Safari/537.74.9"
1.4.18.94 - - [19/Aug/2014:14:39:38 +0700] "GET / HTTP/1.1" 206 606290 "-" "KillApachePy (0.1d)"
1.4.18.94 - - [19/Aug/2014:14:39:39 +0700] "GET / HTTP/1.1" 206 606290 "-" "KillApachePy (0.1d)"
158.108.241.198 - - [19/Aug/2014:14:39:50 +0700] "GET /elab/ HTTP/1.1" 302 - "-" "Mozilla/5.0 (X11; Ubuntu; Linux i686; rv:20.0) Gecko/20100101 Firefox/20.0"
1.4.18.94 - - [19/Aug/2014:14:39:39 +0700] "GET / HTTP/1.1" 206 606290 "-" "KillApachePy (0.1d)"
1.4.18.94 - - [19/Aug/2014:14:39:38 +0700] "GET / HTTP/1.1" 206 606290 "-" "KillApachePy (0.1d)"
1.4.18.94 - - [19/Aug/2014:14:39:38 +0700] "GET / HTTP/1.1" 206 606290 "-" "KillApachePy (0.1d)"
158.108.99.12 - - [19/Aug/2014:14:40:29 +0700] "GET /elab HTTP/1.1" 302 483 "-" "Mozilla/5.0 (X11; Ubuntu; Linux i686; rv:20.0) Gecko/20100101 Firefox/20.0"
1.4.18.94 - - [19/Aug/2014:14:40:10 +0700] "GET / HTTP/1.1" 206 606290 "-" "KillApachePy (0.1d)"
158.108.96.75 - - [19/Aug/2014:14:39:47 +0700] "POST /elab/accounts/login/ HTTP/1.1" 200 1520 "https://cloud3.cpe.ku.ac.th/elab/accounts/login/?next=/elab/" "Mozilla/5.0 (X11; Ubuntu; Linux i686; rv:20.0) Gecko/20100101 Firefox/20.0"
1.4.18.94 - - [19/Aug/2014:14:40:12 +0700] "GET / HTTP/1.1" 206 606290 "-" "KillApachePy (0.1d)"
1.4.18.94 - - [19/Aug/2014:14:39:37 +0700] "GET / HTTP/1.1" 206 606290 "-" "KillApachePy (0.1d)"
1.4.18.94 - - [19/Aug/2014:14:39:39 +0700] "GET / HTTP/1.1" 206 606290 "-" "KillApachePy (0.1d)"
1.4.18.94 - - [19/Aug/2014:14:39:40 +0700] "GET / HTTP/1.1" 206 606290 "-" "KillApachePy (0.1d)"
158.108.45.1093 - - [19/Aug/2014:14:39:52 +0700] "POST /elab/accounts/login/ HTTP/1.1" 302 - "https://cloud3.cpe.ku.ac.th/elab/accounts/login/?next=/elab/" "Mozilla/5.0 (X11; Linux i686) AppleWebKit/537.36 (KHTML, like Gecko) Chrome/30.0.1599.114 Safari/537.36"
1.4.18.94 - - [19/Aug/2014:14:40:17 +0700] "GET / HTTP/1.1" 206 606290 "-" "KillApachePy (0.1d)"
1.4.18.94 - - [19/Aug/2014:14:39:38 +0700] "GET / HTTP/1.1" 206 606290 "-" "KillApachePy (0.1d)"
1.4.18.94 - - [19/Aug/2014:14:40:18 +0700] "GET / HTTP/1.1" 206 606290 "-" "KillApachePy (0.1d)"
158.108.241.198 - - [19/Aug/2014:14:40:33 +0700] "GET /elab/accounts/login?next=/elab/ HTTP/1.1" 301 - "-" "Mozilla/5.0 (X11; Ubuntu; Linux i686; rv:20.0) Gecko/20100101 Firefox/20.0"
158.108.241.198 - - [19/Aug/2014:14:40:33 +0700] "GET /elab HTTP/1.1" 302 485 "-" "Mozilla/5.0 (X11; Ubuntu; Linux i686; rv:20.0) Gecko/20100101 Firefox/20.0"
158.108.241.198 - - [19/Aug/2014:14:40:33 +0700] "GET /elab/ HTTP/1.1" 302 - "-" "Mozilla/5.0 (X11; Ubuntu; Linux i686; rv:20.0) Gecko/20100101 Firefox/20.0"
158.108.241.198 - - [19/Aug/2014:14:40:34 +0700] "GET /elab/accounts/login?next=/elab/ HTTP/1.1" 301 - "-" "Mozilla/5.0 (X11; Ubuntu; Linux i686; rv:20.0) Gecko/20100101 Firefox/20.0"
1.4.18.94 - - [19/Aug/2014:14:39:40 +0700] "GET / HTTP/1.1" 206 606290 "-" "KillApachePy (0.1d)"
1.4.18.94 - - [19/Aug/2014:14:40:18 +0700] "GET / HTTP/1.1" 206 606290 "-" "KillApachePy (0.1d)"
1.4.18.94 - - [19/Aug/2014:14:40:16 +0700] "GET / HTTP/1.1" 206 606290 "-" "KillApachePy (0.1d)"
1.4.18.94 - - [19/Aug/2014:14:40:19 +0700] "GET / HTTP/1.1" 206 606290 "-" "KillApachePy (0.1d)"
1.4.18.94 - - [19/Aug/2014:14:40:18 +0700] "GET / HTTP/1.1" 206 606290 "-" "KillApachePy (0.1d)"
1.4.18.94 - - [19/Aug/2014:14:39:39 +0700] "GET / HTTP/1.1" 206 606290 "-" "KillApachePy (0.1d)"
1.4.18.94 - - [19/Aug/2014:14:39:37 +0700] "GET / HTTP/1.1" 206 606290 "-" "KillApachePy (0.1d)"
1.4.18.94 - - [19/Aug/2014:14:39:42 +0700] "GET / HTTP/1.1" 206 606290 "-" "KillApachePy (0.1d)"
1.4.18.94 - - [19/Aug/2014:14:40:19 +0700] "GET / HTTP/1.1" 206 606290 "-" "KillApachePy (0.1d)"
1.4.18.94 - - [19/Aug/2014:14:39:42 +0700] "GET / HTTP/1.1" 206 606290 "-" "KillApachePy (0.1d)"
1.4.18.94 - - [19/Aug/2014:14:39:42 +0700] "GET / HTTP/1.1" 206 606290 "-" "KillApachePy (0.1d)"
1.4.18.94 - - [19/Aug/2014:14:39:39 +0700] "GET / HTTP/1.1" 206 606290 "-" "KillApachePy (0.1d)"
1.4.18.94 - - [19/Aug/2014:14:39:42 +0700] "GET / HTTP/1.1" 206 606290 "-" "KillApachePy (0.1d)"
1.4.18.94 - - [19/Aug/2014:14:40:19 +0700] "GET / HTTP/1.1" 206 606290 "-" "KillApachePy (0.1d)"
1.4.18.94 - - [19/Aug/2014:14:40:22 +0700] "GET / HTTP/1.1" 206 606290 "-" "KillApachePy (0.1d)"
1.4.18.94 - - [19/Aug/2014:14:39:40 +0700] "GET / HTTP/1.1" 206 606290 "-" "KillApachePy (0.1d)"
1.4.18.94 - - [19/Aug/2014:14:39:42 +0700] "GET / HTTP/1.1" 206 606290 "-" "KillApachePy (0.1d)"
1.4.18.94 - - [19/Aug/2014:14:39:38 +0700] "GET / HTTP/1.1" 206 606290 "-" "KillApachePy (0.1d)"
1.4.18.94 - - [19/Aug/2014:14:40:23 +0700] "GET / HTTP/1.1" 206 606290 "-" "KillApachePy (0.1d)"
158.108.240.204 - - [19/Aug/2014:14:39:59 +0700] "POST /elab/accounts/login/ HTTP/1.1" 302 - "https://cloud3.cpe.ku.ac.th/elab/accounts/login/?next=/elab/" "Mozilla/5.0 (X11; Ubuntu; Linux i686; rv:20.0) Gecko/20100101 Firefox/20.0"
1.4.18.94 - - [19/Aug/2014:14:40:23 +0700] "GET / HTTP/1.1" 206 606290 "-" "KillApachePy (0.1d)"
158.108.98.122 - - [19/Aug/2014:14:39:59 +0700] "GET /elab/accounts/login/?next=/elab/ HTTP/1.1" 200 1360 "-" "Mozilla/5.0 (X11; Ubuntu; Linux i686; rv:20.0) Gecko/20100101 Firefox/20.0"
1.4.18.94 - - [19/Aug/2014:14:39:43 +0700] "GET / HTTP/1.1" 206 606290 "-" "KillApachePy (0.1d)"
158.108.241.198 - - [19/Aug/2014:14:40:34 +0700] "GET /elab/accounts/login/?next=/elab/ HTTP/1.1" 200 1360 "-" "Mozilla/5.0 (X11; Ubuntu; Linux i686; rv:20.0) Gecko/20100101 Firefox/20.0"
158.108.241.198 - - [19/Aug/2014:14:40:45 +0700] "GET /elab_media//css/base.css HTTP/1.1" 200 9213 "https://cloud3.cpe.ku.ac.th/elab/accounts/login/?next=/elab/" "Mozilla/5.0 (X11; Ubuntu; Linux i686; rv:20.0) Gecko/20100101 Firefox/20.0"
158.108.241.198 - - [19/Aug/2014:14:40:45 +0700] "GET /favicon.ico HTTP/1.1" 404 477 "-" "Mozilla/5.0 (X11; Ubuntu; Linux i686; rv:20.0) Gecko/20100101 Firefox/20.0"
158.108.241.198 - - [19/Aug/2014:14:40:45 +0700] "GET /favicon.ico HTTP/1.1" 404 477 "-" "Mozilla/5.0 (X11; Ubuntu; Linux i686; rv:20.0) Gecko/20100101 Firefox/20.0"
1.4.18.94 - - [19/Aug/2014:14:39:42 +0700] "GET / HTTP/1.1" 206 606290 "-" "KillApachePy (0.1d)"
1.4.18.94 - - [19/Aug/2014:14:39:41 +0700] "GET / HTTP/1.1" 206 606290 "-" "KillApachePy (0.1d)"
1.4.18.94 - - [19/Aug/2014:14:39:46 +0700] "GET / HTTP/1.1" 206 606290 "-" "KillApachePy (0.1d)"
158.108.97.14 - - [19/Aug/2014:14:40:46 +0700] "GET /elab HTTP/1.1" 302 485 "-" "Mozilla/5.0 (X11; Ubuntu; Linux i686; rv:20.0) Gecko/20100101 Firefox/20.0"
1.4.18.94 - - [19/Aug/2014:14:40:25 +0700] "GET / HTTP/1.1" 206 606290 "-" "KillApachePy (0.1d)"
1.4.18.94 - - [19/Aug/2014:14:39:43 +0700] "GET / HTTP/1.1" 206 606290 "-" "KillApachePy (0.1d)"
1.4.18.94 - - [19/Aug/2014:14:39:40 +0700] "GET / HTTP/1.1" 206 606290 "-" "KillApachePy (0.1d)"
1.4.18.94 - - [19/Aug/2014:14:40:28 +0700] "GET / HTTP/1.1" 206 606290 "-" "KillApachePy (0.1d)"
1.4.18.94 - - [19/Aug/2014:14:39:51 +0700] "GET / HTTP/1.1" 206 606290 "-" "KillApachePy (0.1d)"
1.4.18.94 - - [19/Aug/2014:14:40:28 +0700] "GET / HTTP/1.1" 206 606290 "-" "KillApachePy (0.1d)"
1.4.18.94 - - [19/Aug/2014:14:39:42 +0700] "GET / HTTP/1.1" 206 606290 "-" "KillApachePy (0.1d)"
1.4.18.94 - - [19/Aug/2014:14:40:29 +0700] "GET / HTTP/1.1" 206 606290 "-" "KillApachePy (0.1d)"
1.4.18.94 - - [19/Aug/2014:14:39:43 +0700] "GET / HTTP/1.1" 206 606290 "-" "KillApachePy (0.1d)"
1.4.18.94 - - [19/Aug/2014:14:40:28 +0700] "GET / HTTP/1.1" 206 606290 "-" "KillApachePy (0.1d)"
1.4.18.94 - - [19/Aug/2014:14:39:42 +0700] "GET / HTTP/1.1" 206 606290 "-" "KillApachePy (0.1d)"
158.108.45.1093 - - [19/Aug/2014:14:40:44 +0700] "POST /elab/accounts/login/ HTTP/1.1" 302 - "https://cloud3.cpe.ku.ac.th/elab/accounts/login/?next=/elab/" "Mozilla/5.0 (X11; Linux i686) AppleWebKit/537.36 (KHTML, like Gecko) Chrome/30.0.1599.114 Safari/537.36"
1.4.18.94 - - [19/Aug/2014:14:39:46 +0700] "GET / HTTP/1.1" 206 606290 "-" "KillApachePy (0.1d)"
1.4.18.94 - - [19/Aug/2014:14:39:46 +0700] "GET / HTTP/1.1" 206 606290 "-" "KillApachePy (0.1d)"
1.4.18.94 - - [19/Aug/2014:14:40:29 +0700] "GET / HTTP/1.1" 206 606290 "-" "KillApachePy (0.1d)"
1.4.18.94 - - [19/Aug/2014:14:39:42 +0700] "GET / HTTP/1.1" 206 606290 "-" "KillApachePy (0.1d)"
1.4.18.94 - - [19/Aug/2014:14:39:45 +0700] "GET / HTTP/1.1" 206 606290 "-" "KillApachePy (0.1d)"
1.4.18.94 - - [19/Aug/2014:14:39:45 +0700] "GET / HTTP/1.1" 206 606290 "-" "KillApachePy (0.1d)"
1.4.18.94 - - [19/Aug/2014:14:40:29 +0700] "GET / HTTP/1.1" 206 606290 "-" "KillApachePy (0.1d)"
1.4.18.94 - - [19/Aug/2014:14:40:32 +0700] "GET / HTTP/1.1" 206 606290 "-" "KillApachePy (0.1d)"
1.4.18.94 - - [19/Aug/2014:14:39:46 +0700] "GET / HTTP/1.1" 206 606290 "-" "KillApachePy (0.1d)"
1.4.18.94 - - [19/Aug/2014:14:39:53 +0700] "GET / HTTP/1.1" 206 606290 "-" "KillApachePy (0.1d)"
1.4.18.94 - - [19/Aug/2014:14:40:33 +0700] "GET / HTTP/1.1" 206 606290 "-" "KillApachePy (0.1d)"
1.4.18.94 - - [19/Aug/2014:14:40:36 +0700] "GET / HTTP/1.1" 206 606290 "-" "KillApachePy (0.1d)"
1.4.18.94 - - [19/Aug/2014:14:40:32 +0700] "GET / HTTP/1.1" 206 606290 "-" "KillApachePy (0.1d)"
1.4.18.94 - - [19/Aug/2014:14:40:31 +0700] "GET / HTTP/1.1" 206 606290 "-" "KillApachePy (0.1d)"
1.4.18.94 - - [19/Aug/2014:14:40:31 +0700] "GET / HTTP/1.1" 206 606290 "-" "KillApachePy (0.1d)"
1.4.18.94 - - [19/Aug/2014:14:40:29 +0700] "GET / HTTP/1.1" 206 606290 "-" "KillApachePy (0.1d)"
158.108.99.30 - - [19/Aug/2014:14:40:54 +0700] "GET /elab HTTP/1.1" 302 483 "-" "Mozilla/5.0 (X11; Ubuntu; Linux i686; rv:20.0) Gecko/20100101 Firefox/20.0"
1.4.18.94 - - [19/Aug/2014:14:39:44 +0700] "GET / HTTP/1.1" 206 606290 "-" "KillApachePy (0.1d)"
158.108.104.196 - - [19/Aug/2014:14:40:02 +0700] "GET /elab/accounts/login/?next=/elab/ HTTP/1.1" 200 1360 "-" "Mozilla/5.0 (X11; Ubuntu; Linux i686; rv:20.0) Gecko/20100101 Firefox/20.0"
1.4.18.94 - - [19/Aug/2014:14:40:37 +0700] "GET / HTTP/1.1" 206 606290 "-" "KillApachePy (0.1d)"
1.4.18.94 - - [19/Aug/2014:14:39:53 +0700] "GET / HTTP/1.1" 206 606290 "-" "KillApachePy (0.1d)"
1.4.18.94 - - [19/Aug/2014:14:40:36 +0700] "GET / HTTP/1.1" 206 606290 "-" "KillApachePy (0.1d)"
1.4.18.94 - - [19/Aug/2014:14:40:39 +0700] "GET / HTTP/1.1" 206 606290 "-" "KillApachePy (0.1d)"
1.4.18.94 - - [19/Aug/2014:14:39:51 +0700] "GET / HTTP/1.1" 206 606290 "-" "KillApachePy (0.1d)"
1.4.18.94 - - [19/Aug/2014:14:40:38 +0700] "GET / HTTP/1.1" 206 606290 "-" "KillApachePy (0.1d)"
1.4.18.94 - - [19/Aug/2014:14:39:43 +0700] "GET / HTTP/1.1" 206 606290 "-" "KillApachePy (0.1d)"
1.4.18.94 - - [19/Aug/2014:14:39:47 +0700] "GET / HTTP/1.1" 206 606290 "-" "KillApachePy (0.1d)"
1.4.18.94 - - [19/Aug/2014:14:39:46 +0700] "GET / HTTP/1.1" 206 606290 "-" "KillApachePy (0.1d)"
1.4.18.94 - - [19/Aug/2014:14:40:40 +0700] "GET / HTTP/1.1" 206 606290 "-" "KillApachePy (0.1d)"
1.4.18.94 - - [19/Aug/2014:14:40:38 +0700] "GET / HTTP/1.1" 206 606290 "-" "KillApachePy (0.1d)"
1.4.18.94 - - [19/Aug/2014:14:40:38 +0700] "GET / HTTP/1.1" 206 606290 "-" "KillApachePy (0.1d)"
1.4.18.94 - - [19/Aug/2014:14:40:37 +0700] "GET / HTTP/1.1" 206 606290 "-" "KillApachePy (0.1d)"
1.4.18.94 - - [19/Aug/2014:14:40:36 +0700] "GET / HTTP/1.1" 206 606290 "-" "KillApachePy (0.1d)"
1.4.18.94 - - [19/Aug/2014:14:40:38 +0700] "GET / HTTP/1.1" 206 606290 "-" "KillApachePy (0.1d)"
1.4.18.94 - - [19/Aug/2014:14:39:47 +0700] "GET / HTTP/1.1" 206 606290 "-" "KillApachePy (0.1d)"
1.4.18.94 - - [19/Aug/2014:14:40:36 +0700] "GET / HTTP/1.1" 206 606290 "-" "KillApachePy (0.1d)"
1.4.18.94 - - [19/Aug/2014:14:40:38 +0700] "GET / HTTP/1.1" 206 606290 "-" "KillApachePy (0.1d)"
1.4.18.94 - - [19/Aug/2014:14:40:39 +0700] "GET / HTTP/1.1" 206 606290 "-" "KillApachePy (0.1d)"
1.4.18.94 - - [19/Aug/2014:14:40:37 +0700] "GET / HTTP/1.1" 206 606290 "-" "KillApachePy (0.1d)"
1.4.18.94 - - [19/Aug/2014:14:39:47 +0700] "GET / HTTP/1.1" 206 606290 "-" "KillApachePy (0.1d)"
1.4.18.94 - - [19/Aug/2014:14:40:39 +0700] "GET / HTTP/1.1" 206 606290 "-" "KillApachePy (0.1d)"
158.108.96.17 - - [19/Aug/2014:14:40:58 +0700] "POST /elab/accounts/login/ HTTP/1.1" 302 - "https://cloud3.cpe.ku.ac.th/elab/accounts/login/?next=/elab/" "Mozilla/5.0 (X11; Ubuntu; Linux i686; rv:26.0) Gecko/20100101 Firefox/26.0"
1.4.18.94 - - [19/Aug/2014:14:40:46 +0700] "GET / HTTP/1.1" 206 606290 "-" "KillApachePy (0.1d)"
1.4.18.94 - - [19/Aug/2014:14:39:46 +0700] "GET / HTTP/1.1" 206 606290 "-" "KillApachePy (0.1d)"
158.108.96.18 - - [19/Aug/2014:14:41:06 +0700] "GET / HTTP/1.1" 200 1990 "-" "Mozilla/5.0 (X11; Ubuntu; Linux i686; rv:20.0) Gecko/20100101 Firefox/20.0"
1.4.18.94 - - [19/Aug/2014:14:40:48 +0700] "GET / HTTP/1.1" 206 606290 "-" "KillApachePy (0.1d)"
1.4.18.94 - - [19/Aug/2014:14:41:02 +0700] "GET / HTTP/1.1" 206 606290 "-" "KillApachePy (0.1d)"
1.4.18.94 - - [19/Aug/2014:14:40:44 +0700] "GET / HTTP/1.1" 206 606290 "-" "KillApachePy (0.1d)"
1.4.18.94 - - [19/Aug/2014:14:39:47 +0700] "GET / HTTP/1.1" 206 606290 "-" "KillApachePy (0.1d)"
1.4.18.94 - - [19/Aug/2014:14:40:54 +0700] "GET / HTTP/1.1" 206 606290 "-" "KillApachePy (0.1d)"
1.4.18.94 - - [19/Aug/2014:14:41:01 +0700] "GET / HTTP/1.1" 206 606290 "-" "KillApachePy (0.1d)"
1.4.18.94 - - [19/Aug/2014:14:41:02 +0700] "GET / HTTP/1.1" 206 606290 "-" "KillApachePy (0.1d)"
1.4.18.94 - - [19/Aug/2014:14:41:01 +0700] "GET / HTTP/1.1" 206 606290 "-" "KillApachePy (0.1d)"
1.4.18.94 - - [19/Aug/2014:14:40:00 +0700] "GET / HTTP/1.1" 206 606290 "-" "KillApachePy (0.1d)"
1.4.18.94 - - [19/Aug/2014:14:40:48 +0700] "GET / HTTP/1.1" 206 606290 "-" "KillApachePy (0.1d)"
1.4.18.94 - - [19/Aug/2014:14:41:06 +0700] "GET / HTTP/1.1" 206 606290 "-" "KillApachePy (0.1d)"
1.4.18.94 - - [19/Aug/2014:14:40:44 +0700] "GET / HTTP/1.1" 206 606290 "-" "KillApachePy (0.1d)"
1.4.18.94 - - [19/Aug/2014:14:40:49 +0700] "GET / HTTP/1.1" 206 606290 "-" "KillApachePy (0.1d)"
1.4.18.94 - - [19/Aug/2014:14:39:55 +0700] "GET / HTTP/1.1" 206 606290 "-" "KillApachePy (0.1d)"
1.4.18.94 - - [19/Aug/2014:14:40:51 +0700] "GET / HTTP/1.1" 206 606290 "-" "KillApachePy (0.1d)"
1.4.18.94 - - [19/Aug/2014:14:39:55 +0700] "GET / HTTP/1.1" 206 606290 "-" "KillApachePy (0.1d)"
1.4.18.94 - - [19/Aug/2014:14:41:08 +0700] "GET / HTTP/1.1" 206 606290 "-" "KillApachePy (0.1d)"
158.108.241.198 - - [19/Aug/2014:14:41:12 +0700] "GET /elab/accounts/login/?next=/elab/ HTTP/1.1" 200 1360 "-" "Mozilla/5.0 (X11; Ubuntu; Linux i686; rv:20.0) Gecko/20100101 Firefox/20.0"
1.4.18.94 - - [19/Aug/2014:14:41:08 +0700] "GET / HTTP/1.1" 206 606290 "-" "KillApachePy (0.1d)"
1.4.18.94 - - [19/Aug/2014:14:40:50 +0700] "GET / HTTP/1.1" 206 606290 "-" "KillApachePy (0.1d)"
158.108.241.198 - - [19/Aug/2014:14:41:14 +0700] "GET /elab_media//css/base.css HTTP/1.1" 304 - "https://cloud3.cpe.ku.ac.th/elab/accounts/login/?next=/elab/" "Mozilla/5.0 (X11; Ubuntu; Linux i686; rv:20.0) Gecko/20100101 Firefox/20.0"
1.4.18.94 - - [19/Aug/2014:14:39:51 +0700] "GET / HTTP/1.1" 206 606290 "-" "KillApachePy (0.1d)"
1.4.18.94 - - [19/Aug/2014:14:40:49 +0700] "GET / HTTP/1.1" 206 606290 "-" "KillApachePy (0.1d)"
1.4.18.94 - - [19/Aug/2014:14:41:07 +0700] "GET / HTTP/1.1" 206 606290 "-" "KillApachePy (0.1d)"
1.4.18.94 - - [19/Aug/2014:14:40:51 +0700] "GET / HTTP/1.1" 206 606290 "-" "KillApachePy (0.1d)"
1.4.18.94 - - [19/Aug/2014:14:39:59 +0700] "GET / HTTP/1.1" 206 606290 "-" "KillApachePy (0.1d)"
1.4.18.94 - - [19/Aug/2014:14:41:08 +0700] "GET / HTTP/1.1" 206 606290 "-" "KillApachePy (0.1d)"
1.4.18.94 - - [19/Aug/2014:14:41:08 +0700] "GET / HTTP/1.1" 206 606290 "-" "KillApachePy (0.1d)"
1.4.18.94 - - [19/Aug/2014:14:41:07 +0700] "GET / HTTP/1.1" 206 606290 "-" "KillApachePy (0.1d)"
1.4.18.94 - - [19/Aug/2014:14:41:08 +0700] "GET / HTTP/1.1" 206 606290 "-" "KillApachePy (0.1d)"
1.4.18.94 - - [19/Aug/2014:14:41:09 +0700] "GET / HTTP/1.1" 206 606290 "-" "KillApachePy (0.1d)"
1.4.18.94 - - [19/Aug/2014:14:40:53 +0700] "GET / HTTP/1.1" 206 606290 "-" "KillApachePy (0.1d)"
1.4.18.94 - - [19/Aug/2014:14:40:50 +0700] "GET / HTTP/1.1" 206 606290 "-" "KillApachePy (0.1d)"
1.4.18.94 - - [19/Aug/2014:14:39:50 +0700] "GET / HTTP/1.1" 206 606290 "-" "KillApachePy (0.1d)"
1.4.18.94 - - [19/Aug/2014:14:40:54 +0700] "GET / HTTP/1.1" 206 606290 "-" "KillApachePy (0.1d)"
1.4.18.94 - - [19/Aug/2014:14:40:50 +0700] "GET / HTTP/1.1" 206 606290 "-" "KillApachePy (0.1d)"
1.4.18.94 - - [19/Aug/2014:14:40:50 +0700] "GET / HTTP/1.1" 206 606290 "-" "KillApachePy (0.1d)"
1.4.18.94 - - [19/Aug/2014:14:40:54 +0700] "GET / HTTP/1.1" 206 606290 "-" "KillApachePy (0.1d)"
1.4.18.94 - - [19/Aug/2014:14:40:54 +0700] "GET / HTTP/1.1" 206 606290 "-" "KillApachePy (0.1d)"
1.4.18.94 - - [19/Aug/2014:14:40:49 +0700] "GET / HTTP/1.1" 206 606290 "-" "KillApachePy (0.1d)"
158.108.102.68 - - [19/Aug/2014:14:41:18 +0700] "GET / HTTP/1.1" 200 1990 "-" "Mozilla/5.0 (X11; Ubuntu; Linux i686; rv:20.0) Gecko/20100101 Firefox/20.0"
1.4.18.94 - - [19/Aug/2014:14:40:54 +0700] "GET / HTTP/1.1" 206 606290 "-" "KillApachePy (0.1d)"
10.2.78.119 - - [19/Aug/2014:14:40:03 +0700] "GET /elab/admin/lab/section/277/ HTTP/1.1" 500 944 "-" "Mozilla/5.0 (Macintosh; Intel Mac OS X 10_9_2) AppleWebKit/537.74.9 (KHTML, like Gecko) Version/7.0.2 Safari/537.74.9"
1.4.18.94 - - [19/Aug/2014:14:40:56 +0700] "GET / HTTP/1.1" 206 606290 "-" "KillApachePy (0.1d)"
1.4.18.94 - - [19/Aug/2014:14:40:57 +0700] "GET / HTTP/1.1" 206 606290 "-" "KillApachePy (0.1d)"
1.4.18.94 - - [19/Aug/2014:14:40:51 +0700] "GET / HTTP/1.1" 206 606290 "-" "KillApachePy (0.1d)"
1.4.18.94 - - [19/Aug/2014:14:40:54 +0700] "GET / HTTP/1.1" 206 606290 "-" "KillApachePy (0.1d)"
1.4.18.94 - - [19/Aug/2014:14:40:57 +0700] "GET / HTTP/1.1" 206 606290 "-" "KillApachePy (0.1d)"
158.108.96.18 - - [19/Aug/2014:14:40:13 +0700] "GET /elab/accounts/login/?next=/elab/ HTTP/1.1" 200 1360 "-" "Mozilla/5.0 (X11; Ubuntu; Linux i686; rv:20.0) Gecko/20100101 Firefox/20.0"
158.108.96.18 - - [19/Aug/2014:14:41:19 +0700] "GET /elab_media//css/base.css HTTP/1.1" 200 9213 "https://cloud3.cpe.ku.ac.th/elab/accounts/login/?next=/elab/" "Mozilla/5.0 (X11; Ubuntu; Linux i686; rv:20.0) Gecko/20100101 Firefox/20.0"
158.108.241.198 - - [19/Aug/2014:14:41:16 +0700] "GET /elab/accounts/login/?next=/elab/ HTTP/1.1" 200 1360 "-" "Mozilla/5.0 (X11; Ubuntu; Linux i686; rv:20.0) Gecko/20100101 Firefox/20.0"
158.108.96.18 - - [19/Aug/2014:14:41:20 +0700] "GET /favicon.ico HTTP/1.1" 404 477 "-" "Mozilla/5.0 (X11; Ubuntu; Linux i686; rv:20.0) Gecko/20100101 Firefox/20.0"
1.4.18.94 - - [19/Aug/2014:14:40:51 +0700] "GET / HTTP/1.1" 206 606290 "-" "KillApachePy (0.1d)"
158.108.96.18 - - [19/Aug/2014:14:41:20 +0700] "GET /favicon.ico HTTP/1.1" 404 477 "-" "Mozilla/5.0 (X11; Ubuntu; Linux i686; rv:20.0) Gecko/20100101 Firefox/20.0"
158.108.241.198 - - [19/Aug/2014:14:41:20 +0700] "GET /elab_media//css/base.css HTTP/1.1" 304 - "https://cloud3.cpe.ku.ac.th/elab/accounts/login/?next=/elab/" "Mozilla/5.0 (X11; Ubuntu; Linux i686; rv:20.0) Gecko/20100101 Firefox/20.0"
1.4.18.94 - - [19/Aug/2014:14:40:52 +0700] "GET / HTTP/1.1" 206 606290 "-" "KillApachePy (0.1d)"
1.4.18.94 - - [19/Aug/2014:14:40:58 +0700] "GET / HTTP/1.1" 206 606290 "-" "KillApachePy (0.1d)"
1.4.18.94 - - [19/Aug/2014:14:40:52 +0700] "GET / HTTP/1.1" 206 606290 "-" "KillApachePy (0.1d)"
1.4.18.94 - - [19/Aug/2014:14:40:54 +0700] "GET / HTTP/1.1" 206 606290 "-" "KillApachePy (0.1d)"
1.4.18.94 - - [19/Aug/2014:14:39:54 +0700] "GET / HTTP/1.1" 206 606290 "-" "KillApachePy (0.1d)"
1.4.18.94 - - [19/Aug/2014:14:40:58 +0700] "GET / HTTP/1.1" 206 606290 "-" "KillApachePy (0.1d)"
1.4.18.94 - - [19/Aug/2014:14:40:58 +0700] "GET / HTTP/1.1" 206 606290 "-" "KillApachePy (0.1d)"
1.4.18.94 - - [19/Aug/2014:14:40:58 +0700] "GET / HTTP/1.1" 206 606290 "-" "KillApachePy (0.1d)"
1.4.18.94 - - [19/Aug/2014:14:40:59 +0700] "GET / HTTP/1.1" 206 606290 "-" "KillApachePy (0.1d)"
1.4.18.94 - - [19/Aug/2014:14:40:58 +0700] "GET / HTTP/1.1" 206 606290 "-" "KillApachePy (0.1d)"
1.4.18.94 - - [19/Aug/2014:14:41:14 +0700] "GET / HTTP/1.1" 206 606290 "-" "KillApachePy (0.1d)"
1.4.18.94 - - [19/Aug/2014:14:40:54 +0700] "GET / HTTP/1.1" 206 606290 "-" "KillApachePy (0.1d)"
1.4.18.94 - - [19/Aug/2014:14:40:58 +0700] "GET / HTTP/1.1" 206 606290 "-" "KillApachePy (0.1d)"
1.4.18.94 - - [19/Aug/2014:14:40:54 +0700] "GET / HTTP/1.1" 206 606290 "-" "KillApachePy (0.1d)"
1.4.18.94 - - [19/Aug/2014:14:40:57 +0700] "GET / HTTP/1.1" 206 606290 "-" "KillApachePy (0.1d)"
1.4.18.94 - - [19/Aug/2014:14:41:01 +0700] "GET / HTTP/1.1" 206 606290 "-" "KillApachePy (0.1d)"
1.4.18.94 - - [19/Aug/2014:14:40:59 +0700] "GET / HTTP/1.1" 206 606290 "-" "KillApachePy (0.1d)"
1.4.18.94 - - [19/Aug/2014:14:40:58 +0700] "GET / HTTP/1.1" 206 606290 "-" "KillApachePy (0.1d)"
1.4.18.94 - - [19/Aug/2014:14:41:14 +0700] "GET / HTTP/1.1" 206 606290 "-" "KillApachePy (0.1d)"
1.4.18.94 - - [19/Aug/2014:14:41:14 +0700] "GET / HTTP/1.1" 206 606290 "-" "KillApachePy (0.1d)"
1.4.18.94 - - [19/Aug/2014:14:40:58 +0700] "GET / HTTP/1.1" 206 606290 "-" "KillApachePy (0.1d)"
158.108.96.86 - - [19/Aug/2014:14:41:22 +0700] "GET / HTTP/1.1" 304 - "-" "Mozilla/5.0 (X11; Ubuntu; Linux i686; rv:20.0) Gecko/20100101 Firefox/20.0"
1.4.18.94 - - [19/Aug/2014:14:40:55 +0700] "GET / HTTP/1.1" 206 606290 "-" "KillApachePy (0.1d)"
1.4.18.94 - - [19/Aug/2014:14:41:15 +0700] "GET / HTTP/1.1" 206 606290 "-" "KillApachePy (0.1d)"
1.4.18.94 - - [19/Aug/2014:14:41:14 +0700] "GET / HTTP/1.1" 206 606290 "-" "KillApachePy (0.1d)"
1.4.18.94 - - [19/Aug/2014:14:40:54 +0700] "GET / HTTP/1.1" 206 606290 "-" "KillApachePy (0.1d)"
1.4.18.94 - - [19/Aug/2014:14:41:00 +0700] "GET / HTTP/1.1" 206 606290 "-" "KillApachePy (0.1d)"
1.4.18.94 - - [19/Aug/2014:14:41:12 +0700] "GET / HTTP/1.1" 206 606290 "-" "KillApachePy (0.1d)"
1.4.18.94 - - [19/Aug/2014:14:41:00 +0700] "GET / HTTP/1.1" 206 606290 "-" "KillApachePy (0.1d)"
1.4.18.94 - - [19/Aug/2014:14:40:57 +0700] "GET / HTTP/1.1" 206 606290 "-" "KillApachePy (0.1d)"
1.4.18.94 - - [19/Aug/2014:14:41:14 +0700] "GET / HTTP/1.1" 206 606290 "-" "KillApachePy (0.1d)"
1.4.18.94 - - [19/Aug/2014:14:41:15 +0700] "GET / HTTP/1.1" 206 606290 "-" "KillApachePy (0.1d)"
1.4.18.94 - - [19/Aug/2014:14:41:15 +0700] "GET / HTTP/1.1" 206 606290 "-" "KillApachePy (0.1d)"
1.4.18.94 - - [19/Aug/2014:14:41:15 +0700] "GET / HTTP/1.1" 206 606290 "-" "KillApachePy (0.1d)"
1.4.18.94 - - [19/Aug/2014:14:39:48 +0700] "GET / HTTP/1.1" 206 606290 "-" "KillApachePy (0.1d)"
1.4.18.94 - - [19/Aug/2014:14:41:16 +0700] "GET / HTTP/1.1" 206 606290 "-" "KillApachePy (0.1d)"
1.4.18.94 - - [19/Aug/2014:14:41:15 +0700] "GET / HTTP/1.1" 206 606290 "-" "KillApachePy (0.1d)"
1.4.18.94 - - [19/Aug/2014:14:41:15 +0700] "GET / HTTP/1.1" 206 606290 "-" "KillApachePy (0.1d)"
1.4.18.94 - - [19/Aug/2014:14:41:14 +0700] "GET / HTTP/1.1" 206 606290 "-" "KillApachePy (0.1d)"
1.4.18.94 - - [19/Aug/2014:14:41:15 +0700] "GET / HTTP/1.1" 206 606290 "-" "KillApachePy (0.1d)"
1.4.18.94 - - [19/Aug/2014:14:41:16 +0700] "GET / HTTP/1.1" 206 606290 "-" "KillApachePy (0.1d)"
158.108.102.217 - - [19/Aug/2014:14:40:11 +0700] "POST /elab/accounts/login/ HTTP/1.1" 302 - "https://cloud3.cpe.ku.ac.th/elab/accounts/login/?next=/elab/" "Mozilla/5.0 (X11; Ubuntu; Linux i686; rv:20.0) Gecko/20100101 Firefox/20.0"
158.108.96.193 - - [19/Aug/2014:14:41:24 +0700] "GET /elab/accounts/login/?next=/elab/ HTTP/1.1" 200 1360 "-" "Mozilla/5.0 (X11; Ubuntu; Linux i686; rv:20.0) Gecko/20100101 Firefox/20.0"
158.108.96.193 - - [19/Aug/2014:14:41:25 +0700] "GET /elab_media//css/base.css HTTP/1.1" 304 - "https://cloud3.cpe.ku.ac.th/elab/accounts/login/?next=/elab/" "Mozilla/5.0 (X11; Ubuntu; Linux i686; rv:20.0) Gecko/20100101 Firefox/20.0"
158.108.97.14 - - [19/Aug/2014:14:40:09 +0700] "GET /elab/ HTTP/1.1" 302 - "-" "Mozilla/5.0 (X11; Ubuntu; Linux i686; rv:20.0) Gecko/20100101 Firefox/20.0"
1.4.18.94 - - [19/Aug/2014:14:41:17 +0700] "GET / HTTP/1.1" 206 606290 "-" "KillApachePy (0.1d)"
1.4.18.94 - - [19/Aug/2014:14:41:18 +0700] "GET / HTTP/1.1" 206 606290 "-" "KillApachePy (0.1d)"
1.4.18.94 - - [19/Aug/2014:14:39:54 +0700] "GET / HTTP/1.1" 206 606290 "-" "KillApachePy (0.1d)"
1.4.18.94 - - [19/Aug/2014:14:41:17 +0700] "GET / HTTP/1.1" 206 606290 "-" "KillApachePy (0.1d)"
1.4.18.94 - - [19/Aug/2014:14:40:01 +0700] "GET / HTTP/1.1" 206 606290 "-" "KillApachePy (0.1d)"
1.4.18.94 - - [19/Aug/2014:14:41:15 +0700] "GET / HTTP/1.1" 206 606290 "-" "KillApachePy (0.1d)"
1.4.18.94 - - [19/Aug/2014:14:41:17 +0700] "GET / HTTP/1.1" 206 606290 "-" "KillApachePy (0.1d)"
1.4.18.94 - - [19/Aug/2014:14:41:18 +0700] "GET / HTTP/1.1" 206 606290 "-" "KillApachePy (0.1d)"
1.4.18.94 - - [19/Aug/2014:14:41:16 +0700] "GET / HTTP/1.1" 206 606290 "-" "KillApachePy (0.1d)"
1.4.18.94 - - [19/Aug/2014:14:39:57 +0700] "GET / HTTP/1.1" 206 606290 "-" "KillApachePy (0.1d)"
1.4.18.94 - - [19/Aug/2014:14:39:58 +0700] "GET / HTTP/1.1" 206 606290 "-" "KillApachePy (0.1d)"
1.4.18.94 - - [19/Aug/2014:14:39:57 +0700] "GET / HTTP/1.1" 206 606290 "-" "KillApachePy (0.1d)"
1.4.18.94 - - [19/Aug/2014:14:41:16 +0700] "GET / HTTP/1.1" 206 606290 "-" "KillApachePy (0.1d)"
1.4.18.94 - - [19/Aug/2014:14:41:21 +0700] "GET / HTTP/1.1" 206 606290 "-" "KillApachePy (0.1d)"
1.4.18.94 - - [19/Aug/2014:14:41:21 +0700] "GET / HTTP/1.1" 206 606290 "-" "KillApachePy (0.1d)"
1.4.18.94 - - [19/Aug/2014:14:41:22 +0700] "GET / HTTP/1.1" 206 606290 "-" "KillApachePy (0.1d)"
1.4.18.94 - - [19/Aug/2014:14:41:21 +0700] "GET / HTTP/1.1" 206 606290 "-" "KillApachePy (0.1d)"
1.4.18.94 - - [19/Aug/2014:14:41:19 +0700] "GET / HTTP/1.1" 206 606290 "-" "KillApachePy (0.1d)"
158.108.96.193 - - [19/Aug/2014:14:41:25 +0700] "GET /elab/accounts/login/?next=/elab/ HTTP/1.1" 200 1360 "-" "Mozilla/5.0 (X11; Ubuntu; Linux i686; rv:20.0) Gecko/20100101 Firefox/20.0"
1.4.18.94 - - [19/Aug/2014:14:41:21 +0700] "GET / HTTP/1.1" 206 606290 "-" "KillApachePy (0.1d)"
1.4.18.94 - - [19/Aug/2014:14:41:21 +0700] "GET / HTTP/1.1" 206 606290 "-" "KillApachePy (0.1d)"
1.4.18.94 - - [19/Aug/2014:14:41:20 +0700] "GET / HTTP/1.1" 206 606290 "-" "KillApachePy (0.1d)"
1.4.18.94 - - [19/Aug/2014:14:41:19 +0700] "GET / HTTP/1.1" 206 606290 "-" "KillApachePy (0.1d)"
1.4.18.94 - - [19/Aug/2014:14:41:20 +0700] "GET / HTTP/1.1" 206 606290 "-" "KillApachePy (0.1d)"
1.4.18.94 - - [19/Aug/2014:14:41:23 +0700] "GET / HTTP/1.1" 206 606290 "-" "KillApachePy (0.1d)"
1.4.18.94 - - [19/Aug/2014:14:41:20 +0700] "GET / HTTP/1.1" 206 606290 "-" "KillApachePy (0.1d)"
1.4.18.94 - - [19/Aug/2014:14:41:21 +0700] "GET / HTTP/1.1" 206 606290 "-" "KillApachePy (0.1d)"
1.4.18.94 - - [19/Aug/2014:14:41:20 +0700] "GET / HTTP/1.1" 206 606290 "-" "KillApachePy (0.1d)"
158.108.100.33 - - [19/Aug/2014:14:41:37 +0700] "GET /elab/ HTTP/1.1" 302 - "-" "Mozilla/5.0 (X11; Ubuntu; Linux i686; rv:20.0) Gecko/20100101 Firefox/20.0"
158.108.99.243 - - [19/Aug/2014:14:41:37 +0700] "GET / HTTP/1.1" 200 1990 "-" "Mozilla/5.0 (X11; Ubuntu; Linux i686; rv:20.0) Gecko/20100101 Firefox/20.0"
1.4.18.94 - - [19/Aug/2014:14:41:18 +0700] "GET / HTTP/1.1" 206 606290 "-" "KillApachePy (0.1d)"
158.108.100.33 - - [19/Aug/2014:14:41:38 +0700] "GET /elab/accounts/login?next=/elab/ HTTP/1.1" 301 - "-" "Mozilla/5.0 (X11; Ubuntu; Linux i686; rv:20.0) Gecko/20100101 Firefox/20.0"
1.4.18.94 - - [19/Aug/2014:14:41:20 +0700] "GET / HTTP/1.1" 206 606290 "-" "KillApachePy (0.1d)"
1.4.18.94 - - [19/Aug/2014:14:41:21 +0700] "GET / HTTP/1.1" 206 606290 "-" "KillApachePy (0.1d)"
1.4.18.94 - - [19/Aug/2014:14:41:19 +0700] "GET / HTTP/1.1" 206 606290 "-" "KillApachePy (0.1d)"
1.4.18.94 - - [19/Aug/2014:14:41:20 +0700] "GET / HTTP/1.1" 206 606290 "-" "KillApachePy (0.1d)"
10.2.78.119 - - [19/Aug/2014:14:41:39 +0700] "GET /elab HTTP/1.1" 302 485 "-" "Mozilla/5.0 (Macintosh; Intel Mac OS X 10_9_2) AppleWebKit/537.74.9 (KHTML, like Gecko) Version/7.0.2 Safari/537.74.9"
1.4.18.94 - - [19/Aug/2014:14:41:20 +0700] "GET / HTTP/1.1" 206 606290 "-" "KillApachePy (0.1d)"
1.4.18.94 - - [19/Aug/2014:14:41:22 +0700] "GET / HTTP/1.1" 206 606290 "-" "KillApachePy (0.1d)"
1.4.18.94 - - [19/Aug/2014:14:41:21 +0700] "GET / HTTP/1.1" 206 606290 "-" "KillApachePy (0.1d)"
1.4.18.94 - - [19/Aug/2014:14:41:21 +0700] "GET / HTTP/1.1" 206 606290 "-" "KillApachePy (0.1d)"
1.4.18.94 - - [19/Aug/2014:14:41:22 +0700] "GET / HTTP/1.1" 206 606290 "-" "KillApachePy (0.1d)"
1.4.18.94 - - [19/Aug/2014:14:41:24 +0700] "GET / HTTP/1.1" 206 606290 "-" "KillApachePy (0.1d)"
1.4.18.94 - - [19/Aug/2014:14:39:56 +0700] "GET / HTTP/1.1" 206 606290 "-" "KillApachePy (0.1d)"
1.4.18.94 - - [19/Aug/2014:14:41:22 +0700] "GET / HTTP/1.1" 206 606290 "-" "KillApachePy (0.1d)"
1.4.18.94 - - [19/Aug/2014:14:41:20 +0700] "GET / HTTP/1.1" 206 606290 "-" "KillApachePy (0.1d)"
1.4.18.94 - - [19/Aug/2014:14:41:21 +0700] "GET / HTTP/1.1" 206 606290 "-" "KillApachePy (0.1d)"
1.4.18.94 - - [19/Aug/2014:14:41:21 +0700] "GET / HTTP/1.1" 206 606290 "-" "KillApachePy (0.1d)"
1.4.18.94 - - [19/Aug/2014:14:41:21 +0700] "GET / HTTP/1.1" 206 606290 "-" "KillApachePy (0.1d)"
1.4.18.94 - - [19/Aug/2014:14:41:22 +0700] "GET / HTTP/1.1" 206 606290 "-" "KillApachePy (0.1d)"
1.4.18.94 - - [19/Aug/2014:14:41:22 +0700] "GET / HTTP/1.1" 206 606290 "-" "KillApachePy (0.1d)"
1.4.18.94 - - [19/Aug/2014:14:41:27 +0700] "GET / HTTP/1.1" 206 606290 "-" "KillApachePy (0.1d)"
1.4.18.94 - - [19/Aug/2014:14:41:22 +0700] "GET / HTTP/1.1" 206 606290 "-" "KillApachePy (0.1d)"
1.4.18.94 - - [19/Aug/2014:14:41:24 +0700] "GET / HTTP/1.1" 206 606290 "-" "KillApachePy (0.1d)"
1.4.18.94 - - [19/Aug/2014:14:41:24 +0700] "GET / HTTP/1.1" 206 606290 "-" "KillApachePy (0.1d)"
1.4.18.94 - - [19/Aug/2014:14:41:26 +0700] "GET / HTTP/1.1" 206 606290 "-" "KillApachePy (0.1d)"
158.108.104.179 - - [19/Aug/2014:14:41:42 +0700] "GET /elab HTTP/1.1" 302 483 "-" "Mozilla/5.0 (X11; Ubuntu; Linux i686; rv:25.0) Gecko/20100101 Firefox/25.0"
1.4.18.94 - - [19/Aug/2014:14:41:21 +0700] "GET / HTTP/1.1" 206 606290 "-" "KillApachePy (0.1d)"
158.108.96.86 - - [19/Aug/2014:14:41:43 +0700] "GET /elab HTTP/1.1" 302 483 "-" "Mozilla/5.0 (X11; Ubuntu; Linux i686; rv:20.0) Gecko/20100101 Firefox/20.0"
1.4.18.94 - - [19/Aug/2014:14:41:24 +0700] "GET / HTTP/1.1" 206 606290 "-" "KillApachePy (0.1d)"
158.108.241.198 - - [19/Aug/2014:14:41:42 +0700] "GET /elab HTTP/1.1" 302 485 "-" "Mozilla/5.0 (X11; Ubuntu; Linux i686; rv:20.0) Gecko/20100101 Firefox/20.0"
1.4.18.94 - - [19/Aug/2014:14:41:24 +0700] "GET / HTTP/1.1" 206 606290 "-" "KillApachePy (0.1d)"
158.108.240.74 - - [19/Aug/2014:14:41:43 +0700] "GET /elab HTTP/1.1" 302 483 "-" "Mozilla/5.0 (X11; Ubuntu; Linux i686; rv:20.0) Gecko/20100101 Firefox/20.0"
1.4.18.94 - - [19/Aug/2014:14:41:24 +0700] "GET / HTTP/1.1" 206 606290 "-" "KillApachePy (0.1d)"
1.4.18.94 - - [19/Aug/2014:14:41:24 +0700] "GET / HTTP/1.1" 206 606290 "-" "KillApachePy (0.1d)"
1.4.18.94 - - [19/Aug/2014:14:41:24 +0700] "GET / HTTP/1.1" 206 606290 "-" "KillApachePy (0.1d)"
158.108.99.30 - - [19/Aug/2014:14:41:43 +0700] "GET /elab HTTP/1.1" 302 483 "-" "Mozilla/5.0 (X11; Ubuntu; Linux i686; rv:20.0) Gecko/20100101 Firefox/20.0"
1.4.18.94 - - [19/Aug/2014:14:41:22 +0700] "GET / HTTP/1.1" 206 606290 "-" "KillApachePy (0.1d)"
158.108.96.138 - - [19/Aug/2014:14:41:43 +0700] "GET /elab HTTP/1.1" 302 483 "-" "Mozilla/5.0 (X11; Linux i686) AppleWebKit/537.36 (KHTML, like Gecko) Ubuntu Chromium/30.0.1599.114 Chrome/30.0.1599.114 Safari/537.36"
158.108.240.74 - - [19/Aug/2014:14:41:43 +0700] "GET /elab HTTP/1.1" 302 483 "-" "Mozilla/5.0 (X11; Ubuntu; Linux i686; rv:20.0) Gecko/20100101 Firefox/20.0"
37.57.4.208 - - [19/Aug/2014:14:41:43 +0700] "GET /webalizer/usage_201308.html HTTP/1.0" 200 170219 "http://galaxy-family.ru/napechatat-vizitki-deshevo-v-gorodne.html" "Mozilla/4.0 (compatible; MSIE 6.0; Windows NT 5.1; SV1; MRA 4.6 (build 01425); MRSPUTNIK 1, 5, 0, 19 SW)"
158.108.99.220 - - [19/Aug/2014:14:41:43 +0700] "GET /elab HTTP/1.1" 302 483 "-" "Mozilla/5.0 (X11; Ubuntu; Linux i686; rv:20.0) Gecko/20100101 Firefox/20.0"
158.108.96.138 - - [19/Aug/2014:14:41:44 +0700] "GET /elab/ HTTP/1.1" 302 - "-" "Mozilla/5.0 (X11; Linux i686) AppleWebKit/537.36 (KHTML, like Gecko) Ubuntu Chromium/30.0.1599.114 Chrome/30.0.1599.114 Safari/537.36"
158.108.96.138 - - [19/Aug/2014:14:41:44 +0700] "GET /elab/accounts/login?next=/elab/ HTTP/1.1" 301 - "-" "Mozilla/5.0 (X11; Linux i686) AppleWebKit/537.36 (KHTML, like Gecko) Ubuntu Chromium/30.0.1599.114 Chrome/30.0.1599.114 Safari/537.36"
1.4.18.94 - - [19/Aug/2014:14:41:25 +0700] "GET / HTTP/1.1" 206 606290 "-" "KillApachePy (0.1d)"
158.108.99.243 - - [19/Aug/2014:14:41:44 +0700] "GET /elab HTTP/1.1" 302 483 "-" "Mozilla/5.0 (X11; Ubuntu; Linux i686; rv:20.0) Gecko/20100101 Firefox/20.0"
1.4.18.94 - - [19/Aug/2014:14:41:25 +0700] "GET / HTTP/1.1" 206 606290 "-" "KillApachePy (0.1d)"
158.108.240.28 - - [19/Aug/2014:14:41:44 +0700] "GET /elab HTTP/1.1" 302 483 "-" "Mozilla/5.0 (X11; Ubuntu; Linux i686; rv:20.0) Gecko/20100101 Firefox/20.0"
158.108.102.38 - - [19/Aug/2014:14:41:44 +0700] "GET /elab HTTP/1.1" 302 483 "-" "Mozilla/5.0 (X11; Ubuntu; Linux i686; rv:20.0) Gecko/20100101 Firefox/20.0"
158.108.99.30 - - [19/Aug/2014:14:41:43 +0700] "GET /elab/ HTTP/1.1" 302 - "-" "Mozilla/5.0 (X11; Ubuntu; Linux i686; rv:20.0) Gecko/20100101 Firefox/20.0"
158.108.240.74 - - [19/Aug/2014:14:41:43 +0700] "GET /elab/ HTTP/1.1" 302 - "-" "Mozilla/5.0 (X11; Ubuntu; Linux i686; rv:20.0) Gecko/20100101 Firefox/20.0"
158.108.99.30 - - [19/Aug/2014:14:41:44 +0700] "GET /elab/accounts/login?next=/elab/ HTTP/1.1" 301 - "-" "Mozilla/5.0 (X11; Ubuntu; Linux i686; rv:20.0) Gecko/20100101 Firefox/20.0"
158.108.240.74 - - [19/Aug/2014:14:41:44 +0700] "GET /elab/accounts/login?next=/elab/ HTTP/1.1" 301 - "-" "Mozilla/5.0 (X11; Ubuntu; Linux i686; rv:20.0) Gecko/20100101 Firefox/20.0"
1.4.18.94 - - [19/Aug/2014:14:41:24 +0700] "GET / HTTP/1.1" 206 606290 "-" "KillApachePy (0.1d)"
158.108.241.92 - - [19/Aug/2014:14:41:44 +0700] "GET /elab HTTP/1.1" 302 483 "-" "Mozilla/5.0 (X11; Ubuntu; Linux i686; rv:20.0) Gecko/20100101 Firefox/20.0"
158.108.99.30 - - [19/Aug/2014:14:41:44 +0700] "GET /elab/accounts/login/?next=/elab/ HTTP/1.1" 302 - "-" "Mozilla/5.0 (X11; Ubuntu; Linux i686; rv:20.0) Gecko/20100101 Firefox/20.0"
158.108.99.243 - - [19/Aug/2014:14:41:44 +0700] "GET /elab/ HTTP/1.1" 302 - "-" "Mozilla/5.0 (X11; Ubuntu; Linux i686; rv:20.0) Gecko/20100101 Firefox/20.0"
1.4.18.94 - - [19/Aug/2014:14:41:28 +0700] "GET / HTTP/1.1" 206 606290 "-" "KillApachePy (0.1d)"
158.108.99.243 - - [19/Aug/2014:14:41:44 +0700] "GET /elab/accounts/login?next=/elab/ HTTP/1.1" 301 - "-" "Mozilla/5.0 (X11; Ubuntu; Linux i686; rv:20.0) Gecko/20100101 Firefox/20.0"
158.108.240.74 - - [19/Aug/2014:14:41:44 +0700] "GET /elab/accounts/login/?next=/elab/ HTTP/1.1" 302 - "-" "Mozilla/5.0 (X11; Ubuntu; Linux i686; rv:20.0) Gecko/20100101 Firefox/20.0"
1.4.18.94 - - [19/Aug/2014:14:41:26 +0700] "GET / HTTP/1.1" 206 606290 "-" "KillApachePy (0.1d)"
158.108.99.243 - - [19/Aug/2014:14:41:44 +0700] "GET /elab/accounts/login/?next=/elab/ HTTP/1.1" 302 - "-" "Mozilla/5.0 (X11; Ubuntu; Linux i686; rv:20.0) Gecko/20100101 Firefox/20.0"
158.108.96.138 - - [19/Aug/2014:14:41:44 +0700] "GET /elab/accounts/login/?next=/elab/ HTTP/1.1" 302 - "-" "Mozilla/5.0 (X11; Linux i686) AppleWebKit/537.36 (KHTML, like Gecko) Ubuntu Chromium/30.0.1599.114 Chrome/30.0.1599.114 Safari/537.36"
10.2.78.119 - - [19/Aug/2014:14:40:15 +0700] "GET /elab/ HTTP/1.1" 200 3898 "https://cloud3.cpe.ku.ac.th/" "Mozilla/5.0 (Macintosh; Intel Mac OS X 10_9_2) AppleWebKit/537.74.9 (KHTML, like Gecko) Version/7.0.2 Safari/537.74.9"
1.4.18.94 - - [19/Aug/2014:14:39:59 +0700] "GET / HTTP/1.1" 206 606290 "-" "KillApachePy (0.1d)"
1.4.18.94 - - [19/Aug/2014:14:41:24 +0700] "GET / HTTP/1.1" 206 606290 "-" "KillApachePy (0.1d)"
1.4.18.94 - - [19/Aug/2014:14:41:30 +0700] "GET / HTTP/1.1" 206 606290 "-" "KillApachePy (0.1d)"
158.108.99.179 - - [19/Aug/2014:14:41:45 +0700] "GET /elab HTTP/1.1" 302 483 "-" "Mozilla/5.0 (X11; Ubuntu; Linux i686; rv:20.0) Gecko/20100101 Firefox/20.0"
1.4.18.94 - - [19/Aug/2014:14:41:35 +0700] "GET / HTTP/1.1" 206 606290 "-" "KillApachePy (0.1d)"
1.4.18.94 - - [19/Aug/2014:14:41:25 +0700] "GET / HTTP/1.1" 206 606290 "-" "KillApachePy (0.1d)"
1.4.18.94 - - [19/Aug/2014:14:41:27 +0700] "GET / HTTP/1.1" 206 606290 "-" "KillApachePy (0.1d)"
158.108.240.28 - - [19/Aug/2014:14:41:45 +0700] "GET /elab HTTP/1.1" 302 483 "-" "Mozilla/5.0 (X11; Ubuntu; Linux i686; rv:20.0) Gecko/20100101 Firefox/20.0"
1.4.18.94 - - [19/Aug/2014:14:41:33 +0700] "GET / HTTP/1.1" 206 606290 "-" "KillApachePy (0.1d)"
158.108.241.198 - - [19/Aug/2014:14:41:33 +0700] "GET /elab/accounts/login/?next=/elab/ HTTP/1.1" 200 1360 "-" "Mozilla/5.0 (X11; Ubuntu; Linux i686; rv:20.0) Gecko/20100101 Firefox/20.0"
158.108.100.25 - - [19/Aug/2014:14:41:46 +0700] "GET /elab HTTP/1.1" 302 483 "-" "Mozilla/5.0 (X11; Ubuntu; Linux i686; rv:20.0) Gecko/20100101 Firefox/20.0"
37.57.4.208 - - [19/Aug/2014:14:41:46 +0700] "GET /webalizer/usage_201308.html HTTP/1.0" 200 170219 "http://galaxy-family.ru/napechatat-vizitki-deshevo-v-gorodne.html" "Mozilla/4.0 (compatible; MSIE 5.5; Windows 95; BCD2000)"
158.108.97.11 - - [19/Aug/2014:14:41:46 +0700] "GET /elab HTTP/1.1" 302 483 "-" "Mozilla/5.0 (X11; Ubuntu; Linux i686; rv:20.0) Gecko/20100101 Firefox/20.0"
158.108.96.134 - - [19/Aug/2014:14:41:46 +0700] "GET /elab HTTP/1.1" 302 483 "-" "Mozilla/5.0 (X11; Ubuntu; Linux i686; rv:20.0) Gecko/20100101 Firefox/20.0"
158.108.99.5 - - [19/Aug/2014:14:41:46 +0700] "GET /elab HTTP/1.1" 302 483 "-" "Mozilla/5.0 (X11; Ubuntu; Linux i686; rv:20.0) Gecko/20100101 Firefox/20.0"
158.108.97.11 - - [19/Aug/2014:14:41:46 +0700] "GET /elab/ HTTP/1.1" 302 - "-" "Mozilla/5.0 (X11; Ubuntu; Linux i686; rv:20.0) Gecko/20100101 Firefox/20.0"
158.108.97.11 - - [19/Aug/2014:14:41:46 +0700] "GET /elab/accounts/login?next=/elab/ HTTP/1.1" 301 - "-" "Mozilla/5.0 (X11; Ubuntu; Linux i686; rv:20.0) Gecko/20100101 Firefox/20.0"
158.108.97.11 - - [19/Aug/2014:14:41:46 +0700] "GET /elab/accounts/login/?next=/elab/ HTTP/1.1" 302 - "-" "Mozilla/5.0 (X11; Ubuntu; Linux i686; rv:20.0) Gecko/20100101 Firefox/20.0"
158.108.99.5 - - [19/Aug/2014:14:41:46 +0700] "GET /elab/ HTTP/1.1" 302 - "-" "Mozilla/5.0 (X11; Ubuntu; Linux i686; rv:20.0) Gecko/20100101 Firefox/20.0"
158.108.99.5 - - [19/Aug/2014:14:41:51 +0700] "GET /elab/accounts/login?next=/elab/ HTTP/1.1" 301 - "-" "Mozilla/5.0 (X11; Ubuntu; Linux i686; rv:20.0) Gecko/20100101 Firefox/20.0"
1.4.18.94 - - [19/Aug/2014:14:41:34 +0700] "GET / HTTP/1.1" 206 606290 "-" "KillApachePy (0.1d)"
158.108.240.145 - - [19/Aug/2014:14:41:51 +0700] "GET /elab HTTP/1.1" 302 483 "-" "Mozilla/5.0 (X11; Ubuntu; Linux i686; rv:20.0) Gecko/20100101 Firefox/20.0"
1.4.18.94 - - [19/Aug/2014:14:41:36 +0700] "GET / HTTP/1.1" 206 606290 "-" "KillApachePy (0.1d)"
