158.108.96.138 - - [19/Aug/2014:14:44:12 +0700] "GET /elab_media//css/theme/ui.dialog.css HTTP/1.1" 200 1154 "http://cloud3.cpe.ku.ac.th/elab/lab/277/3510/" "Mozilla/5.0 (X11; Linux i686) AppleWebKit/537.36 (KHTML, like Gecko) Ubuntu Chromium/30.0.1599.114 Chrome/30.0.1599.114 Safari/537.36"
158.108.96.138 - - [19/Aug/2014:14:44:12 +0700] "GET /elab_media//css/theme/ui.accordion.css HTTP/1.1" 200 711 "http://cloud3.cpe.ku.ac.th/elab/lab/277/3510/" "Mozilla/5.0 (X11; Linux i686) AppleWebKit/537.36 (KHTML, like Gecko) Ubuntu Chromium/30.0.1599.114 Chrome/30.0.1599.114 Safari/537.36"
158.108.96.138 - - [19/Aug/2014:14:44:12 +0700] "GET /elab_media//css/theme/ui.resizable.css HTTP/1.1" 200 993 "http://cloud3.cpe.ku.ac.th/elab/lab/277/3510/" "Mozilla/5.0 (X11; Linux i686) AppleWebKit/537.36 (KHTML, like Gecko) Ubuntu Chromium/30.0.1599.114 Chrome/30.0.1599.114 Safari/537.36"
158.108.96.138 - - [19/Aug/2014:14:44:12 +0700] "GET /elab_media//css/theme/ui.slider.css HTTP/1.1" 200 929 "http://cloud3.cpe.ku.ac.th/elab/lab/277/3510/" "Mozilla/5.0 (X11; Linux i686) AppleWebKit/537.36 (KHTML, like Gecko) Ubuntu Chromium/30.0.1599.114 Chrome/30.0.1599.114 Safari/537.36"
158.108.96.138 - - [19/Aug/2014:14:44:13 +0700] "GET /elab_media//css/theme/ui.tabs.css HTTP/1.1" 200 590 "http://cloud3.cpe.ku.ac.th/elab/lab/277/3510/" "Mozilla/5.0 (X11; Linux i686) AppleWebKit/537.36 (KHTML, like Gecko) Ubuntu Chromium/30.0.1599.114 Chrome/30.0.1599.114 Safari/537.36"
158.108.96.138 - - [19/Aug/2014:14:44:13 +0700] "GET /elab_media//css/theme/ui.core.css HTTP/1.1" 200 1352 "http://cloud3.cpe.ku.ac.th/elab/lab/277/3510/" "Mozilla/5.0 (X11; Linux i686) AppleWebKit/537.36 (KHTML, like Gecko) Ubuntu Chromium/30.0.1599.114 Chrome/30.0.1599.114 Safari/537.36"
158.108.96.138 - - [19/Aug/2014:14:44:13 +0700] "GET /elab_media//css/theme/images/ui-bg_highlight-soft_75_cccccc_1x100.png HTTP/1.1" 200 101 "http://cloud3.cpe.ku.ac.th/elab/lab/277/3510/" "Mozilla/5.0 (X11; Linux i686) AppleWebKit/537.36 (KHTML, like Gecko) Ubuntu Chromium/30.0.1599.114 Chrome/30.0.1599.114 Safari/537.36"
158.108.96.138 - - [19/Aug/2014:14:44:13 +0700] "GET /elab_media//css/theme/images/ui-bg_flat_75_ffffff_40x100.png HTTP/1.1" 200 178 "http://cloud3.cpe.ku.ac.th/elab/lab/277/3510/" "Mozilla/5.0 (X11; Linux i686) AppleWebKit/537.36 (KHTML, like Gecko) Ubuntu Chromium/30.0.1599.114 Chrome/30.0.1599.114 Safari/537.36"
158.108.96.138 - - [19/Aug/2014:14:44:13 +0700] "GET /elab_media//css/theme/images/ui-bg_glass_65_ffffff_1x400.png HTTP/1.1" 200 105 "http://cloud3.cpe.ku.ac.th/elab/lab/277/3510/" "Mozilla/5.0 (X11; Linux i686) AppleWebKit/537.36 (KHTML, like Gecko) Ubuntu Chromium/30.0.1599.114 Chrome/30.0.1599.114 Safari/537.36"
158.108.96.138 - - [19/Aug/2014:14:44:13 +0700] "GET /elab_media//css/theme/images/ui-bg_glass_75_e6e6e6_1x400.png HTTP/1.1" 200 110 "http://cloud3.cpe.ku.ac.th/elab/lab/277/3510/" "Mozilla/5.0 (X11; Linux i686) AppleWebKit/537.36 (KHTML, like Gecko) Ubuntu Chromium/30.0.1599.114 Chrome/30.0.1599.114 Safari/537.36"
158.108.96.233 - - [19/Aug/2014:14:44:13 +0700] "GET /elab/lab/assignment/277/3510/8624/ HTTP/1.1" 200 6513 "http://cloud3.cpe.ku.ac.th/elab/lab/277/3510/" "Mozilla/5.0 (X11; Ubuntu; Linux i686; rv:23.0) Gecko/20100101 Firefox/23.0"
158.108.102.38 - - [19/Aug/2014:14:44:14 +0700] "GET /elab/lab/assignment/277/3510/8623/ HTTP/1.1" 200 5771 "http://cloud3.cpe.ku.ac.th/elab/lab/277/3510/" "Mozilla/5.0 (X11; Ubuntu; Linux i686; rv:20.0) Gecko/20100101 Firefox/20.0"
158.108.98.122 - - [19/Aug/2014:14:44:14 +0700] "GET /elab/lab/277/ HTTP/1.1" 200 1568 "http://cloud3.cpe.ku.ac.th/elab/" "Mozilla/5.0 (X11; Ubuntu; Linux i686; rv:20.0) Gecko/20100101 Firefox/20.0"
158.108.241.17 - - [19/Aug/2014:14:44:14 +0700] "GET /elab_media//css/theme/images/ui-bg_glass_75_dadada_1x400.png HTTP/1.1" 200 111 "http://cloud3.cpe.ku.ac.th/elab_media//css/theme/ui.theme.css" "Mozilla/5.0 (X11; Ubuntu; Linux i686; rv:20.0) Gecko/20100101 Firefox/20.0"
158.108.102.34 - - [19/Aug/2014:14:43:31 +0700] "POST /elab/accounts/login/ HTTP/1.1" 200 1523 "https://cloud3.cpe.ku.ac.th/elab/accounts/login/?next=/elab/" "Mozilla/5.0 (X11; Ubuntu; Linux i686; rv:20.0) Gecko/20100101 Firefox/20.0"
158.108.96.233 - - [19/Aug/2014:14:44:16 +0700] "GET /elab/lab/assignment/277/3510/8625/ HTTP/1.1" 200 3875 "http://cloud3.cpe.ku.ac.th/elab/lab/277/3510/" "Mozilla/5.0 (X11; Ubuntu; Linux i686; rv:23.0) Gecko/20100101 Firefox/23.0"
158.108.96.134 - - [19/Aug/2014:14:44:16 +0700] "GET /elab/accounts/logout/ HTTP/1.1" 302 - "http://cloud3.cpe.ku.ac.th/elab/" "Mozilla/5.0 (X11; Ubuntu; Linux i686; rv:20.0) Gecko/20100101 Firefox/20.0"
158.108.96.134 - - [19/Aug/2014:14:44:17 +0700] "GET /elab/accounts/login HTTP/1.1" 301 - "http://cloud3.cpe.ku.ac.th/elab/" "Mozilla/5.0 (X11; Ubuntu; Linux i686; rv:20.0) Gecko/20100101 Firefox/20.0"
158.108.96.134 - - [19/Aug/2014:14:44:17 +0700] "GET /elab/accounts/login/ HTTP/1.1" 302 - "http://cloud3.cpe.ku.ac.th/elab/" "Mozilla/5.0 (X11; Ubuntu; Linux i686; rv:20.0) Gecko/20100101 Firefox/20.0"
158.108.102.38 - - [19/Aug/2014:14:44:17 +0700] "GET /elab/lab/assignment/277/3510/8621/ HTTP/1.1" 200 4353 "http://cloud3.cpe.ku.ac.th/elab/lab/277/3510/" "Mozilla/5.0 (X11; Ubuntu; Linux i686; rv:20.0) Gecko/20100101 Firefox/20.0"
158.108.96.134 - - [19/Aug/2014:14:44:17 +0700] "GET /elab/accounts/login/ HTTP/1.1" 200 1360 "http://cloud3.cpe.ku.ac.th/elab/" "Mozilla/5.0 (X11; Ubuntu; Linux i686; rv:20.0) Gecko/20100101 Firefox/20.0"
158.108.96.233 - - [19/Aug/2014:14:44:17 +0700] "GET /elab/lab/assignment/277/3510/8757/ HTTP/1.1" 200 3685 "http://cloud3.cpe.ku.ac.th/elab/lab/277/3510/" "Mozilla/5.0 (X11; Ubuntu; Linux i686; rv:23.0) Gecko/20100101 Firefox/23.0"
158.108.96.233 - - [19/Aug/2014:14:44:18 +0700] "GET /elab/lab/assignment/277/3510/8756/ HTTP/1.1" 200 4018 "http://cloud3.cpe.ku.ac.th/elab/lab/277/3510/" "Mozilla/5.0 (X11; Ubuntu; Linux i686; rv:23.0) Gecko/20100101 Firefox/23.0"
158.108.96.233 - - [19/Aug/2014:14:44:18 +0700] "GET /elab_media/eqn/d/a/c/dac747f131d31c83a9be33afe7893911.png HTTP/1.1" 200 593 "http://cloud3.cpe.ku.ac.th/elab/lab/277/3510/" "Mozilla/5.0 (X11; Ubuntu; Linux i686; rv:23.0) Gecko/20100101 Firefox/23.0"
158.108.96.233 - - [19/Aug/2014:14:44:18 +0700] "GET /elab_media/eqn/0/3/5/035e2d4b56f697bb7773c45eb2b61c5b.png HTTP/1.1" 200 977 "http://cloud3.cpe.ku.ac.th/elab/lab/277/3510/" "Mozilla/5.0 (X11; Ubuntu; Linux i686; rv:23.0) Gecko/20100101 Firefox/23.0"
158.108.96.233 - - [19/Aug/2014:14:44:18 +0700] "GET /elab_media/eqn/5/d/b/5dbf8359bf8adcc1e5230b8252da2432.png HTTP/1.1" 200 541 "http://cloud3.cpe.ku.ac.th/elab/lab/277/3510/" "Mozilla/5.0 (X11; Ubuntu; Linux i686; rv:23.0) Gecko/20100101 Firefox/23.0"
158.108.102.38 - - [19/Aug/2014:14:44:19 +0700] "GET /elab/lab/submissions/277/8621/ HTTP/1.1" 200 21 "http://cloud3.cpe.ku.ac.th/elab/lab/277/3510/" "Mozilla/5.0 (X11; Ubuntu; Linux i686; rv:20.0) Gecko/20100101 Firefox/20.0"
158.108.96.233 - - [19/Aug/2014:14:44:20 +0700] "GET /elab/lab/assignment/277/3510/8629/ HTTP/1.1" 200 5282 "http://cloud3.cpe.ku.ac.th/elab/lab/277/3510/" "Mozilla/5.0 (X11; Ubuntu; Linux i686; rv:23.0) Gecko/20100101 Firefox/23.0"
158.108.96.233 - - [19/Aug/2014:14:44:20 +0700] "GET /elab_media/eqn/a/e/9/ae9ddbc4aed85d9498eecee8f30b953c.png HTTP/1.1" 200 1235 "http://cloud3.cpe.ku.ac.th/elab/lab/277/3510/" "Mozilla/5.0 (X11; Ubuntu; Linux i686; rv:23.0) Gecko/20100101 Firefox/23.0"
158.108.96.233 - - [19/Aug/2014:14:44:20 +0700] "GET /elab_media/eqn/2/5/d/25d7c75351152cae08f521a27bc93141.png HTTP/1.1" 200 1427 "http://cloud3.cpe.ku.ac.th/elab/lab/277/3510/" "Mozilla/5.0 (X11; Ubuntu; Linux i686; rv:23.0) Gecko/20100101 Firefox/23.0"
158.108.96.233 - - [19/Aug/2014:14:44:20 +0700] "GET /elab_media/eqn/5/4/a/54ab79ddde720e02b3a578a9596c5da5.png HTTP/1.1" 200 382 "http://cloud3.cpe.ku.ac.th/elab/lab/277/3510/" "Mozilla/5.0 (X11; Ubuntu; Linux i686; rv:23.0) Gecko/20100101 Firefox/23.0"
158.108.99.12 - - [19/Aug/2014:14:44:20 +0700] "GET /elab/ HTTP/1.1" 200 2102 "-" "Mozilla/5.0 (X11; Ubuntu; Linux i686; rv:20.0) Gecko/20100101 Firefox/20.0"
158.108.99.12 - - [19/Aug/2014:14:44:20 +0700] "GET /elab_media//css/base.css HTTP/1.1" 304 - "http://cloud3.cpe.ku.ac.th/elab/" "Mozilla/5.0 (X11; Ubuntu; Linux i686; rv:20.0) Gecko/20100101 Firefox/20.0"
158.108.102.68 - - [19/Aug/2014:14:44:21 +0700] "GET /elab/lab/277/3510/ HTTP/1.1" 200 13485 "http://cloud3.cpe.ku.ac.th/elab/lab/277/" "Mozilla/5.0 (X11; Ubuntu; Linux i686; rv:20.0) Gecko/20100101 Firefox/20.0"
158.108.98.55 - - [19/Aug/2014:14:44:21 +0700] "GET /elab/lab/277/ HTTP/1.1" 200 1593 "http://cloud3.cpe.ku.ac.th/elab/" "Mozilla/5.0 (X11; Ubuntu; Linux i686; rv:25.0) Gecko/20100101 Firefox/25.0"
158.108.102.68 - - [19/Aug/2014:14:44:21 +0700] "GET /elab_media//css/theme/ui.all.css HTTP/1.1" 200 47 "http://cloud3.cpe.ku.ac.th/elab/lab/277/3510/" "Mozilla/5.0 (X11; Ubuntu; Linux i686; rv:20.0) Gecko/20100101 Firefox/20.0"
158.108.102.68 - - [19/Aug/2014:14:44:21 +0700] "GET /elab_media//js/jquery-ui.js HTTP/1.1" 200 32596 "http://cloud3.cpe.ku.ac.th/elab/lab/277/3510/" "Mozilla/5.0 (X11; Ubuntu; Linux i686; rv:20.0) Gecko/20100101 Firefox/20.0"
158.108.102.68 - - [19/Aug/2014:14:44:21 +0700] "GET /elab_media//css/theme/ui.base.css HTTP/1.1" 200 252 "http://cloud3.cpe.ku.ac.th/elab_media//css/theme/ui.all.css" "Mozilla/5.0 (X11; Ubuntu; Linux i686; rv:20.0) Gecko/20100101 Firefox/20.0"
158.108.102.68 - - [19/Aug/2014:14:44:21 +0700] "GET /elab_media//css/theme/ui.theme.css HTTP/1.1" 200 16776 "http://cloud3.cpe.ku.ac.th/elab_media//css/theme/ui.all.css" "Mozilla/5.0 (X11; Ubuntu; Linux i686; rv:20.0) Gecko/20100101 Firefox/20.0"
158.108.102.68 - - [19/Aug/2014:14:44:21 +0700] "GET /elab_media//js/jquery.js HTTP/1.1" 200 117302 "http://cloud3.cpe.ku.ac.th/elab/lab/277/3510/" "Mozilla/5.0 (X11; Ubuntu; Linux i686; rv:20.0) Gecko/20100101 Firefox/20.0"
158.108.102.68 - - [19/Aug/2014:14:44:21 +0700] "GET /elab_media//css/theme/ui.core.css HTTP/1.1" 200 1352 "http://cloud3.cpe.ku.ac.th/elab_media//css/theme/ui.base.css" "Mozilla/5.0 (X11; Ubuntu; Linux i686; rv:20.0) Gecko/20100101 Firefox/20.0"
158.108.102.68 - - [19/Aug/2014:14:44:21 +0700] "GET /elab_media//css/theme/ui.dialog.css HTTP/1.1" 200 1154 "http://cloud3.cpe.ku.ac.th/elab_media//css/theme/ui.base.css" "Mozilla/5.0 (X11; Ubuntu; Linux i686; rv:20.0) Gecko/20100101 Firefox/20.0"
158.108.102.68 - - [19/Aug/2014:14:44:21 +0700] "GET /elab_media//css/theme/ui.accordion.css HTTP/1.1" 200 711 "http://cloud3.cpe.ku.ac.th/elab_media//css/theme/ui.base.css" "Mozilla/5.0 (X11; Ubuntu; Linux i686; rv:20.0) Gecko/20100101 Firefox/20.0"
158.108.102.68 - - [19/Aug/2014:14:44:21 +0700] "GET /elab_media//css/theme/ui.progressbar.css HTTP/1.1" 200 169 "http://cloud3.cpe.ku.ac.th/elab_media//css/theme/ui.base.css" "Mozilla/5.0 (X11; Ubuntu; Linux i686; rv:20.0) Gecko/20100101 Firefox/20.0"
158.108.102.68 - - [19/Aug/2014:14:44:21 +0700] "GET /elab_media//css/theme/ui.slider.css HTTP/1.1" 200 929 "http://cloud3.cpe.ku.ac.th/elab_media//css/theme/ui.base.css" "Mozilla/5.0 (X11; Ubuntu; Linux i686; rv:20.0) Gecko/20100101 Firefox/20.0"
158.108.102.68 - - [19/Aug/2014:14:44:21 +0700] "GET /elab_media//css/theme/ui.resizable.css HTTP/1.1" 200 993 "http://cloud3.cpe.ku.ac.th/elab_media//css/theme/ui.base.css" "Mozilla/5.0 (X11; Ubuntu; Linux i686; rv:20.0) Gecko/20100101 Firefox/20.0"
158.108.102.68 - - [19/Aug/2014:14:44:21 +0700] "GET /elab_media//css/theme/ui.tabs.css HTTP/1.1" 200 590 "http://cloud3.cpe.ku.ac.th/elab_media//css/theme/ui.base.css" "Mozilla/5.0 (X11; Ubuntu; Linux i686; rv:20.0) Gecko/20100101 Firefox/20.0"
158.108.102.68 - - [19/Aug/2014:14:44:21 +0700] "GET /elab_media//css/theme/ui.datepicker.css HTTP/1.1" 200 3936 "http://cloud3.cpe.ku.ac.th/elab_media//css/theme/ui.base.css" "Mozilla/5.0 (X11; Ubuntu; Linux i686; rv:20.0) Gecko/20100101 Firefox/20.0"
158.108.102.68 - - [19/Aug/2014:14:44:21 +0700] "GET /elab_media//css/theme/images/ui-bg_flat_75_ffffff_40x100.png HTTP/1.1" 200 178 "http://cloud3.cpe.ku.ac.th/elab_media//css/theme/ui.theme.css" "Mozilla/5.0 (X11; Ubuntu; Linux i686; rv:20.0) Gecko/20100101 Firefox/20.0"
158.108.102.68 - - [19/Aug/2014:14:44:21 +0700] "GET /elab_media//css/theme/images/ui-bg_highlight-soft_75_cccccc_1x100.png HTTP/1.1" 200 101 "http://cloud3.cpe.ku.ac.th/elab_media//css/theme/ui.theme.css" "Mozilla/5.0 (X11; Ubuntu; Linux i686; rv:20.0) Gecko/20100101 Firefox/20.0"
158.108.102.68 - - [19/Aug/2014:14:44:21 +0700] "GET /elab_media//css/theme/images/ui-bg_glass_65_ffffff_1x400.png HTTP/1.1" 200 105 "http://cloud3.cpe.ku.ac.th/elab_media//css/theme/ui.theme.css" "Mozilla/5.0 (X11; Ubuntu; Linux i686; rv:20.0) Gecko/20100101 Firefox/20.0"
158.108.102.68 - - [19/Aug/2014:14:44:21 +0700] "GET /elab_media//css/theme/images/ui-bg_glass_75_e6e6e6_1x400.png HTTP/1.1" 200 110 "http://cloud3.cpe.ku.ac.th/elab_media//css/theme/ui.theme.css" "Mozilla/5.0 (X11; Ubuntu; Linux i686; rv:20.0) Gecko/20100101 Firefox/20.0"
158.108.98.55 - - [19/Aug/2014:14:44:22 +0700] "GET /elab/lab/277/3510/ HTTP/1.1" 200 13512 "http://cloud3.cpe.ku.ac.th/elab/lab/277/" "Mozilla/5.0 (X11; Ubuntu; Linux i686; rv:25.0) Gecko/20100101 Firefox/25.0"
158.108.98.55 - - [19/Aug/2014:14:44:22 +0700] "GET /elab_media//css/theme/ui.all.css HTTP/1.1" 200 47 "http://cloud3.cpe.ku.ac.th/elab/lab/277/3510/" "Mozilla/5.0 (X11; Ubuntu; Linux i686; rv:25.0) Gecko/20100101 Firefox/25.0"
158.108.98.55 - - [19/Aug/2014:14:44:22 +0700] "GET /elab_media//js/jquery-ui.js HTTP/1.1" 200 32596 "http://cloud3.cpe.ku.ac.th/elab/lab/277/3510/" "Mozilla/5.0 (X11; Ubuntu; Linux i686; rv:25.0) Gecko/20100101 Firefox/25.0"
158.108.98.55 - - [19/Aug/2014:14:44:22 +0700] "GET /elab_media//css/theme/ui.base.css HTTP/1.1" 200 252 "http://cloud3.cpe.ku.ac.th/elab_media//css/theme/ui.all.css" "Mozilla/5.0 (X11; Ubuntu; Linux i686; rv:25.0) Gecko/20100101 Firefox/25.0"
158.108.98.55 - - [19/Aug/2014:14:44:22 +0700] "GET /elab_media//css/theme/ui.theme.css HTTP/1.1" 200 16776 "http://cloud3.cpe.ku.ac.th/elab_media//css/theme/ui.all.css" "Mozilla/5.0 (X11; Ubuntu; Linux i686; rv:25.0) Gecko/20100101 Firefox/25.0"
158.108.98.55 - - [19/Aug/2014:14:44:22 +0700] "GET /elab_media//js/jquery.js HTTP/1.1" 200 117302 "http://cloud3.cpe.ku.ac.th/elab/lab/277/3510/" "Mozilla/5.0 (X11; Ubuntu; Linux i686; rv:25.0) Gecko/20100101 Firefox/25.0"
158.108.98.55 - - [19/Aug/2014:14:44:22 +0700] "GET /elab_media//css/theme/ui.core.css HTTP/1.1" 200 1352 "http://cloud3.cpe.ku.ac.th/elab_media//css/theme/ui.base.css" "Mozilla/5.0 (X11; Ubuntu; Linux i686; rv:25.0) Gecko/20100101 Firefox/25.0"
158.108.98.55 - - [19/Aug/2014:14:44:22 +0700] "GET /elab_media//css/theme/ui.accordion.css HTTP/1.1" 200 711 "http://cloud3.cpe.ku.ac.th/elab_media//css/theme/ui.base.css" "Mozilla/5.0 (X11; Ubuntu; Linux i686; rv:25.0) Gecko/20100101 Firefox/25.0"
158.108.98.55 - - [19/Aug/2014:14:44:22 +0700] "GET /elab_media//css/theme/ui.datepicker.css HTTP/1.1" 200 3936 "http://cloud3.cpe.ku.ac.th/elab_media//css/theme/ui.base.css" "Mozilla/5.0 (X11; Ubuntu; Linux i686; rv:25.0) Gecko/20100101 Firefox/25.0"
158.108.98.55 - - [19/Aug/2014:14:44:22 +0700] "GET /elab_media//css/theme/ui.resizable.css HTTP/1.1" 200 993 "http://cloud3.cpe.ku.ac.th/elab_media//css/theme/ui.base.css" "Mozilla/5.0 (X11; Ubuntu; Linux i686; rv:25.0) Gecko/20100101 Firefox/25.0"
158.108.98.55 - - [19/Aug/2014:14:44:22 +0700] "GET /elab_media//css/theme/ui.slider.css HTTP/1.1" 200 929 "http://cloud3.cpe.ku.ac.th/elab_media//css/theme/ui.base.css" "Mozilla/5.0 (X11; Ubuntu; Linux i686; rv:25.0) Gecko/20100101 Firefox/25.0"
158.108.98.55 - - [19/Aug/2014:14:44:22 +0700] "GET /elab_media//css/theme/ui.tabs.css HTTP/1.1" 200 590 "http://cloud3.cpe.ku.ac.th/elab_media//css/theme/ui.base.css" "Mozilla/5.0 (X11; Ubuntu; Linux i686; rv:25.0) Gecko/20100101 Firefox/25.0"
158.108.97.11 - - [19/Aug/2014:14:44:22 +0700] "GET /elab_media//css/theme/images/ui-bg_glass_75_dadada_1x400.png HTTP/1.1" 200 111 "http://cloud3.cpe.ku.ac.th/elab_media//css/theme/ui.theme.css" "Mozilla/5.0 (X11; Ubuntu; Linux i686; rv:20.0) Gecko/20100101 Firefox/20.0"
158.108.98.55 - - [19/Aug/2014:14:44:23 +0700] "GET /elab_media//css/theme/ui.dialog.css HTTP/1.1" 200 1154 "http://cloud3.cpe.ku.ac.th/elab_media//css/theme/ui.base.css" "Mozilla/5.0 (X11; Ubuntu; Linux i686; rv:25.0) Gecko/20100101 Firefox/25.0"
158.108.98.55 - - [19/Aug/2014:14:44:23 +0700] "GET /elab_media//css/theme/ui.progressbar.css HTTP/1.1" 200 169 "http://cloud3.cpe.ku.ac.th/elab_media//css/theme/ui.base.css" "Mozilla/5.0 (X11; Ubuntu; Linux i686; rv:25.0) Gecko/20100101 Firefox/25.0"
158.108.98.55 - - [19/Aug/2014:14:44:23 +0700] "GET /elab_media//css/theme/images/ui-bg_flat_75_ffffff_40x100.png HTTP/1.1" 200 178 "http://cloud3.cpe.ku.ac.th/elab_media//css/theme/ui.theme.css" "Mozilla/5.0 (X11; Ubuntu; Linux i686; rv:25.0) Gecko/20100101 Firefox/25.0"
158.108.98.55 - - [19/Aug/2014:14:44:23 +0700] "GET /elab_media//css/theme/images/ui-bg_glass_75_e6e6e6_1x400.png HTTP/1.1" 200 110 "http://cloud3.cpe.ku.ac.th/elab_media//css/theme/ui.theme.css" "Mozilla/5.0 (X11; Ubuntu; Linux i686; rv:25.0) Gecko/20100101 Firefox/25.0"
158.108.98.55 - - [19/Aug/2014:14:44:23 +0700] "GET /elab_media//css/theme/images/ui-bg_highlight-soft_75_cccccc_1x100.png HTTP/1.1" 200 101 "http://cloud3.cpe.ku.ac.th/elab_media//css/theme/ui.theme.css" "Mozilla/5.0 (X11; Ubuntu; Linux i686; rv:25.0) Gecko/20100101 Firefox/25.0"
158.108.98.55 - - [19/Aug/2014:14:44:23 +0700] "GET /elab_media//css/theme/images/ui-bg_glass_65_ffffff_1x400.png HTTP/1.1" 200 105 "http://cloud3.cpe.ku.ac.th/elab_media//css/theme/ui.theme.css" "Mozilla/5.0 (X11; Ubuntu; Linux i686; rv:25.0) Gecko/20100101 Firefox/25.0"
158.108.97.11 - - [19/Aug/2014:14:44:25 +0700] "GET /elab/lab/submissions/277/8621/ HTTP/1.1" 200 21 "http://cloud3.cpe.ku.ac.th/elab/lab/277/3510/" "Mozilla/5.0 (X11; Ubuntu; Linux i686; rv:20.0) Gecko/20100101 Firefox/20.0"
158.108.96.138 - - [19/Aug/2014:14:44:27 +0700] "GET /elab_media//css/theme/images/ui-bg_glass_75_dadada_1x400.png HTTP/1.1" 200 111 "http://cloud3.cpe.ku.ac.th/elab/lab/277/3510/" "Mozilla/5.0 (X11; Linux i686) AppleWebKit/537.36 (KHTML, like Gecko) Ubuntu Chromium/30.0.1599.114 Chrome/30.0.1599.114 Safari/537.36"
158.108.100.25 - - [19/Aug/2014:14:44:28 +0700] "GET /elab/accounts/login/?next=/elab/ HTTP/1.1" 200 1360 "-" "Mozilla/5.0 (X11; Ubuntu; Linux i686; rv:20.0) Gecko/20100101 Firefox/20.0"
158.108.96.233 - - [19/Aug/2014:14:44:28 +0700] "GET /elab/lab/assignment/277/3510/8758/ HTTP/1.1" 200 4017 "http://cloud3.cpe.ku.ac.th/elab/lab/277/3510/" "Mozilla/5.0 (X11; Ubuntu; Linux i686; rv:23.0) Gecko/20100101 Firefox/23.0"
158.108.96.233 - - [19/Aug/2014:14:44:28 +0700] "GET /elab_media/eqn/0/f/6/0f609df17c9f6b478a7c0cdfc2b62e39.png HTTP/1.1" 200 545 "http://cloud3.cpe.ku.ac.th/elab/lab/277/3510/" "Mozilla/5.0 (X11; Ubuntu; Linux i686; rv:23.0) Gecko/20100101 Firefox/23.0"
158.108.100.25 - - [19/Aug/2014:14:44:28 +0700] "GET /elab_media//css/base.css HTTP/1.1" 200 9213 "https://cloud3.cpe.ku.ac.th/elab/accounts/login/?next=/elab/" "Mozilla/5.0 (X11; Ubuntu; Linux i686; rv:20.0) Gecko/20100101 Firefox/20.0"
158.108.240.74 - - [19/Aug/2014:14:44:28 +0700] "GET /elab/lab/277/ HTTP/1.1" 200 1576 "http://cloud3.cpe.ku.ac.th/elab/" "Mozilla/5.0 (X11; Ubuntu; Linux i686; rv:20.0) Gecko/20100101 Firefox/20.0"
158.108.100.25 - - [19/Aug/2014:14:44:28 +0700] "GET /favicon.ico HTTP/1.1" 404 477 "-" "Mozilla/5.0 (X11; Ubuntu; Linux i686; rv:20.0) Gecko/20100101 Firefox/20.0"
158.108.100.25 - - [19/Aug/2014:14:44:28 +0700] "GET /favicon.ico HTTP/1.1" 404 477 "-" "Mozilla/5.0 (X11; Ubuntu; Linux i686; rv:20.0) Gecko/20100101 Firefox/20.0"
158.108.102.38 - - [19/Aug/2014:14:44:29 +0700] "GET /elab/lab/assignment/277/3510/8757/ HTTP/1.1" 200 3685 "http://cloud3.cpe.ku.ac.th/elab/lab/277/3510/" "Mozilla/5.0 (X11; Ubuntu; Linux i686; rv:20.0) Gecko/20100101 Firefox/20.0"
158.108.96.233 - - [19/Aug/2014:14:44:29 +0700] "GET /elab/lab/assignment/277/3510/8631/ HTTP/1.1" 200 7395 "http://cloud3.cpe.ku.ac.th/elab/lab/277/3510/" "Mozilla/5.0 (X11; Ubuntu; Linux i686; rv:23.0) Gecko/20100101 Firefox/23.0"
158.108.240.74 - - [19/Aug/2014:14:44:33 +0700] "GET /elab/lab/277/3510/ HTTP/1.1" 200 13495 "http://cloud3.cpe.ku.ac.th/elab/lab/277/" "Mozilla/5.0 (X11; Ubuntu; Linux i686; rv:20.0) Gecko/20100101 Firefox/20.0"
158.108.240.74 - - [19/Aug/2014:14:44:33 +0700] "GET /elab_media//css/theme/ui.all.css HTTP/1.1" 200 47 "http://cloud3.cpe.ku.ac.th/elab/lab/277/3510/" "Mozilla/5.0 (X11; Ubuntu; Linux i686; rv:20.0) Gecko/20100101 Firefox/20.0"
158.108.240.74 - - [19/Aug/2014:14:44:33 +0700] "GET /elab_media//js/jquery-ui.js HTTP/1.1" 200 32596 "http://cloud3.cpe.ku.ac.th/elab/lab/277/3510/" "Mozilla/5.0 (X11; Ubuntu; Linux i686; rv:20.0) Gecko/20100101 Firefox/20.0"
158.108.240.74 - - [19/Aug/2014:14:44:33 +0700] "GET /elab_media//css/theme/ui.theme.css HTTP/1.1" 200 16776 "http://cloud3.cpe.ku.ac.th/elab_media//css/theme/ui.all.css" "Mozilla/5.0 (X11; Ubuntu; Linux i686; rv:20.0) Gecko/20100101 Firefox/20.0"
158.108.240.74 - - [19/Aug/2014:14:44:33 +0700] "GET /elab_media//css/theme/ui.base.css HTTP/1.1" 200 252 "http://cloud3.cpe.ku.ac.th/elab_media//css/theme/ui.all.css" "Mozilla/5.0 (X11; Ubuntu; Linux i686; rv:20.0) Gecko/20100101 Firefox/20.0"
158.108.240.74 - - [19/Aug/2014:14:44:33 +0700] "GET /elab_media//js/jquery.js HTTP/1.1" 200 117302 "http://cloud3.cpe.ku.ac.th/elab/lab/277/3510/" "Mozilla/5.0 (X11; Ubuntu; Linux i686; rv:20.0) Gecko/20100101 Firefox/20.0"
158.108.240.74 - - [19/Aug/2014:14:44:33 +0700] "GET /elab_media//css/theme/ui.accordion.css HTTP/1.1" 200 711 "http://cloud3.cpe.ku.ac.th/elab_media//css/theme/ui.base.css" "Mozilla/5.0 (X11; Ubuntu; Linux i686; rv:20.0) Gecko/20100101 Firefox/20.0"
158.108.240.74 - - [19/Aug/2014:14:44:33 +0700] "GET /elab_media//css/theme/ui.datepicker.css HTTP/1.1" 200 3936 "http://cloud3.cpe.ku.ac.th/elab_media//css/theme/ui.base.css" "Mozilla/5.0 (X11; Ubuntu; Linux i686; rv:20.0) Gecko/20100101 Firefox/20.0"
158.108.240.74 - - [19/Aug/2014:14:44:33 +0700] "GET /elab_media//css/theme/ui.core.css HTTP/1.1" 200 1352 "http://cloud3.cpe.ku.ac.th/elab_media//css/theme/ui.base.css" "Mozilla/5.0 (X11; Ubuntu; Linux i686; rv:20.0) Gecko/20100101 Firefox/20.0"
158.108.240.74 - - [19/Aug/2014:14:44:33 +0700] "GET /elab_media//css/theme/ui.progressbar.css HTTP/1.1" 200 169 "http://cloud3.cpe.ku.ac.th/elab_media//css/theme/ui.base.css" "Mozilla/5.0 (X11; Ubuntu; Linux i686; rv:20.0) Gecko/20100101 Firefox/20.0"
158.108.240.74 - - [19/Aug/2014:14:44:33 +0700] "GET /elab_media//css/theme/ui.resizable.css HTTP/1.1" 200 993 "http://cloud3.cpe.ku.ac.th/elab_media//css/theme/ui.base.css" "Mozilla/5.0 (X11; Ubuntu; Linux i686; rv:20.0) Gecko/20100101 Firefox/20.0"
158.108.240.74 - - [19/Aug/2014:14:44:33 +0700] "GET /elab_media//css/theme/ui.slider.css HTTP/1.1" 200 929 "http://cloud3.cpe.ku.ac.th/elab_media//css/theme/ui.base.css" "Mozilla/5.0 (X11; Ubuntu; Linux i686; rv:20.0) Gecko/20100101 Firefox/20.0"
158.108.240.74 - - [19/Aug/2014:14:44:33 +0700] "GET /elab_media//css/theme/ui.tabs.css HTTP/1.1" 200 590 "http://cloud3.cpe.ku.ac.th/elab_media//css/theme/ui.base.css" "Mozilla/5.0 (X11; Ubuntu; Linux i686; rv:20.0) Gecko/20100101 Firefox/20.0"
158.108.240.74 - - [19/Aug/2014:14:44:33 +0700] "GET /elab_media//css/theme/ui.dialog.css HTTP/1.1" 200 1154 "http://cloud3.cpe.ku.ac.th/elab_media//css/theme/ui.base.css" "Mozilla/5.0 (X11; Ubuntu; Linux i686; rv:20.0) Gecko/20100101 Firefox/20.0"
158.108.240.74 - - [19/Aug/2014:14:44:33 +0700] "GET /elab_media//css/theme/images/ui-bg_flat_75_ffffff_40x100.png HTTP/1.1" 200 178 "http://cloud3.cpe.ku.ac.th/elab_media//css/theme/ui.theme.css" "Mozilla/5.0 (X11; Ubuntu; Linux i686; rv:20.0) Gecko/20100101 Firefox/20.0"
158.108.240.74 - - [19/Aug/2014:14:44:33 +0700] "GET /elab_media//css/theme/images/ui-bg_highlight-soft_75_cccccc_1x100.png HTTP/1.1" 200 101 "http://cloud3.cpe.ku.ac.th/elab_media//css/theme/ui.theme.css" "Mozilla/5.0 (X11; Ubuntu; Linux i686; rv:20.0) Gecko/20100101 Firefox/20.0"
158.108.240.74 - - [19/Aug/2014:14:44:33 +0700] "GET /elab_media//css/theme/images/ui-bg_glass_65_ffffff_1x400.png HTTP/1.1" 200 105 "http://cloud3.cpe.ku.ac.th/elab_media//css/theme/ui.theme.css" "Mozilla/5.0 (X11; Ubuntu; Linux i686; rv:20.0) Gecko/20100101 Firefox/20.0"
158.108.240.74 - - [19/Aug/2014:14:44:33 +0700] "GET /elab_media//css/theme/images/ui-bg_glass_75_e6e6e6_1x400.png HTTP/1.1" 200 110 "http://cloud3.cpe.ku.ac.th/elab_media//css/theme/ui.theme.css" "Mozilla/5.0 (X11; Ubuntu; Linux i686; rv:20.0) Gecko/20100101 Firefox/20.0"
158.108.102.38 - - [19/Aug/2014:14:44:33 +0700] "GET /elab/lab/assignment/277/3510/8756/ HTTP/1.1" 200 4018 "http://cloud3.cpe.ku.ac.th/elab/lab/277/3510/" "Mozilla/5.0 (X11; Ubuntu; Linux i686; rv:20.0) Gecko/20100101 Firefox/20.0"
158.108.102.38 - - [19/Aug/2014:14:44:33 +0700] "GET /elab_media/eqn/5/d/b/5dbf8359bf8adcc1e5230b8252da2432.png HTTP/1.1" 200 541 "http://cloud3.cpe.ku.ac.th/elab/lab/277/3510/" "Mozilla/5.0 (X11; Ubuntu; Linux i686; rv:20.0) Gecko/20100101 Firefox/20.0"
158.108.102.38 - - [19/Aug/2014:14:44:33 +0700] "GET /elab_media/eqn/d/a/c/dac747f131d31c83a9be33afe7893911.png HTTP/1.1" 200 593 "http://cloud3.cpe.ku.ac.th/elab/lab/277/3510/" "Mozilla/5.0 (X11; Ubuntu; Linux i686; rv:20.0) Gecko/20100101 Firefox/20.0"
158.108.102.38 - - [19/Aug/2014:14:44:33 +0700] "GET /elab_media/eqn/0/3/5/035e2d4b56f697bb7773c45eb2b61c5b.png HTTP/1.1" 200 977 "http://cloud3.cpe.ku.ac.th/elab/lab/277/3510/" "Mozilla/5.0 (X11; Ubuntu; Linux i686; rv:20.0) Gecko/20100101 Firefox/20.0"
158.108.96.233 - - [19/Aug/2014:14:44:34 +0700] "GET /elab/lab/assignment/277/3510/8621/ HTTP/1.1" 200 4353 "http://cloud3.cpe.ku.ac.th/elab/lab/277/3510/" "Mozilla/5.0 (X11; Ubuntu; Linux i686; rv:23.0) Gecko/20100101 Firefox/23.0"
158.108.102.38 - - [19/Aug/2014:14:44:34 +0700] "GET /elab/lab/assignment/277/3510/8621/ HTTP/1.1" 200 4353 "http://cloud3.cpe.ku.ac.th/elab/lab/277/3510/" "Mozilla/5.0 (X11; Ubuntu; Linux i686; rv:20.0) Gecko/20100101 Firefox/20.0"
158.108.98.57 - - [19/Aug/2014:14:43:52 +0700] "POST /elab/accounts/login/ HTTP/1.1" 200 1521 "https://cloud3.cpe.ku.ac.th/elab/accounts/login/" "Mozilla/5.0 (X11; Ubuntu; Linux i686; rv:20.0) Gecko/20100101 Firefox/20.0"
158.108.241.99 - - [19/Aug/2014:14:43:56 +0700] "POST /elab/accounts/login/ HTTP/1.1" 200 1521 "https://cloud3.cpe.ku.ac.th/elab/accounts/login/?next=/elab/" "Mozilla/5.0 (X11; Ubuntu; Linux i686; rv:20.0) Gecko/20100101 Firefox/20.0"
158.108.99.164 - - [19/Aug/2014:14:44:35 +0700] "POST /elab/accounts/login/ HTTP/1.1" 302 - "https://cloud3.cpe.ku.ac.th/elab/accounts/login/?next=/elab/" "Mozilla/5.0 (X11; Ubuntu; Linux i686; rv:20.0) Gecko/20100101 Firefox/20.0"
158.108.99.164 - - [19/Aug/2014:14:44:41 +0700] "GET /elab/ HTTP/1.1" 200 2110 "-" "Mozilla/5.0 (X11; Ubuntu; Linux i686; rv:20.0) Gecko/20100101 Firefox/20.0"
158.108.99.164 - - [19/Aug/2014:14:44:41 +0700] "GET /elab_media//css/base.css HTTP/1.1" 200 9213 "http://cloud3.cpe.ku.ac.th/elab/" "Mozilla/5.0 (X11; Ubuntu; Linux i686; rv:20.0) Gecko/20100101 Firefox/20.0"
158.108.99.164 - - [19/Aug/2014:14:44:41 +0700] "GET /favicon.ico HTTP/1.1" 404 476 "-" "Mozilla/5.0 (X11; Ubuntu; Linux i686; rv:20.0) Gecko/20100101 Firefox/20.0"
158.108.99.164 - - [19/Aug/2014:14:44:41 +0700] "GET /favicon.ico HTTP/1.1" 404 476 "-" "Mozilla/5.0 (X11; Ubuntu; Linux i686; rv:20.0) Gecko/20100101 Firefox/20.0"
158.108.98.122 - - [19/Aug/2014:14:44:41 +0700] "GET /elab/lab/277/ HTTP/1.1" 200 1568 "http://cloud3.cpe.ku.ac.th/elab/" "Mozilla/5.0 (X11; Ubuntu; Linux i686; rv:20.0) Gecko/20100101 Firefox/20.0"
158.108.45.1093 - - [19/Aug/2014:14:44:43 +0700] "GET /elab_media//css/theme/images/ui-bg_glass_75_dadada_1x400.png HTTP/1.1" 200 111 "http://cloud3.cpe.ku.ac.th/elab/lab/277/3510/" "Mozilla/5.0 (X11; Linux i686) AppleWebKit/537.36 (KHTML, like Gecko) Chrome/30.0.1599.114 Safari/537.36"
158.108.100.25 - - [19/Aug/2014:14:44:46 +0700] "POST /elab/accounts/login/ HTTP/1.1" 302 - "https://cloud3.cpe.ku.ac.th/elab/accounts/login/?next=/elab/" "Mozilla/5.0 (X11; Ubuntu; Linux i686; rv:20.0) Gecko/20100101 Firefox/20.0"
158.108.100.25 - - [19/Aug/2014:14:44:51 +0700] "GET /elab/ HTTP/1.1" 200 2104 "-" "Mozilla/5.0 (X11; Ubuntu; Linux i686; rv:20.0) Gecko/20100101 Firefox/20.0"
158.108.100.25 - - [19/Aug/2014:14:44:52 +0700] "GET /elab_media//css/base.css HTTP/1.1" 200 9213 "http://cloud3.cpe.ku.ac.th/elab/" "Mozilla/5.0 (X11; Ubuntu; Linux i686; rv:20.0) Gecko/20100101 Firefox/20.0"
158.108.100.25 - - [19/Aug/2014:14:44:52 +0700] "GET /favicon.ico HTTP/1.1" 404 476 "-" "Mozilla/5.0 (X11; Ubuntu; Linux i686; rv:20.0) Gecko/20100101 Firefox/20.0"
158.108.100.25 - - [19/Aug/2014:14:44:52 +0700] "GET /favicon.ico HTTP/1.1" 404 476 "-" "Mozilla/5.0 (X11; Ubuntu; Linux i686; rv:20.0) Gecko/20100101 Firefox/20.0"
158.108.98.122 - - [19/Aug/2014:14:44:55 +0700] "GET /elab/lab/277/3510/ HTTP/1.1" 200 13487 "http://cloud3.cpe.ku.ac.th/elab/lab/277/" "Mozilla/5.0 (X11; Ubuntu; Linux i686; rv:20.0) Gecko/20100101 Firefox/20.0"
158.108.98.122 - - [19/Aug/2014:14:44:55 +0700] "GET /elab_media//css/theme/ui.all.css HTTP/1.1" 200 47 "http://cloud3.cpe.ku.ac.th/elab/lab/277/3510/" "Mozilla/5.0 (X11; Ubuntu; Linux i686; rv:20.0) Gecko/20100101 Firefox/20.0"
158.108.98.122 - - [19/Aug/2014:14:44:55 +0700] "GET /elab_media//js/jquery-ui.js HTTP/1.1" 200 32596 "http://cloud3.cpe.ku.ac.th/elab/lab/277/3510/" "Mozilla/5.0 (X11; Ubuntu; Linux i686; rv:20.0) Gecko/20100101 Firefox/20.0"
158.108.98.122 - - [19/Aug/2014:14:44:55 +0700] "GET /elab_media//css/theme/ui.base.css HTTP/1.1" 200 252 "http://cloud3.cpe.ku.ac.th/elab_media//css/theme/ui.all.css" "Mozilla/5.0 (X11; Ubuntu; Linux i686; rv:20.0) Gecko/20100101 Firefox/20.0"
158.108.98.122 - - [19/Aug/2014:14:44:55 +0700] "GET /elab_media//js/jquery.js HTTP/1.1" 200 117302 "http://cloud3.cpe.ku.ac.th/elab/lab/277/3510/" "Mozilla/5.0 (X11; Ubuntu; Linux i686; rv:20.0) Gecko/20100101 Firefox/20.0"
158.108.98.122 - - [19/Aug/2014:14:44:55 +0700] "GET /elab_media//css/theme/ui.core.css HTTP/1.1" 200 1352 "http://cloud3.cpe.ku.ac.th/elab_media//css/theme/ui.base.css" "Mozilla/5.0 (X11; Ubuntu; Linux i686; rv:20.0) Gecko/20100101 Firefox/20.0"
158.108.98.122 - - [19/Aug/2014:14:44:55 +0700] "GET /elab_media//css/theme/ui.accordion.css HTTP/1.1" 200 711 "http://cloud3.cpe.ku.ac.th/elab_media//css/theme/ui.base.css" "Mozilla/5.0 (X11; Ubuntu; Linux i686; rv:20.0) Gecko/20100101 Firefox/20.0"
158.108.98.122 - - [19/Aug/2014:14:44:55 +0700] "GET /elab_media//css/theme/ui.theme.css HTTP/1.1" 200 16776 "http://cloud3.cpe.ku.ac.th/elab_media//css/theme/ui.all.css" "Mozilla/5.0 (X11; Ubuntu; Linux i686; rv:20.0) Gecko/20100101 Firefox/20.0"
158.108.98.122 - - [19/Aug/2014:14:44:55 +0700] "GET /elab_media//css/theme/ui.dialog.css HTTP/1.1" 200 1154 "http://cloud3.cpe.ku.ac.th/elab_media//css/theme/ui.base.css" "Mozilla/5.0 (X11; Ubuntu; Linux i686; rv:20.0) Gecko/20100101 Firefox/20.0"
158.108.98.122 - - [19/Aug/2014:14:44:55 +0700] "GET /elab_media//css/theme/ui.datepicker.css HTTP/1.1" 200 3936 "http://cloud3.cpe.ku.ac.th/elab_media//css/theme/ui.base.css" "Mozilla/5.0 (X11; Ubuntu; Linux i686; rv:20.0) Gecko/20100101 Firefox/20.0"
158.108.98.122 - - [19/Aug/2014:14:44:55 +0700] "GET /elab_media//css/theme/ui.slider.css HTTP/1.1" 200 929 "http://cloud3.cpe.ku.ac.th/elab_media//css/theme/ui.base.css" "Mozilla/5.0 (X11; Ubuntu; Linux i686; rv:20.0) Gecko/20100101 Firefox/20.0"
158.108.98.122 - - [19/Aug/2014:14:44:55 +0700] "GET /elab_media//css/theme/ui.progressbar.css HTTP/1.1" 200 169 "http://cloud3.cpe.ku.ac.th/elab_media//css/theme/ui.base.css" "Mozilla/5.0 (X11; Ubuntu; Linux i686; rv:20.0) Gecko/20100101 Firefox/20.0"
158.108.98.122 - - [19/Aug/2014:14:44:55 +0700] "GET /elab_media//css/theme/ui.resizable.css HTTP/1.1" 200 993 "http://cloud3.cpe.ku.ac.th/elab_media//css/theme/ui.base.css" "Mozilla/5.0 (X11; Ubuntu; Linux i686; rv:20.0) Gecko/20100101 Firefox/20.0"
158.108.98.122 - - [19/Aug/2014:14:44:55 +0700] "GET /elab_media//css/theme/ui.tabs.css HTTP/1.1" 200 590 "http://cloud3.cpe.ku.ac.th/elab_media//css/theme/ui.base.css" "Mozilla/5.0 (X11; Ubuntu; Linux i686; rv:20.0) Gecko/20100101 Firefox/20.0"
158.108.98.122 - - [19/Aug/2014:14:44:56 +0700] "GET /elab_media//css/theme/images/ui-bg_glass_75_e6e6e6_1x400.png HTTP/1.1" 200 110 "http://cloud3.cpe.ku.ac.th/elab_media//css/theme/ui.theme.css" "Mozilla/5.0 (X11; Ubuntu; Linux i686; rv:20.0) Gecko/20100101 Firefox/20.0"
158.108.98.122 - - [19/Aug/2014:14:44:56 +0700] "GET /elab_media//css/theme/images/ui-bg_glass_65_ffffff_1x400.png HTTP/1.1" 200 105 "http://cloud3.cpe.ku.ac.th/elab_media//css/theme/ui.theme.css" "Mozilla/5.0 (X11; Ubuntu; Linux i686; rv:20.0) Gecko/20100101 Firefox/20.0"
158.108.98.122 - - [19/Aug/2014:14:44:56 +0700] "GET /elab_media//css/theme/images/ui-bg_flat_75_ffffff_40x100.png HTTP/1.1" 200 178 "http://cloud3.cpe.ku.ac.th/elab_media//css/theme/ui.theme.css" "Mozilla/5.0 (X11; Ubuntu; Linux i686; rv:20.0) Gecko/20100101 Firefox/20.0"
158.108.98.122 - - [19/Aug/2014:14:44:56 +0700] "GET /elab_media//css/theme/images/ui-bg_highlight-soft_75_cccccc_1x100.png HTTP/1.1" 200 101 "http://cloud3.cpe.ku.ac.th/elab_media//css/theme/ui.theme.css" "Mozilla/5.0 (X11; Ubuntu; Linux i686; rv:20.0) Gecko/20100101 Firefox/20.0"
158.108.98.57 - - [19/Aug/2014:14:44:54 +0700] "POST /elab/accounts/login/ HTTP/1.1" 302 - "https://cloud3.cpe.ku.ac.th/elab/accounts/login/" "Mozilla/5.0 (X11; Ubuntu; Linux i686; rv:20.0) Gecko/20100101 Firefox/20.0"
158.108.96.18 - - [19/Aug/2014:14:44:59 +0700] "GET /elab_media//css/theme/images/ui-bg_glass_75_dadada_1x400.png HTTP/1.1" 200 111 "http://cloud3.cpe.ku.ac.th/elab_media//css/theme/ui.theme.css" "Mozilla/5.0 (X11; Ubuntu; Linux i686; rv:20.0) Gecko/20100101 Firefox/20.0"
158.108.98.57 - - [19/Aug/2014:14:44:59 +0700] "GET /elab/ HTTP/1.1" 200 2099 "-" "Mozilla/5.0 (X11; Ubuntu; Linux i686; rv:20.0) Gecko/20100101 Firefox/20.0"
158.108.98.57 - - [19/Aug/2014:14:44:59 +0700] "GET /elab_media//css/base.css HTTP/1.1" 200 9213 "http://cloud3.cpe.ku.ac.th/elab/" "Mozilla/5.0 (X11; Ubuntu; Linux i686; rv:20.0) Gecko/20100101 Firefox/20.0"
158.108.98.57 - - [19/Aug/2014:14:44:59 +0700] "GET /favicon.ico HTTP/1.1" 404 476 "-" "Mozilla/5.0 (X11; Ubuntu; Linux i686; rv:20.0) Gecko/20100101 Firefox/20.0"
158.108.98.57 - - [19/Aug/2014:14:44:59 +0700] "GET /favicon.ico HTTP/1.1" 404 476 "-" "Mozilla/5.0 (X11; Ubuntu; Linux i686; rv:20.0) Gecko/20100101 Firefox/20.0"
158.108.96.18 - - [19/Aug/2014:14:45:01 +0700] "GET /elab/lab/submissions/277/8621/ HTTP/1.1" 200 21 "http://cloud3.cpe.ku.ac.th/elab/lab/277/3510/" "Mozilla/5.0 (X11; Ubuntu; Linux i686; rv:20.0) Gecko/20100101 Firefox/20.0"
158.108.98.122 - - [19/Aug/2014:14:45:02 +0700] "GET /elab_media//css/theme/images/ui-bg_glass_75_dadada_1x400.png HTTP/1.1" 200 111 "http://cloud3.cpe.ku.ac.th/elab_media//css/theme/ui.theme.css" "Mozilla/5.0 (X11; Ubuntu; Linux i686; rv:20.0) Gecko/20100101 Firefox/20.0"
158.108.96.18 - - [19/Aug/2014:14:45:03 +0700] "GET /elab/lab/assignment/277/3510/8622/ HTTP/1.1" 200 7788 "http://cloud3.cpe.ku.ac.th/elab/lab/277/3510/" "Mozilla/5.0 (X11; Ubuntu; Linux i686; rv:20.0) Gecko/20100101 Firefox/20.0"
158.108.96.18 - - [19/Aug/2014:14:45:04 +0700] "GET /elab/lab/assignment/277/3510/8623/ HTTP/1.1" 200 5771 "http://cloud3.cpe.ku.ac.th/elab/lab/277/3510/" "Mozilla/5.0 (X11; Ubuntu; Linux i686; rv:20.0) Gecko/20100101 Firefox/20.0"
158.108.99.50 - - [19/Aug/2014:14:45:03 +0700] "GET /elab/lab/277/ HTTP/1.1" 200 1571 "http://cloud3.cpe.ku.ac.th/elab/" "Mozilla/5.0 (X11; Ubuntu; Linux i686; rv:20.0) Gecko/20100101 Firefox/20.0"
158.108.96.18 - - [19/Aug/2014:14:45:04 +0700] "GET /elab/lab/assignment/277/3510/8622/ HTTP/1.1" 200 7788 "http://cloud3.cpe.ku.ac.th/elab/lab/277/3510/" "Mozilla/5.0 (X11; Ubuntu; Linux i686; rv:20.0) Gecko/20100101 Firefox/20.0"
158.108.96.18 - - [19/Aug/2014:14:45:05 +0700] "GET /elab/lab/assignment/277/3510/8621/ HTTP/1.1" 200 4353 "http://cloud3.cpe.ku.ac.th/elab/lab/277/3510/" "Mozilla/5.0 (X11; Ubuntu; Linux i686; rv:20.0) Gecko/20100101 Firefox/20.0"
158.108.99.50 - - [19/Aug/2014:14:45:06 +0700] "GET /elab/lab/277/3510/ HTTP/1.1" 200 13490 "http://cloud3.cpe.ku.ac.th/elab/lab/277/" "Mozilla/5.0 (X11; Ubuntu; Linux i686; rv:20.0) Gecko/20100101 Firefox/20.0"
158.108.99.50 - - [19/Aug/2014:14:45:06 +0700] "GET /elab_media//css/theme/ui.all.css HTTP/1.1" 200 47 "http://cloud3.cpe.ku.ac.th/elab/lab/277/3510/" "Mozilla/5.0 (X11; Ubuntu; Linux i686; rv:20.0) Gecko/20100101 Firefox/20.0"
158.108.99.50 - - [19/Aug/2014:14:45:06 +0700] "GET /elab_media//css/theme/ui.base.css HTTP/1.1" 200 252 "http://cloud3.cpe.ku.ac.th/elab_media//css/theme/ui.all.css" "Mozilla/5.0 (X11; Ubuntu; Linux i686; rv:20.0) Gecko/20100101 Firefox/20.0"
158.108.99.50 - - [19/Aug/2014:14:45:06 +0700] "GET /elab_media//js/jquery-ui.js HTTP/1.1" 200 32596 "http://cloud3.cpe.ku.ac.th/elab/lab/277/3510/" "Mozilla/5.0 (X11; Ubuntu; Linux i686; rv:20.0) Gecko/20100101 Firefox/20.0"
158.108.99.50 - - [19/Aug/2014:14:45:06 +0700] "GET /elab_media//css/theme/ui.theme.css HTTP/1.1" 200 16776 "http://cloud3.cpe.ku.ac.th/elab_media//css/theme/ui.all.css" "Mozilla/5.0 (X11; Ubuntu; Linux i686; rv:20.0) Gecko/20100101 Firefox/20.0"
158.108.99.50 - - [19/Aug/2014:14:45:06 +0700] "GET /elab_media//js/jquery.js HTTP/1.1" 200 117302 "http://cloud3.cpe.ku.ac.th/elab/lab/277/3510/" "Mozilla/5.0 (X11; Ubuntu; Linux i686; rv:20.0) Gecko/20100101 Firefox/20.0"
158.108.99.50 - - [19/Aug/2014:14:45:06 +0700] "GET /elab_media//css/theme/ui.core.css HTTP/1.1" 200 1352 "http://cloud3.cpe.ku.ac.th/elab_media//css/theme/ui.base.css" "Mozilla/5.0 (X11; Ubuntu; Linux i686; rv:20.0) Gecko/20100101 Firefox/20.0"
158.108.99.50 - - [19/Aug/2014:14:45:06 +0700] "GET /elab_media//css/theme/ui.datepicker.css HTTP/1.1" 200 3936 "http://cloud3.cpe.ku.ac.th/elab_media//css/theme/ui.base.css" "Mozilla/5.0 (X11; Ubuntu; Linux i686; rv:20.0) Gecko/20100101 Firefox/20.0"
158.108.99.50 - - [19/Aug/2014:14:45:06 +0700] "GET /elab_media//css/theme/ui.accordion.css HTTP/1.1" 200 711 "http://cloud3.cpe.ku.ac.th/elab_media//css/theme/ui.base.css" "Mozilla/5.0 (X11; Ubuntu; Linux i686; rv:20.0) Gecko/20100101 Firefox/20.0"
158.108.99.50 - - [19/Aug/2014:14:45:06 +0700] "GET /elab_media//css/theme/ui.dialog.css HTTP/1.1" 200 1154 "http://cloud3.cpe.ku.ac.th/elab_media//css/theme/ui.base.css" "Mozilla/5.0 (X11; Ubuntu; Linux i686; rv:20.0) Gecko/20100101 Firefox/20.0"
158.108.99.50 - - [19/Aug/2014:14:45:06 +0700] "GET /elab_media//css/theme/ui.progressbar.css HTTP/1.1" 200 169 "http://cloud3.cpe.ku.ac.th/elab_media//css/theme/ui.base.css" "Mozilla/5.0 (X11; Ubuntu; Linux i686; rv:20.0) Gecko/20100101 Firefox/20.0"
158.108.99.50 - - [19/Aug/2014:14:45:06 +0700] "GET /elab_media//css/theme/ui.resizable.css HTTP/1.1" 200 993 "http://cloud3.cpe.ku.ac.th/elab_media//css/theme/ui.base.css" "Mozilla/5.0 (X11; Ubuntu; Linux i686; rv:20.0) Gecko/20100101 Firefox/20.0"
158.108.99.50 - - [19/Aug/2014:14:45:06 +0700] "GET /elab_media//css/theme/ui.slider.css HTTP/1.1" 200 929 "http://cloud3.cpe.ku.ac.th/elab_media//css/theme/ui.base.css" "Mozilla/5.0 (X11; Ubuntu; Linux i686; rv:20.0) Gecko/20100101 Firefox/20.0"
158.108.99.50 - - [19/Aug/2014:14:45:06 +0700] "GET /elab_media//css/theme/ui.tabs.css HTTP/1.1" 200 590 "http://cloud3.cpe.ku.ac.th/elab_media//css/theme/ui.base.css" "Mozilla/5.0 (X11; Ubuntu; Linux i686; rv:20.0) Gecko/20100101 Firefox/20.0"
158.108.99.50 - - [19/Aug/2014:14:45:06 +0700] "GET /elab_media//css/theme/images/ui-bg_flat_75_ffffff_40x100.png HTTP/1.1" 200 178 "http://cloud3.cpe.ku.ac.th/elab_media//css/theme/ui.theme.css" "Mozilla/5.0 (X11; Ubuntu; Linux i686; rv:20.0) Gecko/20100101 Firefox/20.0"
158.108.99.50 - - [19/Aug/2014:14:45:06 +0700] "GET /elab_media//css/theme/images/ui-bg_highlight-soft_75_cccccc_1x100.png HTTP/1.1" 200 101 "http://cloud3.cpe.ku.ac.th/elab_media//css/theme/ui.theme.css" "Mozilla/5.0 (X11; Ubuntu; Linux i686; rv:20.0) Gecko/20100101 Firefox/20.0"
158.108.99.50 - - [19/Aug/2014:14:45:06 +0700] "GET /elab_media//css/theme/images/ui-bg_glass_65_ffffff_1x400.png HTTP/1.1" 200 105 "http://cloud3.cpe.ku.ac.th/elab_media//css/theme/ui.theme.css" "Mozilla/5.0 (X11; Ubuntu; Linux i686; rv:20.0) Gecko/20100101 Firefox/20.0"
158.108.99.50 - - [19/Aug/2014:14:45:06 +0700] "GET /elab_media//css/theme/images/ui-bg_glass_75_e6e6e6_1x400.png HTTP/1.1" 200 110 "http://cloud3.cpe.ku.ac.th/elab_media//css/theme/ui.theme.css" "Mozilla/5.0 (X11; Ubuntu; Linux i686; rv:20.0) Gecko/20100101 Firefox/20.0"
158.108.92.172 - - [19/Aug/2014:14:45:05 +0700] "GET /elab2/accounts/login/ HTTP/1.1" 200 1136 "-" "Python-urllib/2.5"
158.108.98.57 - - [19/Aug/2014:14:45:10 +0700] "GET /elab/lab/277/ HTTP/1.1" 200 1560 "http://cloud3.cpe.ku.ac.th/elab/" "Mozilla/5.0 (X11; Ubuntu; Linux i686; rv:20.0) Gecko/20100101 Firefox/20.0"
158.108.98.57 - - [19/Aug/2014:14:45:12 +0700] "GET /elab/lab/277/3510/ HTTP/1.1" 200 13479 "http://cloud3.cpe.ku.ac.th/elab/lab/277/" "Mozilla/5.0 (X11; Ubuntu; Linux i686; rv:20.0) Gecko/20100101 Firefox/20.0"
158.108.98.57 - - [19/Aug/2014:14:45:12 +0700] "GET /elab_media//css/theme/ui.all.css HTTP/1.1" 200 47 "http://cloud3.cpe.ku.ac.th/elab/lab/277/3510/" "Mozilla/5.0 (X11; Ubuntu; Linux i686; rv:20.0) Gecko/20100101 Firefox/20.0"
158.108.98.57 - - [19/Aug/2014:14:45:12 +0700] "GET /elab_media//css/theme/ui.base.css HTTP/1.1" 200 252 "http://cloud3.cpe.ku.ac.th/elab_media//css/theme/ui.all.css" "Mozilla/5.0 (X11; Ubuntu; Linux i686; rv:20.0) Gecko/20100101 Firefox/20.0"
158.108.98.57 - - [19/Aug/2014:14:45:12 +0700] "GET /elab_media//js/jquery-ui.js HTTP/1.1" 200 32596 "http://cloud3.cpe.ku.ac.th/elab/lab/277/3510/" "Mozilla/5.0 (X11; Ubuntu; Linux i686; rv:20.0) Gecko/20100101 Firefox/20.0"
158.108.98.57 - - [19/Aug/2014:14:45:12 +0700] "GET /elab_media//js/jquery.js HTTP/1.1" 200 117302 "http://cloud3.cpe.ku.ac.th/elab/lab/277/3510/" "Mozilla/5.0 (X11; Ubuntu; Linux i686; rv:20.0) Gecko/20100101 Firefox/20.0"
158.108.98.57 - - [19/Aug/2014:14:45:12 +0700] "GET /elab_media//css/theme/ui.theme.css HTTP/1.1" 200 16776 "http://cloud3.cpe.ku.ac.th/elab_media//css/theme/ui.all.css" "Mozilla/5.0 (X11; Ubuntu; Linux i686; rv:20.0) Gecko/20100101 Firefox/20.0"
158.108.98.57 - - [19/Aug/2014:14:45:12 +0700] "GET /elab_media//css/theme/ui.core.css HTTP/1.1" 200 1352 "http://cloud3.cpe.ku.ac.th/elab_media//css/theme/ui.base.css" "Mozilla/5.0 (X11; Ubuntu; Linux i686; rv:20.0) Gecko/20100101 Firefox/20.0"
158.108.98.57 - - [19/Aug/2014:14:45:12 +0700] "GET /elab_media//css/theme/ui.accordion.css HTTP/1.1" 200 711 "http://cloud3.cpe.ku.ac.th/elab_media//css/theme/ui.base.css" "Mozilla/5.0 (X11; Ubuntu; Linux i686; rv:20.0) Gecko/20100101 Firefox/20.0"
158.108.98.57 - - [19/Aug/2014:14:45:12 +0700] "GET /elab_media//css/theme/ui.dialog.css HTTP/1.1" 200 1154 "http://cloud3.cpe.ku.ac.th/elab_media//css/theme/ui.base.css" "Mozilla/5.0 (X11; Ubuntu; Linux i686; rv:20.0) Gecko/20100101 Firefox/20.0"
158.108.98.57 - - [19/Aug/2014:14:45:12 +0700] "GET /elab_media//css/theme/ui.datepicker.css HTTP/1.1" 200 3936 "http://cloud3.cpe.ku.ac.th/elab_media//css/theme/ui.base.css" "Mozilla/5.0 (X11; Ubuntu; Linux i686; rv:20.0) Gecko/20100101 Firefox/20.0"
158.108.98.57 - - [19/Aug/2014:14:45:12 +0700] "GET /elab_media//css/theme/ui.progressbar.css HTTP/1.1" 200 169 "http://cloud3.cpe.ku.ac.th/elab_media//css/theme/ui.base.css" "Mozilla/5.0 (X11; Ubuntu; Linux i686; rv:20.0) Gecko/20100101 Firefox/20.0"
158.108.98.57 - - [19/Aug/2014:14:45:12 +0700] "GET /elab_media//css/theme/ui.tabs.css HTTP/1.1" 200 590 "http://cloud3.cpe.ku.ac.th/elab_media//css/theme/ui.base.css" "Mozilla/5.0 (X11; Ubuntu; Linux i686; rv:20.0) Gecko/20100101 Firefox/20.0"
158.108.98.57 - - [19/Aug/2014:14:45:12 +0700] "GET /elab_media//css/theme/ui.slider.css HTTP/1.1" 200 929 "http://cloud3.cpe.ku.ac.th/elab_media//css/theme/ui.base.css" "Mozilla/5.0 (X11; Ubuntu; Linux i686; rv:20.0) Gecko/20100101 Firefox/20.0"
158.108.98.57 - - [19/Aug/2014:14:45:12 +0700] "GET /elab_media//css/theme/ui.resizable.css HTTP/1.1" 200 993 "http://cloud3.cpe.ku.ac.th/elab_media//css/theme/ui.base.css" "Mozilla/5.0 (X11; Ubuntu; Linux i686; rv:20.0) Gecko/20100101 Firefox/20.0"
158.108.98.57 - - [19/Aug/2014:14:45:12 +0700] "GET /elab_media//css/theme/images/ui-bg_highlight-soft_75_cccccc_1x100.png HTTP/1.1" 200 101 "http://cloud3.cpe.ku.ac.th/elab_media//css/theme/ui.theme.css" "Mozilla/5.0 (X11; Ubuntu; Linux i686; rv:20.0) Gecko/20100101 Firefox/20.0"
158.108.98.57 - - [19/Aug/2014:14:45:12 +0700] "GET /elab_media//css/theme/images/ui-bg_flat_75_ffffff_40x100.png HTTP/1.1" 200 178 "http://cloud3.cpe.ku.ac.th/elab_media//css/theme/ui.theme.css" "Mozilla/5.0 (X11; Ubuntu; Linux i686; rv:20.0) Gecko/20100101 Firefox/20.0"
158.108.98.57 - - [19/Aug/2014:14:45:12 +0700] "GET /elab_media//css/theme/images/ui-bg_glass_65_ffffff_1x400.png HTTP/1.1" 200 105 "http://cloud3.cpe.ku.ac.th/elab_media//css/theme/ui.theme.css" "Mozilla/5.0 (X11; Ubuntu; Linux i686; rv:20.0) Gecko/20100101 Firefox/20.0"
158.108.98.57 - - [19/Aug/2014:14:45:12 +0700] "GET /elab_media//css/theme/images/ui-bg_glass_75_e6e6e6_1x400.png HTTP/1.1" 200 110 "http://cloud3.cpe.ku.ac.th/elab_media//css/theme/ui.theme.css" "Mozilla/5.0 (X11; Ubuntu; Linux i686; rv:20.0) Gecko/20100101 Firefox/20.0"
158.108.102.34 - - [19/Aug/2014:14:44:31 +0700] "POST /elab/accounts/login/ HTTP/1.1" 200 1523 "https://cloud3.cpe.ku.ac.th/elab/accounts/login/" "Mozilla/5.0 (X11; Ubuntu; Linux i686; rv:20.0) Gecko/20100101 Firefox/20.0"
158.108.92.172 - - [19/Aug/2014:14:45:07 +0700] "POST /elab2/accounts/login/ HTTP/1.1" 302 - "https://cloud3.cpe.ku.ac.th/elab2/accounts/login/" "Python-urllib/2.5"
158.108.100.25 - - [19/Aug/2014:14:45:16 +0700] "GET /elab/lab/277/ HTTP/1.1" 200 1565 "http://cloud3.cpe.ku.ac.th/elab/" "Mozilla/5.0 (X11; Ubuntu; Linux i686; rv:20.0) Gecko/20100101 Firefox/20.0"
158.108.92.172 - - [19/Aug/2014:14:45:16 +0700] "GET /elab2/ HTTP/1.1" 200 1778 "-" "Python-urllib/2.5"
158.108.92.172 - - [19/Aug/2014:14:45:16 +0700] "GET /elab2/instr/zip/10/text71.zip HTTP/1.1" 200 25584 "-" "Python-urllib/2.5"
158.108.100.25 - - [19/Aug/2014:14:45:18 +0700] "GET /elab/lab/277/3510/ HTTP/1.1" 200 13484 "http://cloud3.cpe.ku.ac.th/elab/lab/277/" "Mozilla/5.0 (X11; Ubuntu; Linux i686; rv:20.0) Gecko/20100101 Firefox/20.0"
158.108.100.25 - - [19/Aug/2014:14:45:18 +0700] "GET /elab_media//css/theme/ui.all.css HTTP/1.1" 200 47 "http://cloud3.cpe.ku.ac.th/elab/lab/277/3510/" "Mozilla/5.0 (X11; Ubuntu; Linux i686; rv:20.0) Gecko/20100101 Firefox/20.0"
158.108.100.25 - - [19/Aug/2014:14:45:18 +0700] "GET /elab_media//css/theme/ui.base.css HTTP/1.1" 200 252 "http://cloud3.cpe.ku.ac.th/elab_media//css/theme/ui.all.css" "Mozilla/5.0 (X11; Ubuntu; Linux i686; rv:20.0) Gecko/20100101 Firefox/20.0"
158.108.100.25 - - [19/Aug/2014:14:45:18 +0700] "GET /elab_media//js/jquery-ui.js HTTP/1.1" 200 32596 "http://cloud3.cpe.ku.ac.th/elab/lab/277/3510/" "Mozilla/5.0 (X11; Ubuntu; Linux i686; rv:20.0) Gecko/20100101 Firefox/20.0"
158.108.100.25 - - [19/Aug/2014:14:45:18 +0700] "GET /elab_media//css/theme/ui.core.css HTTP/1.1" 200 1352 "http://cloud3.cpe.ku.ac.th/elab_media//css/theme/ui.base.css" "Mozilla/5.0 (X11; Ubuntu; Linux i686; rv:20.0) Gecko/20100101 Firefox/20.0"
158.108.100.25 - - [19/Aug/2014:14:45:18 +0700] "GET /elab_media//css/theme/ui.accordion.css HTTP/1.1" 200 711 "http://cloud3.cpe.ku.ac.th/elab_media//css/theme/ui.base.css" "Mozilla/5.0 (X11; Ubuntu; Linux i686; rv:20.0) Gecko/20100101 Firefox/20.0"
158.108.100.25 - - [19/Aug/2014:14:45:18 +0700] "GET /elab_media//css/theme/ui.theme.css HTTP/1.1" 200 16776 "http://cloud3.cpe.ku.ac.th/elab_media//css/theme/ui.all.css" "Mozilla/5.0 (X11; Ubuntu; Linux i686; rv:20.0) Gecko/20100101 Firefox/20.0"
158.108.100.25 - - [19/Aug/2014:14:45:18 +0700] "GET /elab_media//css/theme/ui.datepicker.css HTTP/1.1" 200 3936 "http://cloud3.cpe.ku.ac.th/elab_media//css/theme/ui.base.css" "Mozilla/5.0 (X11; Ubuntu; Linux i686; rv:20.0) Gecko/20100101 Firefox/20.0"
158.108.100.25 - - [19/Aug/2014:14:45:18 +0700] "GET /elab_media//css/theme/ui.resizable.css HTTP/1.1" 200 993 "http://cloud3.cpe.ku.ac.th/elab_media//css/theme/ui.base.css" "Mozilla/5.0 (X11; Ubuntu; Linux i686; rv:20.0) Gecko/20100101 Firefox/20.0"
158.108.100.25 - - [19/Aug/2014:14:45:18 +0700] "GET /elab_media//css/theme/ui.slider.css HTTP/1.1" 200 929 "http://cloud3.cpe.ku.ac.th/elab_media//css/theme/ui.base.css" "Mozilla/5.0 (X11; Ubuntu; Linux i686; rv:20.0) Gecko/20100101 Firefox/20.0"
158.108.100.25 - - [19/Aug/2014:14:45:18 +0700] "GET /elab_media//css/theme/ui.dialog.css HTTP/1.1" 200 1154 "http://cloud3.cpe.ku.ac.th/elab_media//css/theme/ui.base.css" "Mozilla/5.0 (X11; Ubuntu; Linux i686; rv:20.0) Gecko/20100101 Firefox/20.0"
158.108.100.25 - - [19/Aug/2014:14:45:18 +0700] "GET /elab_media//js/jquery.js HTTP/1.1" 200 117302 "http://cloud3.cpe.ku.ac.th/elab/lab/277/3510/" "Mozilla/5.0 (X11; Ubuntu; Linux i686; rv:20.0) Gecko/20100101 Firefox/20.0"
158.108.100.25 - - [19/Aug/2014:14:45:18 +0700] "GET /elab_media//css/theme/ui.tabs.css HTTP/1.1" 200 590 "http://cloud3.cpe.ku.ac.th/elab_media//css/theme/ui.base.css" "Mozilla/5.0 (X11; Ubuntu; Linux i686; rv:20.0) Gecko/20100101 Firefox/20.0"
158.108.100.25 - - [19/Aug/2014:14:45:18 +0700] "GET /elab_media//css/theme/ui.progressbar.css HTTP/1.1" 200 169 "http://cloud3.cpe.ku.ac.th/elab_media//css/theme/ui.base.css" "Mozilla/5.0 (X11; Ubuntu; Linux i686; rv:20.0) Gecko/20100101 Firefox/20.0"
158.108.100.25 - - [19/Aug/2014:14:45:18 +0700] "GET /elab_media//css/theme/images/ui-bg_flat_75_ffffff_40x100.png HTTP/1.1" 200 178 "http://cloud3.cpe.ku.ac.th/elab_media//css/theme/ui.theme.css" "Mozilla/5.0 (X11; Ubuntu; Linux i686; rv:20.0) Gecko/20100101 Firefox/20.0"
