27.55.200.42 - - [19/Aug/2014:14:41:51 +0700] "GET /elab HTTP/1.1" 302 483 "-" "Mozilla/5.0 (Linux; U; Android 4.2.2; de-de; Lenovo A3000-H Build/JDQ39) AppleWebKit/534.30 (KHTML, like Gecko) Version/4.0 Safari/534.30"
1.4.18.94 - - [19/Aug/2014:14:41:36 +0700] "GET / HTTP/1.1" 206 606290 "-" "KillApachePy (0.1d)"
1.4.18.94 - - [19/Aug/2014:14:41:40 +0700] "GET / HTTP/1.1" 206 606290 "-" "KillApachePy (0.1d)"
158.108.104.196 - - [19/Aug/2014:14:41:51 +0700] "GET /elab HTTP/1.1" 302 483 "-" "Mozilla/5.0 (X11; Ubuntu; Linux i686; rv:20.0) Gecko/20100101 Firefox/20.0"
1.4.18.94 - - [19/Aug/2014:14:41:37 +0700] "GET / HTTP/1.1" 206 606290 "-" "KillApachePy (0.1d)"
1.4.18.94 - - [19/Aug/2014:14:41:26 +0700] "GET / HTTP/1.1" 206 606290 "-" "KillApachePy (0.1d)"
158.108.96.233 - - [19/Aug/2014:14:41:47 +0700] "GET /elab HTTP/1.1" 302 483 "-" "Mozilla/5.0 (X11; Ubuntu; Linux i686; rv:23.0) Gecko/20100101 Firefox/23.0"
1.4.18.94 - - [19/Aug/2014:14:41:40 +0700] "GET / HTTP/1.1" 206 606290 "-" "KillApachePy (0.1d)"
1.4.18.94 - - [19/Aug/2014:14:41:38 +0700] "GET / HTTP/1.1" 206 606290 "-" "KillApachePy (0.1d)"
1.4.18.94 - - [19/Aug/2014:14:41:38 +0700] "GET / HTTP/1.1" 206 606290 "-" "KillApachePy (0.1d)"
1.4.18.94 - - [19/Aug/2014:14:41:39 +0700] "GET / HTTP/1.1" 206 606290 "-" "KillApachePy (0.1d)"
1.4.18.94 - - [19/Aug/2014:14:41:35 +0700] "GET / HTTP/1.1" 206 606290 "-" "KillApachePy (0.1d)"
1.4.18.94 - - [19/Aug/2014:14:41:37 +0700] "GET / HTTP/1.1" 206 606290 "-" "KillApachePy (0.1d)"
1.4.18.94 - - [19/Aug/2014:14:41:38 +0700] "GET / HTTP/1.1" 206 606290 "-" "KillApachePy (0.1d)"
1.4.18.94 - - [19/Aug/2014:14:41:40 +0700] "GET / HTTP/1.1" 206 606290 "-" "KillApachePy (0.1d)"
1.4.18.94 - - [19/Aug/2014:14:41:40 +0700] "GET / HTTP/1.1" 206 606290 "-" "KillApachePy (0.1d)"
1.4.18.94 - - [19/Aug/2014:14:41:38 +0700] "GET / HTTP/1.1" 206 606290 "-" "KillApachePy (0.1d)"
1.4.18.94 - - [19/Aug/2014:14:41:40 +0700] "GET / HTTP/1.1" 206 606290 "-" "KillApachePy (0.1d)"
1.4.18.94 - - [19/Aug/2014:14:41:37 +0700] "GET / HTTP/1.1" 206 606290 "-" "KillApachePy (0.1d)"
1.4.18.94 - - [19/Aug/2014:14:41:35 +0700] "GET / HTTP/1.1" 206 606290 "-" "KillApachePy (0.1d)"
1.4.18.94 - - [19/Aug/2014:14:41:39 +0700] "GET / HTTP/1.1" 206 606290 "-" "KillApachePy (0.1d)"
1.4.18.94 - - [19/Aug/2014:14:41:39 +0700] "GET / HTTP/1.1" 206 606290 "-" "KillApachePy (0.1d)"
1.4.18.94 - - [19/Aug/2014:14:41:38 +0700] "GET / HTTP/1.1" 206 606290 "-" "KillApachePy (0.1d)"
158.108.241.198 - - [19/Aug/2014:14:41:09 +0700] "GET /elab/accounts/login/?next=/elab/ HTTP/1.1" 200 1360 "-" "Mozilla/5.0 (X11; Ubuntu; Linux i686; rv:20.0) Gecko/20100101 Firefox/20.0"
158.108.96.193 - - [19/Aug/2014:14:40:13 +0700] "GET /elab/accounts/login/?next=/elab/ HTTP/1.1" 200 1360 "-" "Mozilla/5.0 (X11; Ubuntu; Linux i686; rv:20.0) Gecko/20100101 Firefox/20.0"
158.108.96.18 - - [19/Aug/2014:14:41:29 +0700] "POST /elab/accounts/login/ HTTP/1.1" 302 - "https://cloud3.cpe.ku.ac.th/elab/accounts/login/?next=/elab/" "Mozilla/5.0 (X11; Ubuntu; Linux i686; rv:20.0) Gecko/20100101 Firefox/20.0"
1.4.18.94 - - [19/Aug/2014:14:41:36 +0700] "GET / HTTP/1.1" 206 606290 "-" "KillApachePy (0.1d)"
1.4.18.94 - - [19/Aug/2014:14:41:41 +0700] "GET / HTTP/1.1" 206 606290 "-" "KillApachePy (0.1d)"
1.4.18.94 - - [19/Aug/2014:14:41:39 +0700] "GET / HTTP/1.1" 206 606290 "-" "KillApachePy (0.1d)"
10.2.78.119 - - [19/Aug/2014:14:41:39 +0700] "GET /elab/ HTTP/1.1" 200 3898 "-" "Mozilla/5.0 (Macintosh; Intel Mac OS X 10_9_2) AppleWebKit/537.74.9 (KHTML, like Gecko) Version/7.0.2 Safari/537.74.9"
1.4.18.94 - - [19/Aug/2014:14:41:42 +0700] "GET / HTTP/1.1" 206 606290 "-" "KillApachePy (0.1d)"
1.4.18.94 - - [19/Aug/2014:14:41:41 +0700] "GET / HTTP/1.1" 206 606290 "-" "KillApachePy (0.1d)"
1.4.18.94 - - [19/Aug/2014:14:41:42 +0700] "GET / HTTP/1.1" 206 606290 "-" "KillApachePy (0.1d)"
1.4.18.94 - - [19/Aug/2014:14:41:40 +0700] "GET / HTTP/1.1" 206 606290 "-" "KillApachePy (0.1d)"
1.4.18.94 - - [19/Aug/2014:14:41:42 +0700] "GET / HTTP/1.1" 206 606290 "-" "KillApachePy (0.1d)"
1.4.18.94 - - [19/Aug/2014:14:41:40 +0700] "GET / HTTP/1.1" 206 606290 "-" "KillApachePy (0.1d)"
1.4.18.94 - - [19/Aug/2014:14:41:40 +0700] "GET / HTTP/1.1" 206 606290 "-" "KillApachePy (0.1d)"
1.4.18.94 - - [19/Aug/2014:14:41:41 +0700] "GET / HTTP/1.1" 206 606290 "-" "KillApachePy (0.1d)"
158.108.99.5 - - [19/Aug/2014:14:41:51 +0700] "GET /elab/accounts/login/?next=/elab/ HTTP/1.1" 302 - "-" "Mozilla/5.0 (X11; Ubuntu; Linux i686; rv:20.0) Gecko/20100101 Firefox/20.0"
27.55.200.42 - - [19/Aug/2014:14:41:51 +0700] "GET /elab/ HTTP/1.1" 302 - "-" "Mozilla/5.0 (Linux; U; Android 4.2.2; de-de; Lenovo A3000-H Build/JDQ39) AppleWebKit/534.30 (KHTML, like Gecko) Version/4.0 Safari/534.30"
27.55.200.42 - - [19/Aug/2014:14:41:51 +0700] "GET /elab/accounts/login?next=/elab/ HTTP/1.1" 301 - "-" "Mozilla/5.0 (Linux; U; Android 4.2.2; de-de; Lenovo A3000-H Build/JDQ39) AppleWebKit/534.30 (KHTML, like Gecko) Version/4.0 Safari/534.30"
37.57.4.208 - - [19/Aug/2014:14:41:51 +0700] "GET /webalizer/usage_201308.html HTTP/1.0" 200 170219 "http://galaxy-family.ru/napechatat-vizitki-deshevo-v-gorodne.html" "Mozilla/4.0 (compatible; MSIE 6.0; Windows NT 5.1; Maxthon; .NET CLR 1.1.4322)"
27.55.200.42 - - [19/Aug/2014:14:41:52 +0700] "GET /elab/accounts/login/?next=/elab/ HTTP/1.1" 302 - "-" "Mozilla/5.0 (Linux; U; Android 4.2.2; de-de; Lenovo A3000-H Build/JDQ39) AppleWebKit/534.30 (KHTML, like Gecko) Version/4.0 Safari/534.30"
158.108.241.17 - - [19/Aug/2014:14:41:52 +0700] "GET / HTTP/1.1" 200 1990 "-" "Mozilla/5.0 (X11; Ubuntu; Linux i686; rv:20.0) Gecko/20100101 Firefox/20.0"
37.57.4.208 - - [19/Aug/2014:14:41:52 +0700] "GET /webalizer/usage_201308.html HTTP/1.0" 200 170219 "http://galaxy-family.ru/napechatat-vizitki-deshevo-v-gorodne.html" "Mozilla/4.0 (compatible; MSIE 6.0; Windows NT 5.0; Avant Browser [avantbrowser.com]; Hotbar 4.4.5.0)"
158.108.99.12 - - [19/Aug/2014:14:41:52 +0700] "GET /elab HTTP/1.1" 302 485 "-" "Mozilla/5.0 (X11; Ubuntu; Linux i686; rv:20.0) Gecko/20100101 Firefox/20.0"
1.4.18.94 - - [19/Aug/2014:14:41:42 +0700] "GET / HTTP/1.1" 206 606290 "-" "KillApachePy (0.1d)"
1.4.18.94 - - [19/Aug/2014:14:41:40 +0700] "GET / HTTP/1.1" 206 606290 "-" "KillApachePy (0.1d)"
158.108.97.14 - - [19/Aug/2014:14:41:45 +0700] "GET /elab/accounts/login?next=/elab/ HTTP/1.1" 301 - "-" "Mozilla/5.0 (X11; Ubuntu; Linux i686; rv:20.0) Gecko/20100101 Firefox/20.0"
158.108.98.44 - - [19/Aug/2014:14:40:14 +0700] "GET /elab/accounts/login/?next=/elab/ HTTP/1.1" 200 1360 "-" "Mozilla/5.0 (X11; Ubuntu; Linux i686; rv:22.0) Gecko/20100101 Firefox/22.0"
158.108.96.193 - - [19/Aug/2014:14:41:53 +0700] "GET /elab/accounts/login/?next=/elab/ HTTP/1.1" 200 1360 "-" "Mozilla/5.0 (X11; Ubuntu; Linux i686; rv:20.0) Gecko/20100101 Firefox/20.0"
158.108.103.86 - - [19/Aug/2014:14:40:14 +0700] "GET /elab/accounts/login/?next=/elab/ HTTP/1.1" 200 1360 "-" "Mozilla/5.0 (X11; Ubuntu; Linux i686; rv:20.0) Gecko/20100101 Firefox/20.0"
158.108.96.193 - - [19/Aug/2014:14:41:55 +0700] "GET /elab_media//css/base.css HTTP/1.1" 304 - "https://cloud3.cpe.ku.ac.th/elab/accounts/login/?next=/elab/" "Mozilla/5.0 (X11; Ubuntu; Linux i686; rv:20.0) Gecko/20100101 Firefox/20.0"
158.108.100.33 - - [19/Aug/2014:14:41:38 +0700] "GET /elab/accounts/login/?next=/elab/ HTTP/1.1" 200 1360 "-" "Mozilla/5.0 (X11; Ubuntu; Linux i686; rv:20.0) Gecko/20100101 Firefox/20.0"
158.108.96.17 - - [19/Aug/2014:14:41:45 +0700] "GET /elab/ HTTP/1.1" 200 2117 "-" "Mozilla/5.0 (X11; Ubuntu; Linux i686; rv:26.0) Gecko/20100101 Firefox/26.0"
158.108.96.17 - - [19/Aug/2014:14:41:56 +0700] "GET /elab_media//css/base.css HTTP/1.1" 200 9213 "http://cloud3.cpe.ku.ac.th/elab/" "Mozilla/5.0 (X11; Ubuntu; Linux i686; rv:26.0) Gecko/20100101 Firefox/26.0"
158.108.96.17 - - [19/Aug/2014:14:41:56 +0700] "GET /favicon.ico HTTP/1.1" 404 476 "-" "Mozilla/5.0 (X11; Ubuntu; Linux i686; rv:26.0) Gecko/20100101 Firefox/26.0"
158.108.96.17 - - [19/Aug/2014:14:41:56 +0700] "GET /favicon.ico HTTP/1.1" 404 476 "-" "Mozilla/5.0 (X11; Ubuntu; Linux i686; rv:26.0) Gecko/20100101 Firefox/26.0"
158.108.99.164 - - [19/Aug/2014:14:41:58 +0700] "GET /elab HTTP/1.1" 302 483 "-" "Mozilla/5.0 (X11; Ubuntu; Linux i686; rv:20.0) Gecko/20100101 Firefox/20.0"
1.4.18.94 - - [19/Aug/2014:14:39:49 +0700] "GET / HTTP/1.1" 206 606290 "-" "KillApachePy (0.1d)"
1.4.18.94 - - [19/Aug/2014:14:39:54 +0700] "GET / HTTP/1.1" 206 606290 "-" "KillApachePy (0.1d)"
158.108.99.243 - - [19/Aug/2014:14:42:01 +0700] "GET /elab HTTP/1.1" 302 483 "-" "Mozilla/5.0 (X11; Ubuntu; Linux i686; rv:20.0) Gecko/20100101 Firefox/20.0"
158.108.99.243 - - [19/Aug/2014:14:42:01 +0700] "GET /elab/ HTTP/1.1" 302 - "-" "Mozilla/5.0 (X11; Ubuntu; Linux i686; rv:20.0) Gecko/20100101 Firefox/20.0"
158.108.102.217 - - [19/Aug/2014:14:42:01 +0700] "GET /elab HTTP/1.1" 302 485 "-" "Mozilla/5.0 (X11; Ubuntu; Linux i686; rv:20.0) Gecko/20100101 Firefox/20.0"
158.108.99.243 - - [19/Aug/2014:14:42:01 +0700] "GET /elab/accounts/login?next=/elab/ HTTP/1.1" 301 - "-" "Mozilla/5.0 (X11; Ubuntu; Linux i686; rv:20.0) Gecko/20100101 Firefox/20.0"
158.108.99.243 - - [19/Aug/2014:14:42:01 +0700] "GET /elab/accounts/login/?next=/elab/ HTTP/1.1" 302 - "-" "Mozilla/5.0 (X11; Ubuntu; Linux i686; rv:20.0) Gecko/20100101 Firefox/20.0"
1.4.18.94 - - [19/Aug/2014:14:40:10 +0700] "GET / HTTP/1.1" 206 606290 "-" "KillApachePy (0.1d)"
158.108.241.92 - - [19/Aug/2014:14:42:03 +0700] "GET /elab HTTP/1.1" 302 483 "http://cloud3.cpe.ku.ac.th/" "Mozilla/5.0 (X11; Ubuntu; Linux i686; rv:20.0) Gecko/20100101 Firefox/20.0"
158.108.103.86 - - [19/Aug/2014:14:42:03 +0700] "GET /elab_media//css/base.css HTTP/1.1" 200 9213 "https://cloud3.cpe.ku.ac.th/elab/accounts/login/?next=/elab/" "Mozilla/5.0 (X11; Ubuntu; Linux i686; rv:20.0) Gecko/20100101 Firefox/20.0"
158.108.103.86 - - [19/Aug/2014:14:42:04 +0700] "GET /favicon.ico HTTP/1.1" 404 477 "-" "Mozilla/5.0 (X11; Ubuntu; Linux i686; rv:20.0) Gecko/20100101 Firefox/20.0"
158.108.104.179 - - [19/Aug/2014:14:42:05 +0700] "GET /elab HTTP/1.1" 302 483 "-" "Mozilla/5.0 (X11; Ubuntu; Linux i686; rv:25.0) Gecko/20100101 Firefox/25.0"
158.108.98.122 - - [19/Aug/2014:14:40:29 +0700] "GET /elab/accounts/login/?next=/elab/ HTTP/1.1" 200 1360 "-" "Mozilla/5.0 (X11; Ubuntu; Linux i686; rv:20.0) Gecko/20100101 Firefox/20.0"
95.133.140.244 - - [19/Aug/2014:14:42:04 +0700] "GET /webalizer/ HTTP/1.0" 200 8273 "http://satellite-spy-app-for-android-2014.soup.io/" "Mozilla/5.0 (Windows NT 6.2; WOW64) AppleWebKit/537.36 (KHTML, like Gecko) Chrome/32.0.1700.107 Safari/537.36"
158.108.96.193 - - [19/Aug/2014:14:41:55 +0700] "GET /elab/accounts/login/?next=/elab/ HTTP/1.1" 200 1360 "-" "Mozilla/5.0 (X11; Ubuntu; Linux i686; rv:20.0) Gecko/20100101 Firefox/20.0"
158.108.102.217 - - [19/Aug/2014:14:41:54 +0700] "POST /elab/accounts/login/ HTTP/1.1" 302 - "https://cloud3.cpe.ku.ac.th/elab/accounts/login/?next=/elab/" "Mozilla/5.0 (X11; Ubuntu; Linux i686; rv:20.0) Gecko/20100101 Firefox/20.0"
10.2.78.119 - - [19/Aug/2014:14:41:58 +0700] "GET /elab/ HTTP/1.1" 200 3898 "-" "Mozilla/5.0 (Macintosh; Intel Mac OS X 10_9_2) AppleWebKit/537.74.9 (KHTML, like Gecko) Version/7.0.2 Safari/537.74.9"
10.2.78.119 - - [19/Aug/2014:14:42:05 +0700] "GET /elab_media//css/base.css HTTP/1.1" 304 - "https://cloud3.cpe.ku.ac.th/elab/accounts/login/?next=/elab/" "Mozilla/5.0 (Macintosh; Intel Mac OS X 10_9_2) AppleWebKit/537.74.9 (KHTML, like Gecko) Version/7.0.2 Safari/537.74.9"
158.108.96.193 - - [19/Aug/2014:14:42:03 +0700] "GET /elab/accounts/login/?next=/elab/ HTTP/1.1" 200 1360 "-" "Mozilla/5.0 (X11; Ubuntu; Linux i686; rv:20.0) Gecko/20100101 Firefox/20.0"
158.108.96.193 - - [19/Aug/2014:14:42:05 +0700] "GET /elab_media//css/base.css HTTP/1.1" 304 - "https://cloud3.cpe.ku.ac.th/elab/accounts/login/?next=/elab/" "Mozilla/5.0 (X11; Ubuntu; Linux i686; rv:20.0) Gecko/20100101 Firefox/20.0"
158.108.96.51 - - [19/Aug/2014:14:42:06 +0700] "GET /elab HTTP/1.1" 302 483 "-" "Mozilla/5.0 (X11; Ubuntu; Linux i686; rv:20.0) Gecko/20100101 Firefox/20.0"
158.108.96.51 - - [19/Aug/2014:14:42:06 +0700] "GET /elab/ HTTP/1.1" 302 - "-" "Mozilla/5.0 (X11; Ubuntu; Linux i686; rv:20.0) Gecko/20100101 Firefox/20.0"
158.108.96.51 - - [19/Aug/2014:14:42:06 +0700] "GET /elab/accounts/login?next=/elab/ HTTP/1.1" 301 - "-" "Mozilla/5.0 (X11; Ubuntu; Linux i686; rv:20.0) Gecko/20100101 Firefox/20.0"
158.108.96.51 - - [19/Aug/2014:14:42:06 +0700] "GET /elab/accounts/login/?next=/elab/ HTTP/1.1" 302 - "-" "Mozilla/5.0 (X11; Ubuntu; Linux i686; rv:20.0) Gecko/20100101 Firefox/20.0"
158.108.240.204 - - [19/Aug/2014:14:41:44 +0700] "GET /elab/ HTTP/1.1" 200 2115 "-" "Mozilla/5.0 (X11; Ubuntu; Linux i686; rv:20.0) Gecko/20100101 Firefox/20.0"
158.108.100.33 - - [19/Aug/2014:14:42:07 +0700] "GET /elab/ HTTP/1.1" 302 - "-" "Mozilla/5.0 (X11; Ubuntu; Linux i686; rv:20.0) Gecko/20100101 Firefox/20.0"
158.108.100.33 - - [19/Aug/2014:14:42:07 +0700] "GET /elab/accounts/login?next=/elab/ HTTP/1.1" 301 - "-" "Mozilla/5.0 (X11; Ubuntu; Linux i686; rv:20.0) Gecko/20100101 Firefox/20.0"
158.108.100.33 - - [19/Aug/2014:14:42:07 +0700] "GET /elab/accounts/login/?next=/elab/ HTTP/1.1" 200 1360 "-" "Mozilla/5.0 (X11; Ubuntu; Linux i686; rv:20.0) Gecko/20100101 Firefox/20.0"
158.108.100.33 - - [19/Aug/2014:14:42:07 +0700] "GET /elab_media//css/base.css HTTP/1.1" 200 9213 "https://cloud3.cpe.ku.ac.th/elab/accounts/login/?next=/elab/" "Mozilla/5.0 (X11; Ubuntu; Linux i686; rv:20.0) Gecko/20100101 Firefox/20.0"
158.108.100.33 - - [19/Aug/2014:14:42:07 +0700] "GET /favicon.ico HTTP/1.1" 404 477 "-" "Mozilla/5.0 (X11; Ubuntu; Linux i686; rv:20.0) Gecko/20100101 Firefox/20.0"
158.108.100.33 - - [19/Aug/2014:14:42:07 +0700] "GET /favicon.ico HTTP/1.1" 404 477 "-" "Mozilla/5.0 (X11; Ubuntu; Linux i686; rv:20.0) Gecko/20100101 Firefox/20.0"
10.2.78.119 - - [19/Aug/2014:14:42:08 +0700] "GET /elab/instr/277/ HTTP/1.1" 200 8602 "https://cloud3.cpe.ku.ac.th/elab/" "Mozilla/5.0 (Macintosh; Intel Mac OS X 10_9_2) AppleWebKit/537.74.9 (KHTML, like Gecko) Version/7.0.2 Safari/537.74.9"
158.108.98.44 - - [19/Aug/2014:14:42:08 +0700] "GET /elab/ HTTP/1.1" 302 - "-" "Mozilla/5.0 (X11; Ubuntu; Linux i686; rv:22.0) Gecko/20100101 Firefox/22.0"
158.108.98.44 - - [19/Aug/2014:14:42:08 +0700] "GET /elab/accounts/login?next=/elab/ HTTP/1.1" 301 - "-" "Mozilla/5.0 (X11; Ubuntu; Linux i686; rv:22.0) Gecko/20100101 Firefox/22.0"
158.108.98.44 - - [19/Aug/2014:14:42:08 +0700] "GET /elab/accounts/login/?next=/elab/ HTTP/1.1" 200 1360 "-" "Mozilla/5.0 (X11; Ubuntu; Linux i686; rv:22.0) Gecko/20100101 Firefox/22.0"
1.4.18.94 - - [19/Aug/2014:14:39:54 +0700] "GET / HTTP/1.1" 206 606290 "-" "KillApachePy (0.1d)"
27.55.200.42 - - [19/Aug/2014:14:42:09 +0700] "GET /elab/accounts/login/?next=/elab/ HTTP/1.1" 200 1360 "-" "Mozilla/5.0 (Linux; U; Android 4.2.2; de-de; Lenovo A3000-H Build/JDQ39) AppleWebKit/534.30 (KHTML, like Gecko) Version/4.0 Safari/534.30"
27.55.200.42 - - [19/Aug/2014:14:42:09 +0700] "GET /elab_media//css/base.css HTTP/1.1" 200 9213 "https://cloud3.cpe.ku.ac.th/elab/accounts/login/?next=/elab/" "Mozilla/5.0 (Linux; U; Android 4.2.2; de-de; Lenovo A3000-H Build/JDQ39) AppleWebKit/534.30 (KHTML, like Gecko) Version/4.0 Safari/534.30"
27.55.200.42 - - [19/Aug/2014:14:42:09 +0700] "GET /favicon.ico HTTP/1.1" 404 477 "https://cloud3.cpe.ku.ac.th/elab/accounts/login/?next=/elab/" "Mozilla/5.0 (Linux; U; Android 4.2.2; de-de; Lenovo A3000-H Build/JDQ39) AppleWebKit/534.30 (KHTML, like Gecko) Version/4.0 Safari/534.30"
1.4.18.94 - - [19/Aug/2014:14:40:05 +0700] "GET / HTTP/1.1" 206 606290 "-" "KillApachePy (0.1d)"
158.108.98.122 - - [19/Aug/2014:14:40:23 +0700] "GET /elab/accounts/login/?next=/elab/ HTTP/1.1" 200 1360 "-" "Mozilla/5.0 (X11; Ubuntu; Linux i686; rv:20.0) Gecko/20100101 Firefox/20.0"
1.4.18.94 - - [19/Aug/2014:14:40:01 +0700] "GET / HTTP/1.1" 206 606290 "-" "KillApachePy (0.1d)"
158.108.99.179 - - [19/Aug/2014:14:42:09 +0700] "GET /elab HTTP/1.1" 302 483 "-" "Mozilla/5.0 (X11; Ubuntu; Linux i686; rv:20.0) Gecko/20100101 Firefox/20.0"
158.108.241.92 - - [19/Aug/2014:14:42:09 +0700] "GET /elab HTTP/1.1" 302 483 "-" "Mozilla/5.0 (X11; Ubuntu; Linux i686; rv:20.0) Gecko/20100101 Firefox/20.0"
158.108.240.145 - - [19/Aug/2014:14:42:10 +0700] "GET /elab HTTP/1.1" 302 483 "-" "Mozilla/5.0 (X11; Ubuntu; Linux i686; rv:20.0) Gecko/20100101 Firefox/20.0"
158.108.240.145 - - [19/Aug/2014:14:42:10 +0700] "GET /elab/ HTTP/1.1" 302 - "-" "Mozilla/5.0 (X11; Ubuntu; Linux i686; rv:20.0) Gecko/20100101 Firefox/20.0"
158.108.240.145 - - [19/Aug/2014:14:42:10 +0700] "GET /elab/accounts/login?next=/elab/ HTTP/1.1" 301 - "-" "Mozilla/5.0 (X11; Ubuntu; Linux i686; rv:20.0) Gecko/20100101 Firefox/20.0"
158.108.240.145 - - [19/Aug/2014:14:42:10 +0700] "GET /elab/accounts/login/?next=/elab/ HTTP/1.1" 302 - "-" "Mozilla/5.0 (X11; Ubuntu; Linux i686; rv:20.0) Gecko/20100101 Firefox/20.0"
158.108.96.18 - - [19/Aug/2014:14:41:56 +0700] "POST /elab/accounts/login/ HTTP/1.1" 302 - "https://cloud3.cpe.ku.ac.th/elab/accounts/login/?next=/elab/" "Mozilla/5.0 (X11; Ubuntu; Linux i686; rv:20.0) Gecko/20100101 Firefox/20.0"
158.108.96.193 - - [19/Aug/2014:14:42:10 +0700] "GET /elab/accounts/login/?next=/elab/ HTTP/1.1" 200 1360 "-" "Mozilla/5.0 (X11; Ubuntu; Linux i686; rv:20.0) Gecko/20100101 Firefox/20.0"
158.108.96.193 - - [19/Aug/2014:14:42:10 +0700] "GET /elab_media//css/base.css HTTP/1.1" 304 - "https://cloud3.cpe.ku.ac.th/elab/accounts/login/?next=/elab/" "Mozilla/5.0 (X11; Ubuntu; Linux i686; rv:20.0) Gecko/20100101 Firefox/20.0"
158.108.240.204 - - [19/Aug/2014:14:42:03 +0700] "POST /elab/accounts/login/ HTTP/1.1" 302 - "https://cloud3.cpe.ku.ac.th/elab/accounts/login/?next=/elab/" "Mozilla/5.0 (X11; Ubuntu; Linux i686; rv:20.0) Gecko/20100101 Firefox/20.0"
158.108.96.18 - - [19/Aug/2014:14:42:10 +0700] "GET /elab/ HTTP/1.1" 200 2120 "-" "Mozilla/5.0 (X11; Ubuntu; Linux i686; rv:20.0) Gecko/20100101 Firefox/20.0"
158.108.96.18 - - [19/Aug/2014:14:42:11 +0700] "GET /elab_media//css/base.css HTTP/1.1" 200 9213 "http://cloud3.cpe.ku.ac.th/elab/" "Mozilla/5.0 (X11; Ubuntu; Linux i686; rv:20.0) Gecko/20100101 Firefox/20.0"
158.108.96.18 - - [19/Aug/2014:14:42:11 +0700] "GET /favicon.ico HTTP/1.1" 404 476 "-" "Mozilla/5.0 (X11; Ubuntu; Linux i686; rv:20.0) Gecko/20100101 Firefox/20.0"
158.108.96.18 - - [19/Aug/2014:14:42:11 +0700] "GET /favicon.ico HTTP/1.1" 404 476 "-" "Mozilla/5.0 (X11; Ubuntu; Linux i686; rv:20.0) Gecko/20100101 Firefox/20.0"
158.108.99.220 - - [19/Aug/2014:14:42:12 +0700] "GET /elab HTTP/1.1" 302 483 "-" "Mozilla/5.0 (X11; Ubuntu; Linux i686; rv:20.0) Gecko/20100101 Firefox/20.0"
1.4.18.94 - - [19/Aug/2014:14:40:19 +0700] "GET / HTTP/1.1" 206 606290 "-" "KillApachePy (0.1d)"
158.108.98.44 - - [19/Aug/2014:14:41:20 +0700] "GET /elab/accounts/login/?next=/elab/ HTTP/1.1" 200 1360 "-" "Mozilla/5.0 (X11; Ubuntu; Linux i686; rv:22.0) Gecko/20100101 Firefox/22.0"
158.108.99.220 - - [19/Aug/2014:14:42:12 +0700] "GET /elab/ HTTP/1.1" 302 - "-" "Mozilla/5.0 (X11; Ubuntu; Linux i686; rv:20.0) Gecko/20100101 Firefox/20.0"
158.108.99.220 - - [19/Aug/2014:14:42:12 +0700] "GET /elab/accounts/login?next=/elab/ HTTP/1.1" 301 - "-" "Mozilla/5.0 (X11; Ubuntu; Linux i686; rv:20.0) Gecko/20100101 Firefox/20.0"
158.108.99.220 - - [19/Aug/2014:14:42:12 +0700] "GET /elab/accounts/login/?next=/elab/ HTTP/1.1" 302 - "-" "Mozilla/5.0 (X11; Ubuntu; Linux i686; rv:20.0) Gecko/20100101 Firefox/20.0"
158.108.102.217 - - [19/Aug/2014:14:42:01 +0700] "GET /elab/ HTTP/1.1" 200 3858 "-" "Mozilla/5.0 (X11; Ubuntu; Linux i686; rv:20.0) Gecko/20100101 Firefox/20.0"
1.4.18.94 - - [19/Aug/2014:14:40:02 +0700] "GET / HTTP/1.1" 206 606290 "-" "KillApachePy (0.1d)"
158.108.102.217 - - [19/Aug/2014:14:41:58 +0700] "GET /elab/accounts/login/?next=/elab/ HTTP/1.1" 200 1360 "-" "Mozilla/5.0 (X11; Ubuntu; Linux i686; rv:20.0) Gecko/20100101 Firefox/20.0"
158.108.96.75 - - [19/Aug/2014:14:40:46 +0700] "POST /elab/accounts/login/ HTTP/1.1" 200 1522 "https://cloud3.cpe.ku.ac.th/elab/accounts/login/" "Mozilla/5.0 (X11; Ubuntu; Linux i686; rv:20.0) Gecko/20100101 Firefox/20.0"
158.108.102.217 - - [19/Aug/2014:14:42:14 +0700] "GET /elab HTTP/1.1" 302 485 "-" "Mozilla/5.0 (X11; Ubuntu; Linux i686; rv:20.0) Gecko/20100101 Firefox/20.0"
1.4.18.94 - - [19/Aug/2014:14:40:06 +0700] "GET / HTTP/1.1" 206 606290 "-" "KillApachePy (0.1d)"
158.108.241.198 - - [19/Aug/2014:14:42:14 +0700] "GET /elab/accounts/login/?next=/elab/ HTTP/1.1" 200 1360 "-" "Mozilla/5.0 (X11; Ubuntu; Linux i686; rv:20.0) Gecko/20100101 Firefox/20.0"
158.108.241.198 - - [19/Aug/2014:14:42:14 +0700] "GET /elab_media//css/base.css HTTP/1.1" 304 - "https://cloud3.cpe.ku.ac.th/elab/accounts/login/?next=/elab/" "Mozilla/5.0 (X11; Ubuntu; Linux i686; rv:20.0) Gecko/20100101 Firefox/20.0"
158.108.102.68 - - [19/Aug/2014:14:42:14 +0700] "GET /elab HTTP/1.1" 302 485 "-" "Mozilla/5.0 (X11; Ubuntu; Linux i686; rv:20.0) Gecko/20100101 Firefox/20.0"
158.108.102.217 - - [19/Aug/2014:14:42:14 +0700] "GET /elab/ HTTP/1.1" 200 3858 "-" "Mozilla/5.0 (X11; Ubuntu; Linux i686; rv:20.0) Gecko/20100101 Firefox/20.0"
158.108.99.12 - - [19/Aug/2014:14:40:29 +0700] "GET /elab/ HTTP/1.1" 302 - "-" "Mozilla/5.0 (X11; Ubuntu; Linux i686; rv:20.0) Gecko/20100101 Firefox/20.0"
158.108.102.217 - - [19/Aug/2014:14:42:15 +0700] "GET /elab/lab/277/ HTTP/1.1" 200 1536 "https://cloud3.cpe.ku.ac.th/elab/" "Mozilla/5.0 (X11; Ubuntu; Linux i686; rv:20.0) Gecko/20100101 Firefox/20.0"
158.108.96.51 - - [19/Aug/2014:14:42:16 +0700] "GET /elab/accounts/login/?next=/elab/ HTTP/1.1" 200 1360 "-" "Mozilla/5.0 (X11; Ubuntu; Linux i686; rv:20.0) Gecko/20100101 Firefox/20.0"
158.108.96.51 - - [19/Aug/2014:14:42:16 +0700] "GET /elab_media//css/base.css HTTP/1.1" 200 9213 "https://cloud3.cpe.ku.ac.th/elab/accounts/login/?next=/elab/" "Mozilla/5.0 (X11; Ubuntu; Linux i686; rv:20.0) Gecko/20100101 Firefox/20.0"
158.108.96.51 - - [19/Aug/2014:14:42:16 +0700] "GET /favicon.ico HTTP/1.1" 404 477 "-" "Mozilla/5.0 (X11; Ubuntu; Linux i686; rv:20.0) Gecko/20100101 Firefox/20.0"
158.108.96.51 - - [19/Aug/2014:14:42:16 +0700] "GET /favicon.ico HTTP/1.1" 404 477 "-" "Mozilla/5.0 (X11; Ubuntu; Linux i686; rv:20.0) Gecko/20100101 Firefox/20.0"
10.2.78.119 - - [19/Aug/2014:14:40:12 +0700] "GET /elab/instr/assignments/277/ HTTP/1.1" 500 944 "https://cloud3.cpe.ku.ac.th/elab/instr/277/" "Mozilla/5.0 (Macintosh; Intel Mac OS X 10_9_2) AppleWebKit/537.74.9 (KHTML, like Gecko) Version/7.0.2 Safari/537.74.9"
10.2.78.119 - - [19/Aug/2014:14:40:24 +0700] "GET /elab/ HTTP/1.1" 200 3898 "-" "Mozilla/5.0 (Macintosh; Intel Mac OS X 10_9_2) AppleWebKit/537.74.9 (KHTML, like Gecko) Version/7.0.2 Safari/537.74.9"
158.108.241.17 - - [19/Aug/2014:14:40:34 +0700] "GET /elab/ HTTP/1.1" 302 - "-" "Mozilla/5.0 (X11; Ubuntu; Linux i686; rv:20.0) Gecko/20100101 Firefox/20.0"
158.108.97.14 - - [19/Aug/2014:14:41:54 +0700] "GET /elab/accounts/login/?next=/elab/ HTTP/1.1" 500 944 "-" "Mozilla/5.0 (X11; Ubuntu; Linux i686; rv:20.0) Gecko/20100101 Firefox/20.0"
158.108.97.14 - - [19/Aug/2014:14:42:17 +0700] "GET /elab_media//css/base.css HTTP/1.1" 200 9213 "https://cloud3.cpe.ku.ac.th/elab/accounts/login/?next=/elab/" "Mozilla/5.0 (X11; Ubuntu; Linux i686; rv:20.0) Gecko/20100101 Firefox/20.0"
158.108.97.14 - - [19/Aug/2014:14:42:17 +0700] "GET /favicon.ico HTTP/1.1" 404 477 "-" "Mozilla/5.0 (X11; Ubuntu; Linux i686; rv:20.0) Gecko/20100101 Firefox/20.0"
158.108.97.14 - - [19/Aug/2014:14:42:17 +0700] "GET /favicon.ico HTTP/1.1" 404 477 "-" "Mozilla/5.0 (X11; Ubuntu; Linux i686; rv:20.0) Gecko/20100101 Firefox/20.0"
10.2.78.119 - - [19/Aug/2014:14:40:27 +0700] "GET /elab/ HTTP/1.1" 200 3898 "https://cloud3.cpe.ku.ac.th/" "Mozilla/5.0 (Macintosh; Intel Mac OS X 10_9_2) AppleWebKit/537.74.9 (KHTML, like Gecko) Version/7.0.2 Safari/537.74.9"
1.4.18.94 - - [19/Aug/2014:14:40:13 +0700] "GET / HTTP/1.1" 206 606290 "-" "KillApachePy (0.1d)"
1.4.18.94 - - [19/Aug/2014:14:40:08 +0700] "GET / HTTP/1.1" 206 606290 "-" "KillApachePy (0.1d)"
1.4.18.94 - - [19/Aug/2014:14:40:00 +0700] "GET / HTTP/1.1" 206 606290 "-" "KillApachePy (0.1d)"
158.108.99.118 - - [19/Aug/2014:14:40:28 +0700] "GET /elab/accounts/login/?next=/elab/ HTTP/1.1" 200 1360 "-" "Mozilla/5.0 (X11; Ubuntu; Linux i686; rv:20.0) Gecko/20100101 Firefox/20.0"
158.108.99.12 - - [19/Aug/2014:14:42:19 +0700] "GET / HTTP/1.1" 200 1990 "-" "Mozilla/5.0 (X11; Ubuntu; Linux i686; rv:20.0) Gecko/20100101 Firefox/20.0"
66.249.133.10 - - [19/Aug/2014:14:41:43 +0700] "GET /hg/edu/elabsheet/diff/0c59bfcff424/sandbox/builders.py HTTP/1.1" 200 9718 "-" "Mozilla/5.0 (compatible; Googlebot/2.1; +http://www.google.com/bot.html)"
158.108.241.198 - - [19/Aug/2014:14:42:19 +0700] "GET /elab/accounts/login/?next=/elab/ HTTP/1.1" 200 1360 "-" "Mozilla/5.0 (X11; Ubuntu; Linux i686; rv:20.0) Gecko/20100101 Firefox/20.0"
158.108.241.198 - - [19/Aug/2014:14:42:19 +0700] "GET /elab_media//css/base.css HTTP/1.1" 304 - "https://cloud3.cpe.ku.ac.th/elab/accounts/login/?next=/elab/" "Mozilla/5.0 (X11; Ubuntu; Linux i686; rv:20.0) Gecko/20100101 Firefox/20.0"
158.108.241.198 - - [19/Aug/2014:14:42:20 +0700] "GET /elab/accounts/login/?next=/elab/ HTTP/1.1" 200 1360 "-" "Mozilla/5.0 (X11; Ubuntu; Linux i686; rv:20.0) Gecko/20100101 Firefox/20.0"
158.108.241.198 - - [19/Aug/2014:14:42:20 +0700] "GET /elab_media//css/base.css HTTP/1.1" 304 - "https://cloud3.cpe.ku.ac.th/elab/accounts/login/?next=/elab/" "Mozilla/5.0 (X11; Ubuntu; Linux i686; rv:20.0) Gecko/20100101 Firefox/20.0"
158.108.100.146 - - [19/Aug/2014:14:42:09 +0700] "GET /elab/ HTTP/1.1" 200 2101 "-" "Mozilla/5.0 (X11; Ubuntu; Linux i686; rv:20.0) Gecko/20100101 Firefox/20.0"
158.108.241.198 - - [19/Aug/2014:14:42:21 +0700] "GET /elab/accounts/login/?next=/elab/ HTTP/1.1" 200 1360 "-" "Mozilla/5.0 (X11; Ubuntu; Linux i686; rv:20.0) Gecko/20100101 Firefox/20.0"
158.108.100.146 - - [19/Aug/2014:14:42:21 +0700] "GET /elab_media//css/base.css HTTP/1.1" 200 9213 "http://cloud3.cpe.ku.ac.th/elab/" "Mozilla/5.0 (X11; Ubuntu; Linux i686; rv:20.0) Gecko/20100101 Firefox/20.0"
158.108.241.198 - - [19/Aug/2014:14:42:21 +0700] "GET /elab_media//css/base.css HTTP/1.1" 304 - "https://cloud3.cpe.ku.ac.th/elab/accounts/login/?next=/elab/" "Mozilla/5.0 (X11; Ubuntu; Linux i686; rv:20.0) Gecko/20100101 Firefox/20.0"
158.108.100.146 - - [19/Aug/2014:14:42:21 +0700] "GET /favicon.ico HTTP/1.1" 404 476 "-" "Mozilla/5.0 (X11; Ubuntu; Linux i686; rv:20.0) Gecko/20100101 Firefox/20.0"
158.108.100.146 - - [19/Aug/2014:14:42:21 +0700] "GET /favicon.ico HTTP/1.1" 404 476 "-" "Mozilla/5.0 (X11; Ubuntu; Linux i686; rv:20.0) Gecko/20100101 Firefox/20.0"
158.108.241.198 - - [19/Aug/2014:14:42:21 +0700] "GET /elab/accounts/login/?next=/elab/ HTTP/1.1" 200 1360 "-" "Mozilla/5.0 (X11; Ubuntu; Linux i686; rv:20.0) Gecko/20100101 Firefox/20.0"
158.108.241.198 - - [19/Aug/2014:14:42:21 +0700] "GET /elab_media//css/base.css HTTP/1.1" 304 - "https://cloud3.cpe.ku.ac.th/elab/accounts/login/?next=/elab/" "Mozilla/5.0 (X11; Ubuntu; Linux i686; rv:20.0) Gecko/20100101 Firefox/20.0"
158.108.240.204 - - [19/Aug/2014:14:42:11 +0700] "GET /elab/ HTTP/1.1" 200 2115 "-" "Mozilla/5.0 (X11; Ubuntu; Linux i686; rv:20.0) Gecko/20100101 Firefox/20.0"
158.108.240.204 - - [19/Aug/2014:14:42:21 +0700] "GET /elab_media//css/base.css HTTP/1.1" 200 9213 "http://cloud3.cpe.ku.ac.th/elab/" "Mozilla/5.0 (X11; Ubuntu; Linux i686; rv:20.0) Gecko/20100101 Firefox/20.0"
158.108.240.204 - - [19/Aug/2014:14:42:21 +0700] "GET /favicon.ico HTTP/1.1" 404 476 "-" "Mozilla/5.0 (X11; Ubuntu; Linux i686; rv:20.0) Gecko/20100101 Firefox/20.0"
1.4.18.94 - - [19/Aug/2014:14:40:18 +0700] "GET / HTTP/1.1" 206 606290 "-" "KillApachePy (0.1d)"
158.108.240.204 - - [19/Aug/2014:14:42:21 +0700] "GET /favicon.ico HTTP/1.1" 404 476 "-" "Mozilla/5.0 (X11; Ubuntu; Linux i686; rv:20.0) Gecko/20100101 Firefox/20.0"
1.4.18.94 - - [19/Aug/2014:14:40:14 +0700] "GET / HTTP/1.1" 206 606290 "-" "KillApachePy (0.1d)"
1.4.18.94 - - [19/Aug/2014:14:39:58 +0700] "GET / HTTP/1.1" 206 606290 "-" "KillApachePy (0.1d)"
66.249.133.10 - - [19/Aug/2014:14:42:20 +0700] "GET /redmine/issues/gantt?month=9&months=6&year=2651&zoom=3 HTTP/1.1" 200 44744 "-" "Mozilla/5.0 (compatible; Googlebot/2.1; +http://www.google.com/bot.html)"
1.4.18.94 - - [19/Aug/2014:14:40:11 +0700] "GET / HTTP/1.1" 206 606290 "-" "KillApachePy (0.1d)"
1.4.18.94 - - [19/Aug/2014:14:40:12 +0700] "GET / HTTP/1.1" 206 606290 "-" "KillApachePy (0.1d)"
1.4.18.94 - - [19/Aug/2014:14:40:11 +0700] "GET / HTTP/1.1" 206 606290 "-" "KillApachePy (0.1d)"
1.4.18.94 - - [19/Aug/2014:14:40:17 +0700] "GET / HTTP/1.1" 206 606290 "-" "KillApachePy (0.1d)"
1.4.18.94 - - [19/Aug/2014:14:40:09 +0700] "GET / HTTP/1.1" 206 606290 "-" "KillApachePy (0.1d)"
1.4.18.94 - - [19/Aug/2014:14:40:04 +0700] "GET / HTTP/1.1" 206 606290 "-" "KillApachePy (0.1d)"
1.4.18.94 - - [19/Aug/2014:14:40:15 +0700] "GET / HTTP/1.1" 206 606290 "-" "KillApachePy (0.1d)"
158.108.99.243 - - [19/Aug/2014:14:40:48 +0700] "GET /elab/ HTTP/1.1" 302 - "https://www.google.co.th/url?sa=t&rct=j&q=&esrc=s&source=web&cd=1&ved=0CCAQFjAA&url=https%3A%2F%2Fcloud3.cpe.ku.ac.th%2Felab%2F&ei=Zf_yU8bxPMSSuATMk4DQBg&usg=AFQjCNE_QUSO7i2OVlRt968SoqIRiddWrg&bvm=bv.73231344,d.c2E" "Mozilla/5.0 (X11; Ubuntu; Linux i686; rv:20.0) Gecko/20100101 Firefox/20.0"
158.108.100.33 - - [19/Aug/2014:14:40:52 +0700] "GET /elab/ HTTP/1.1" 302 - "-" "Mozilla/5.0 (X11; Ubuntu; Linux i686; rv:20.0) Gecko/20100101 Firefox/20.0"
1.4.18.94 - - [19/Aug/2014:14:40:17 +0700] "GET / HTTP/1.1" 206 606290 "-" "KillApachePy (0.1d)"
1.4.18.94 - - [19/Aug/2014:14:40:16 +0700] "GET / HTTP/1.1" 206 606290 "-" "KillApachePy (0.1d)"
158.108.98.57 - - [19/Aug/2014:14:42:26 +0700] "GET /elab HTTP/1.1" 302 483 "-" "Mozilla/5.0 (X11; Ubuntu; Linux i686; rv:20.0) Gecko/20100101 Firefox/20.0"
1.4.18.94 - - [19/Aug/2014:14:40:13 +0700] "GET / HTTP/1.1" 206 606290 "-" "KillApachePy (0.1d)"
158.108.98.57 - - [19/Aug/2014:14:42:26 +0700] "GET /elab/ HTTP/1.1" 302 - "-" "Mozilla/5.0 (X11; Ubuntu; Linux i686; rv:20.0) Gecko/20100101 Firefox/20.0"
158.108.98.57 - - [19/Aug/2014:14:42:26 +0700] "GET /elab/accounts/login?next=/elab/ HTTP/1.1" 301 - "-" "Mozilla/5.0 (X11; Ubuntu; Linux i686; rv:20.0) Gecko/20100101 Firefox/20.0"
158.108.98.57 - - [19/Aug/2014:14:42:26 +0700] "GET /elab/accounts/login/?next=/elab/ HTTP/1.1" 302 - "-" "Mozilla/5.0 (X11; Ubuntu; Linux i686; rv:20.0) Gecko/20100101 Firefox/20.0"
1.4.18.94 - - [19/Aug/2014:14:40:22 +0700] "GET / HTTP/1.1" 206 606290 "-" "KillApachePy (0.1d)"
158.108.240.145 - - [19/Aug/2014:14:42:19 +0700] "GET /elab/accounts/login/?next=/elab/ HTTP/1.1" 200 1360 "-" "Mozilla/5.0 (X11; Ubuntu; Linux i686; rv:20.0) Gecko/20100101 Firefox/20.0"
158.108.240.145 - - [19/Aug/2014:14:42:26 +0700] "GET /elab_media//css/base.css HTTP/1.1" 200 9213 "https://cloud3.cpe.ku.ac.th/elab/accounts/login/?next=/elab/" "Mozilla/5.0 (X11; Ubuntu; Linux i686; rv:20.0) Gecko/20100101 Firefox/20.0"
158.108.240.145 - - [19/Aug/2014:14:42:27 +0700] "GET /favicon.ico HTTP/1.1" 404 477 "-" "Mozilla/5.0 (X11; Ubuntu; Linux i686; rv:20.0) Gecko/20100101 Firefox/20.0"
158.108.240.145 - - [19/Aug/2014:14:42:27 +0700] "GET /favicon.ico HTTP/1.1" 404 477 "-" "Mozilla/5.0 (X11; Ubuntu; Linux i686; rv:20.0) Gecko/20100101 Firefox/20.0"
158.108.104.196 - - [19/Aug/2014:14:42:27 +0700] "GET / HTTP/1.1" 200 1990 "-" "Mozilla/5.0 (X11; Ubuntu; Linux i686; rv:20.0) Gecko/20100101 Firefox/20.0"
1.4.18.94 - - [19/Aug/2014:14:40:10 +0700] "GET / HTTP/1.1" 206 606290 "-" "KillApachePy (0.1d)"
1.4.18.94 - - [19/Aug/2014:14:40:10 +0700] "GET / HTTP/1.1" 206 606290 "-" "KillApachePy (0.1d)"
1.4.18.94 - - [19/Aug/2014:14:40:19 +0700] "GET / HTTP/1.1" 206 606290 "-" "KillApachePy (0.1d)"
1.4.18.94 - - [19/Aug/2014:14:40:10 +0700] "GET / HTTP/1.1" 206 606290 "-" "KillApachePy (0.1d)"
158.108.96.134 - - [19/Aug/2014:14:42:28 +0700] "GET /elab HTTP/1.1" 302 483 "-" "Mozilla/5.0 (X11; Ubuntu; Linux i686; rv:20.0) Gecko/20100101 Firefox/20.0"
1.4.18.94 - - [19/Aug/2014:14:40:27 +0700] "GET / HTTP/1.1" 206 606290 "-" "KillApachePy (0.1d)"
1.4.18.94 - - [19/Aug/2014:14:40:18 +0700] "GET / HTTP/1.1" 206 606290 "-" "KillApachePy (0.1d)"
158.108.240.204 - - [19/Aug/2014:14:42:29 +0700] "GET /elab/lab/277/ HTTP/1.1" 200 1537 "http://cloud3.cpe.ku.ac.th/elab/" "Mozilla/5.0 (X11; Ubuntu; Linux i686; rv:20.0) Gecko/20100101 Firefox/20.0"
1.4.18.94 - - [19/Aug/2014:14:40:26 +0700] "GET / HTTP/1.1" 206 606290 "-" "KillApachePy (0.1d)"
158.108.96.233 - - [19/Aug/2014:14:42:29 +0700] "GET /elab HTTP/1.1" 302 483 "-" "Mozilla/5.0 (X11; Ubuntu; Linux i686; rv:23.0) Gecko/20100101 Firefox/23.0"
158.108.96.233 - - [19/Aug/2014:14:42:29 +0700] "GET /elab/ HTTP/1.1" 302 - "-" "Mozilla/5.0 (X11; Ubuntu; Linux i686; rv:23.0) Gecko/20100101 Firefox/23.0"
158.108.96.233 - - [19/Aug/2014:14:42:29 +0700] "GET /elab/accounts/login?next=/elab/ HTTP/1.1" 301 - "-" "Mozilla/5.0 (X11; Ubuntu; Linux i686; rv:23.0) Gecko/20100101 Firefox/23.0"
158.108.96.233 - - [19/Aug/2014:14:42:29 +0700] "GET /elab/accounts/login/?next=/elab/ HTTP/1.1" 302 - "-" "Mozilla/5.0 (X11; Ubuntu; Linux i686; rv:23.0) Gecko/20100101 Firefox/23.0"
158.108.100.33 - - [19/Aug/2014:14:42:25 +0700] "POST /elab/accounts/login/ HTTP/1.1" 302 - "https://cloud3.cpe.ku.ac.th/elab/accounts/login/?next=/elab/" "Mozilla/5.0 (X11; Ubuntu; Linux i686; rv:20.0) Gecko/20100101 Firefox/20.0"
158.108.241.226 - - [19/Aug/2014:14:42:30 +0700] "GET /elab/accounts/login/?next=/elab/ HTTP/1.1" 200 1360 "-" "Mozilla/5.0 (X11; Ubuntu; Linux i686; rv:20.0) Gecko/20100101 Firefox/20.0"
158.108.241.226 - - [19/Aug/2014:14:42:30 +0700] "GET /elab_media//css/base.css HTTP/1.1" 304 - "https://cloud3.cpe.ku.ac.th/elab/accounts/login/?next=/elab/" "Mozilla/5.0 (X11; Ubuntu; Linux i686; rv:20.0) Gecko/20100101 Firefox/20.0"
158.108.241.226 - - [19/Aug/2014:14:42:30 +0700] "GET /elab/accounts/login/?next=/elab/ HTTP/1.1" 200 1360 "-" "Mozilla/5.0 (X11; Ubuntu; Linux i686; rv:20.0) Gecko/20100101 Firefox/20.0"
158.108.241.226 - - [19/Aug/2014:14:42:31 +0700] "GET /elab_media//css/base.css HTTP/1.1" 304 - "https://cloud3.cpe.ku.ac.th/elab/accounts/login/?next=/elab/" "Mozilla/5.0 (X11; Ubuntu; Linux i686; rv:20.0) Gecko/20100101 Firefox/20.0"
1.4.18.94 - - [19/Aug/2014:14:40:20 +0700] "GET / HTTP/1.1" 206 606290 "-" "KillApachePy (0.1d)"
158.108.241.226 - - [19/Aug/2014:14:42:31 +0700] "GET /elab/accounts/login/?next=/elab/ HTTP/1.1" 200 1360 "-" "Mozilla/5.0 (X11; Ubuntu; Linux i686; rv:20.0) Gecko/20100101 Firefox/20.0"
158.108.241.226 - - [19/Aug/2014:14:42:31 +0700] "GET /elab_media//css/base.css HTTP/1.1" 304 - "https://cloud3.cpe.ku.ac.th/elab/accounts/login/?next=/elab/" "Mozilla/5.0 (X11; Ubuntu; Linux i686; rv:20.0) Gecko/20100101 Firefox/20.0"
1.4.18.94 - - [19/Aug/2014:14:40:29 +0700] "GET / HTTP/1.1" 206 606290 "-" "KillApachePy (0.1d)"
158.108.104.179 - - [19/Aug/2014:14:41:43 +0700] "GET /elab/ HTTP/1.1" 302 - "-" "Mozilla/5.0 (X11; Ubuntu; Linux i686; rv:25.0) Gecko/20100101 Firefox/25.0"
158.108.100.33 - - [19/Aug/2014:14:41:14 +0700] "GET /elab/ HTTP/1.1" 302 - "-" "Mozilla/5.0 (X11; Ubuntu; Linux i686; rv:20.0) Gecko/20100101 Firefox/20.0"
158.108.104.196 - - [19/Aug/2014:14:42:32 +0700] "GET /elab/accounts/login/?next=/elab/ HTTP/1.1" 200 1360 "-" "Mozilla/5.0 (X11; Ubuntu; Linux i686; rv:20.0) Gecko/20100101 Firefox/20.0"
158.108.104.196 - - [19/Aug/2014:14:42:32 +0700] "GET /elab_media//css/base.css HTTP/1.1" 200 9213 "https://cloud3.cpe.ku.ac.th/elab/accounts/login/?next=/elab/" "Mozilla/5.0 (X11; Ubuntu; Linux i686; rv:20.0) Gecko/20100101 Firefox/20.0"
1.4.18.94 - - [19/Aug/2014:14:40:28 +0700] "GET / HTTP/1.1" 206 606290 "-" "KillApachePy (0.1d)"
158.108.104.196 - - [19/Aug/2014:14:42:32 +0700] "GET /favicon.ico HTTP/1.1" 404 477 "-" "Mozilla/5.0 (X11; Ubuntu; Linux i686; rv:20.0) Gecko/20100101 Firefox/20.0"
158.108.104.196 - - [19/Aug/2014:14:42:32 +0700] "GET /favicon.ico HTTP/1.1" 404 477 "-" "Mozilla/5.0 (X11; Ubuntu; Linux i686; rv:20.0) Gecko/20100101 Firefox/20.0"
158.108.96.193 - - [19/Aug/2014:14:41:19 +0700] "GET /elab/accounts/login/?next=/elab/ HTTP/1.1" 200 1360 "-" "Mozilla/5.0 (X11; Ubuntu; Linux i686; rv:20.0) Gecko/20100101 Firefox/20.0"
1.4.18.94 - - [19/Aug/2014:14:40:23 +0700] "GET / HTTP/1.1" 206 606290 "-" "KillApachePy (0.1d)"
1.4.18.94 - - [19/Aug/2014:14:40:28 +0700] "GET / HTTP/1.1" 206 606290 "-" "KillApachePy (0.1d)"
158.108.96.51 - - [19/Aug/2014:14:42:27 +0700] "POST /elab/accounts/login/ HTTP/1.1" 302 - "https://cloud3.cpe.ku.ac.th/elab/accounts/login/?next=/elab/" "Mozilla/5.0 (X11; Ubuntu; Linux i686; rv:20.0) Gecko/20100101 Firefox/20.0"
158.108.241.226 - - [19/Aug/2014:14:42:32 +0700] "GET /elab/accounts/login/?next=/elab/ HTTP/1.1" 200 1360 "-" "Mozilla/5.0 (X11; Ubuntu; Linux i686; rv:20.0) Gecko/20100101 Firefox/20.0"
1.4.18.94 - - [19/Aug/2014:14:40:31 +0700] "GET / HTTP/1.1" 206 606290 "-" "KillApachePy (0.1d)"
158.108.241.226 - - [19/Aug/2014:14:42:33 +0700] "GET /elab_media//css/base.css HTTP/1.1" 304 - "https://cloud3.cpe.ku.ac.th/elab/accounts/login/?next=/elab/" "Mozilla/5.0 (X11; Ubuntu; Linux i686; rv:20.0) Gecko/20100101 Firefox/20.0"
158.108.96.51 - - [19/Aug/2014:14:42:33 +0700] "GET /elab/ HTTP/1.1" 200 2099 "-" "Mozilla/5.0 (X11; Ubuntu; Linux i686; rv:20.0) Gecko/20100101 Firefox/20.0"
158.108.96.51 - - [19/Aug/2014:14:42:33 +0700] "GET /elab_media//css/base.css HTTP/1.1" 200 9213 "http://cloud3.cpe.ku.ac.th/elab/" "Mozilla/5.0 (X11; Ubuntu; Linux i686; rv:20.0) Gecko/20100101 Firefox/20.0"
1.4.18.94 - - [19/Aug/2014:14:40:37 +0700] "GET / HTTP/1.1" 206 606290 "-" "KillApachePy (0.1d)"
1.4.18.94 - - [19/Aug/2014:14:40:28 +0700] "GET / HTTP/1.1" 206 606290 "-" "KillApachePy (0.1d)"
1.4.18.94 - - [19/Aug/2014:14:40:26 +0700] "GET / HTTP/1.1" 206 606290 "-" "KillApachePy (0.1d)"
158.108.98.122 - - [19/Aug/2014:14:40:49 +0700] "GET /elab/accounts/login/?next=/elab/ HTTP/1.1" 200 1360 "-" "Mozilla/5.0 (X11; Ubuntu; Linux i686; rv:20.0) Gecko/20100101 Firefox/20.0"
158.108.99.220 - - [19/Aug/2014:14:42:34 +0700] "GET /elab HTTP/1.1" 302 483 "-" "Mozilla/5.0 (X11; Ubuntu; Linux i686; rv:20.0) Gecko/20100101 Firefox/20.0"
1.4.18.94 - - [19/Aug/2014:14:40:36 +0700] "GET / HTTP/1.1" 206 606290 "-" "KillApachePy (0.1d)"
158.108.99.179 - - [19/Aug/2014:14:41:45 +0700] "GET /elab/ HTTP/1.1" 302 - "-" "Mozilla/5.0 (X11; Ubuntu; Linux i686; rv:20.0) Gecko/20100101 Firefox/20.0"
158.108.104.196 - - [19/Aug/2014:14:41:51 +0700] "GET /elab/ HTTP/1.1" 302 - "-" "Mozilla/5.0 (X11; Ubuntu; Linux i686; rv:20.0) Gecko/20100101 Firefox/20.0"
1.4.18.94 - - [19/Aug/2014:14:40:33 +0700] "GET / HTTP/1.1" 206 606290 "-" "KillApachePy (0.1d)"
158.108.100.33 - - [19/Aug/2014:14:41:46 +0700] "GET /elab/ HTTP/1.1" 302 - "-" "Mozilla/5.0 (X11; Ubuntu; Linux i686; rv:20.0) Gecko/20100101 Firefox/20.0"
158.108.99.220 - - [19/Aug/2014:14:41:43 +0700] "GET /elab/ HTTP/1.1" 302 - "-" "Mozilla/5.0 (X11; Ubuntu; Linux i686; rv:20.0) Gecko/20100101 Firefox/20.0"
158.108.99.12 - - [19/Aug/2014:14:42:36 +0700] "GET /elab HTTP/1.1" 302 485 "-" "Mozilla/5.0 (X11; Ubuntu; Linux i686; rv:20.0) Gecko/20100101 Firefox/20.0"
158.108.99.164 - - [19/Aug/2014:14:41:58 +0700] "GET /elab/ HTTP/1.1" 302 - "-" "Mozilla/5.0 (X11; Ubuntu; Linux i686; rv:20.0) Gecko/20100101 Firefox/20.0"
158.108.96.51 - - [19/Aug/2014:14:42:35 +0700] "GET /elab/lab/277/ HTTP/1.1" 200 1521 "http://cloud3.cpe.ku.ac.th/elab/" "Mozilla/5.0 (X11; Ubuntu; Linux i686; rv:20.0) Gecko/20100101 Firefox/20.0"
158.108.98.44 - - [19/Aug/2014:14:41:37 +0700] "GET /elab/ HTTP/1.1" 302 - "-" "Mozilla/5.0 (X11; Ubuntu; Linux i686; rv:22.0) Gecko/20100101 Firefox/22.0"
158.108.104.196 - - [19/Aug/2014:14:40:42 +0700] "GET /elab/accounts/login/?next=/elab/ HTTP/1.1" 200 1360 "-" "Mozilla/5.0 (X11; Ubuntu; Linux i686; rv:20.0) Gecko/20100101 Firefox/20.0"
158.108.98.122 - - [19/Aug/2014:14:42:36 +0700] "GET /elab_media//css/base.css HTTP/1.1" 200 9213 "https://cloud3.cpe.ku.ac.th/elab/accounts/login/?next=/elab/" "Mozilla/5.0 (X11; Ubuntu; Linux i686; rv:20.0) Gecko/20100101 Firefox/20.0"
158.108.99.50 - - [19/Aug/2014:14:41:43 +0700] "GET /elab/ HTTP/1.1" 302 - "-" "Mozilla/5.0 (X11; Ubuntu; Linux i686; rv:20.0) Gecko/20100101 Firefox/20.0"
1.4.18.94 - - [19/Aug/2014:14:40:45 +0700] "GET / HTTP/1.1" 206 606290 "-" "KillApachePy (0.1d)"
158.108.98.122 - - [19/Aug/2014:14:42:36 +0700] "GET /favicon.ico HTTP/1.1" 404 477 "-" "Mozilla/5.0 (X11; Ubuntu; Linux i686; rv:20.0) Gecko/20100101 Firefox/20.0"
158.108.99.12 - - [19/Aug/2014:14:42:36 +0700] "GET /elab HTTP/1.1" 302 485 "-" "Mozilla/5.0 (X11; Ubuntu; Linux i686; rv:20.0) Gecko/20100101 Firefox/20.0"
158.108.241.92 - - [19/Aug/2014:14:41:45 +0700] "GET /elab/ HTTP/1.1" 302 - "-" "Mozilla/5.0 (X11; Ubuntu; Linux i686; rv:20.0) Gecko/20100101 Firefox/20.0"
158.108.240.145 - - [19/Aug/2014:14:41:51 +0700] "GET /elab/ HTTP/1.1" 302 - "-" "Mozilla/5.0 (X11; Ubuntu; Linux i686; rv:20.0) Gecko/20100101 Firefox/20.0"
158.108.98.122 - - [19/Aug/2014:14:42:36 +0700] "GET /favicon.ico HTTP/1.1" 404 477 "-" "Mozilla/5.0 (X11; Ubuntu; Linux i686; rv:20.0) Gecko/20100101 Firefox/20.0"
1.4.18.94 - - [19/Aug/2014:14:40:37 +0700] "GET / HTTP/1.1" 206 606290 "-" "KillApachePy (0.1d)"
158.108.102.38 - - [19/Aug/2014:14:41:44 +0700] "GET /elab/ HTTP/1.1" 302 - "-" "Mozilla/5.0 (X11; Ubuntu; Linux i686; rv:20.0) Gecko/20100101 Firefox/20.0"
158.108.96.86 - - [19/Aug/2014:14:41:43 +0700] "GET /elab/ HTTP/1.1" 302 - "-" "Mozilla/5.0 (X11; Ubuntu; Linux i686; rv:20.0) Gecko/20100101 Firefox/20.0"
158.108.240.28 - - [19/Aug/2014:14:41:46 +0700] "GET /elab/ HTTP/1.1" 302 - "-" "Mozilla/5.0 (X11; Ubuntu; Linux i686; rv:20.0) Gecko/20100101 Firefox/20.0"
1.4.18.94 - - [19/Aug/2014:14:40:33 +0700] "GET / HTTP/1.1" 206 606290 "-" "KillApachePy (0.1d)"
158.108.99.12 - - [19/Aug/2014:14:42:37 +0700] "GET /elab HTTP/1.1" 302 485 "-" "Mozilla/5.0 (X11; Ubuntu; Linux i686; rv:20.0) Gecko/20100101 Firefox/20.0"
158.108.99.12 - - [19/Aug/2014:14:42:37 +0700] "GET /elab/ HTTP/1.1" 302 - "-" "Mozilla/5.0 (X11; Ubuntu; Linux i686; rv:20.0) Gecko/20100101 Firefox/20.0"
158.108.99.12 - - [19/Aug/2014:14:42:37 +0700] "GET /elab/accounts/login?next=/elab/ HTTP/1.1" 301 - "-" "Mozilla/5.0 (X11; Ubuntu; Linux i686; rv:20.0) Gecko/20100101 Firefox/20.0"
158.108.100.25 - - [19/Aug/2014:14:41:46 +0700] "GET /elab/ HTTP/1.1" 302 - "-" "Mozilla/5.0 (X11; Ubuntu; Linux i686; rv:20.0) Gecko/20100101 Firefox/20.0"
158.108.241.226 - - [19/Aug/2014:14:40:56 +0700] "POST /elab/accounts/login/ HTTP/1.1" 302 - "https://cloud3.cpe.ku.ac.th/elab/accounts/login/?next=/elab/" "Mozilla/5.0 (X11; Ubuntu; Linux i686; rv:20.0) Gecko/20100101 Firefox/20.0"
158.108.96.134 - - [19/Aug/2014:14:41:46 +0700] "GET /elab/ HTTP/1.1" 302 - "-" "Mozilla/5.0 (X11; Ubuntu; Linux i686; rv:20.0) Gecko/20100101 Firefox/20.0"
158.108.99.50 - - [19/Aug/2014:14:42:37 +0700] "GET /elab/accounts/login?next=/elab/ HTTP/1.1" 301 - "-" "Mozilla/5.0 (X11; Ubuntu; Linux i686; rv:20.0) Gecko/20100101 Firefox/20.0"
158.108.102.34 - - [19/Aug/2014:14:42:37 +0700] "GET /elab HTTP/1.1" 302 483 "-" "Mozilla/5.0 (X11; Ubuntu; Linux i686; rv:20.0) Gecko/20100101 Firefox/20.0"
158.108.104.179 - - [19/Aug/2014:14:42:05 +0700] "GET /elab/ HTTP/1.1" 302 - "-" "Mozilla/5.0 (X11; Ubuntu; Linux i686; rv:25.0) Gecko/20100101 Firefox/25.0"
158.108.99.50 - - [19/Aug/2014:14:42:38 +0700] "GET /elab/accounts/login/?next=/elab/ HTTP/1.1" 302 - "-" "Mozilla/5.0 (X11; Ubuntu; Linux i686; rv:20.0) Gecko/20100101 Firefox/20.0"
1.4.18.94 - - [19/Aug/2014:14:40:37 +0700] "GET / HTTP/1.1" 206 606290 "-" "KillApachePy (0.1d)"
158.108.99.12 - - [19/Aug/2014:14:41:52 +0700] "GET /elab/ HTTP/1.1" 302 - "-" "Mozilla/5.0 (X11; Ubuntu; Linux i686; rv:20.0) Gecko/20100101 Firefox/20.0"
158.108.99.164 - - [19/Aug/2014:14:42:38 +0700] "GET /elab/accounts/login?next=/elab/ HTTP/1.1" 301 - "-" "Mozilla/5.0 (X11; Ubuntu; Linux i686; rv:20.0) Gecko/20100101 Firefox/20.0"
158.108.100.33 - - [19/Aug/2014:14:42:30 +0700] "GET /elab/ HTTP/1.1" 200 2110 "-" "Mozilla/5.0 (X11; Ubuntu; Linux i686; rv:20.0) Gecko/20100101 Firefox/20.0"
158.108.99.164 - - [19/Aug/2014:14:42:39 +0700] "GET /elab/accounts/login/?next=/elab/ HTTP/1.1" 302 - "-" "Mozilla/5.0 (X11; Ubuntu; Linux i686; rv:20.0) Gecko/20100101 Firefox/20.0"
158.108.241.92 - - [19/Aug/2014:14:42:03 +0700] "GET /elab/ HTTP/1.1" 302 - "http://cloud3.cpe.ku.ac.th/" "Mozilla/5.0 (X11; Ubuntu; Linux i686; rv:20.0) Gecko/20100101 Firefox/20.0"
158.108.100.33 - - [19/Aug/2014:14:42:39 +0700] "GET /elab_media//css/base.css HTTP/1.1" 200 9213 "http://cloud3.cpe.ku.ac.th/elab/" "Mozilla/5.0 (X11; Ubuntu; Linux i686; rv:20.0) Gecko/20100101 Firefox/20.0"
1.4.18.94 - - [19/Aug/2014:14:40:40 +0700] "GET / HTTP/1.1" 206 606290 "-" "KillApachePy (0.1d)"
158.108.102.68 - - [19/Aug/2014:14:40:59 +0700] "GET /elab/accounts/login/?next=/elab/ HTTP/1.1" 200 1360 "-" "Mozilla/5.0 (X11; Ubuntu; Linux i686; rv:20.0) Gecko/20100101 Firefox/20.0"
158.108.100.33 - - [19/Aug/2014:14:42:39 +0700] "GET /favicon.ico HTTP/1.1" 404 476 "-" "Mozilla/5.0 (X11; Ubuntu; Linux i686; rv:20.0) Gecko/20100101 Firefox/20.0"
158.108.100.33 - - [19/Aug/2014:14:42:39 +0700] "GET /favicon.ico HTTP/1.1" 404 476 "-" "Mozilla/5.0 (X11; Ubuntu; Linux i686; rv:20.0) Gecko/20100101 Firefox/20.0"
1.4.18.94 - - [19/Aug/2014:14:40:34 +0700] "GET / HTTP/1.1" 206 606290 "-" "KillApachePy (0.1d)"
1.4.18.94 - - [19/Aug/2014:14:40:31 +0700] "GET / HTTP/1.1" 206 606290 "-" "KillApachePy (0.1d)"
158.108.96.86 - - [19/Aug/2014:14:42:39 +0700] "GET /elab/accounts/login?next=/elab/ HTTP/1.1" 301 - "-" "Mozilla/5.0 (X11; Ubuntu; Linux i686; rv:20.0) Gecko/20100101 Firefox/20.0"
158.108.100.25 - - [19/Aug/2014:14:42:39 +0700] "GET /elab/accounts/login?next=/elab/ HTTP/1.1" 301 - "-" "Mozilla/5.0 (X11; Ubuntu; Linux i686; rv:20.0) Gecko/20100101 Firefox/20.0"
158.108.96.86 - - [19/Aug/2014:14:42:39 +0700] "GET /elab/accounts/login/?next=/elab/ HTTP/1.1" 302 - "-" "Mozilla/5.0 (X11; Ubuntu; Linux i686; rv:20.0) Gecko/20100101 Firefox/20.0"
158.108.96.233 - - [19/Aug/2014:14:41:51 +0700] "GET /elab/ HTTP/1.1" 302 - "-" "Mozilla/5.0 (X11; Ubuntu; Linux i686; rv:23.0) Gecko/20100101 Firefox/23.0"
158.108.100.25 - - [19/Aug/2014:14:42:39 +0700] "GET /elab/accounts/login/?next=/elab/ HTTP/1.1" 302 - "-" "Mozilla/5.0 (X11; Ubuntu; Linux i686; rv:20.0) Gecko/20100101 Firefox/20.0"
158.108.241.198 - - [19/Aug/2014:14:41:43 +0700] "GET /elab/ HTTP/1.1" 302 - "-" "Mozilla/5.0 (X11; Ubuntu; Linux i686; rv:20.0) Gecko/20100101 Firefox/20.0"
158.108.104.179 - - [19/Aug/2014:14:42:39 +0700] "GET /elab/accounts/login?next=/elab/ HTTP/1.1" 301 - "-" "Mozilla/5.0 (X11; Ubuntu; Linux i686; rv:25.0) Gecko/20100101 Firefox/25.0"
1.4.18.94 - - [19/Aug/2014:14:40:38 +0700] "GET / HTTP/1.1" 206 606290 "-" "KillApachePy (0.1d)"
158.108.104.179 - - [19/Aug/2014:14:42:39 +0700] "GET /elab/accounts/login/?next=/elab/ HTTP/1.1" 302 - "-" "Mozilla/5.0 (X11; Ubuntu; Linux i686; rv:25.0) Gecko/20100101 Firefox/25.0"
158.108.96.193 - - [19/Aug/2014:14:41:37 +0700] "GET /elab/accounts/login/?next=/elab/ HTTP/1.1" 200 1360 "-" "Mozilla/5.0 (X11; Ubuntu; Linux i686; rv:20.0) Gecko/20100101 Firefox/20.0"
158.108.96.193 - - [19/Aug/2014:14:41:27 +0700] "GET /elab/accounts/login/?next=/elab/ HTTP/1.1" 200 1360 "-" "Mozilla/5.0 (X11; Ubuntu; Linux i686; rv:20.0) Gecko/20100101 Firefox/20.0"
158.108.102.217 - - [19/Aug/2014:14:41:29 +0700] "GET /elab/accounts/login/?next=/elab/ HTTP/1.1" 200 1360 "-" "Mozilla/5.0 (X11; Ubuntu; Linux i686; rv:20.0) Gecko/20100101 Firefox/20.0"
158.108.99.243 - - [19/Aug/2014:14:41:44 +0700] "GET /elab/accounts/login/?next=/elab/ HTTP/1.1" 200 1360 "-" "Mozilla/5.0 (X11; Ubuntu; Linux i686; rv:20.0) Gecko/20100101 Firefox/20.0"
158.108.99.243 - - [19/Aug/2014:14:42:40 +0700] "GET /elab_media//css/base.css HTTP/1.1" 200 9213 "https://cloud3.cpe.ku.ac.th/elab/accounts/login/?next=/elab/" "Mozilla/5.0 (X11; Ubuntu; Linux i686; rv:20.0) Gecko/20100101 Firefox/20.0"
158.108.99.243 - - [19/Aug/2014:14:42:40 +0700] "GET /favicon.ico HTTP/1.1" 404 477 "-" "Mozilla/5.0 (X11; Ubuntu; Linux i686; rv:20.0) Gecko/20100101 Firefox/20.0"
158.108.99.243 - - [19/Aug/2014:14:42:40 +0700] "GET /favicon.ico HTTP/1.1" 404 477 "-" "Mozilla/5.0 (X11; Ubuntu; Linux i686; rv:20.0) Gecko/20100101 Firefox/20.0"
158.108.99.179 - - [19/Aug/2014:14:42:09 +0700] "GET /elab/ HTTP/1.1" 302 - "-" "Mozilla/5.0 (X11; Ubuntu; Linux i686; rv:20.0) Gecko/20100101 Firefox/20.0"
158.108.99.12 - - [19/Aug/2014:14:42:40 +0700] "GET /elab HTTP/1.1" 302 485 "-" "Mozilla/5.0 (X11; Ubuntu; Linux i686; rv:20.0) Gecko/20100101 Firefox/20.0"
158.108.98.44 - - [19/Aug/2014:14:41:13 +0700] "GET /elab/accounts/login/?next=/elab/ HTTP/1.1" 200 1360 "-" "Mozilla/5.0 (X11; Ubuntu; Linux i686; rv:22.0) Gecko/20100101 Firefox/22.0"
158.108.241.226 - - [19/Aug/2014:14:41:16 +0700] "GET /elab/ HTTP/1.1" 200 2100 "-" "Mozilla/5.0 (X11; Ubuntu; Linux i686; rv:20.0) Gecko/20100101 Firefox/20.0"
158.108.241.198 - - [19/Aug/2014:14:42:35 +0700] "POST /elab/accounts/login/ HTTP/1.1" 302 - "https://cloud3.cpe.ku.ac.th/elab/accounts/login/?next=/elab/" "Mozilla/5.0 (X11; Ubuntu; Linux i686; rv:20.0) Gecko/20100101 Firefox/20.0"
178.154.47.190 - - [19/Aug/2014:14:42:36 +0700] "GET /redmine/issues?per_page=50&sort=subject%2Cupdated_on%3Adesc%2Cid%3Adesc HTTP/1.1" 200 29727 "-" "Mozilla/5.0 (compatible; YandexBot/3.0; +http://yandex.com/bots)"
158.108.99.12 - - [19/Aug/2014:14:42:37 +0700] "GET /elab/accounts/login/?next=/elab/ HTTP/1.1" 200 1360 "-" "Mozilla/5.0 (X11; Ubuntu; Linux i686; rv:20.0) Gecko/20100101 Firefox/20.0"
158.108.96.193 - - [19/Aug/2014:14:41:47 +0700] "GET /elab/accounts/login/?next=/elab/ HTTP/1.1" 200 1360 "-" "Mozilla/5.0 (X11; Ubuntu; Linux i686; rv:20.0) Gecko/20100101 Firefox/20.0"
