158.108.99.243 - - [19/Aug/2014:14:42:41 +0700] "GET /elab/accounts/login/?next=/elab/ HTTP/1.1" 200 1360 "-" "Mozilla/5.0 (X11; Ubuntu; Linux i686; rv:20.0) Gecko/20100101 Firefox/20.0"
158.108.100.249 - - [19/Aug/2014:14:42:41 +0700] "GET /elab HTTP/1.1" 302 485 "-" "Mozilla/5.0 (X11; Ubuntu; Linux i686; rv:20.0) Gecko/20100101 Firefox/20.0"
158.108.100.249 - - [19/Aug/2014:14:42:41 +0700] "GET /elab/ HTTP/1.1" 302 - "-" "Mozilla/5.0 (X11; Ubuntu; Linux i686; rv:20.0) Gecko/20100101 Firefox/20.0"
158.108.100.249 - - [19/Aug/2014:14:42:41 +0700] "GET /elab/accounts/login?next=/elab/ HTTP/1.1" 301 - "-" "Mozilla/5.0 (X11; Ubuntu; Linux i686; rv:20.0) Gecko/20100101 Firefox/20.0"
158.108.100.249 - - [19/Aug/2014:14:42:41 +0700] "GET /elab/accounts/login/?next=/elab/ HTTP/1.1" 200 1360 "-" "Mozilla/5.0 (X11; Ubuntu; Linux i686; rv:20.0) Gecko/20100101 Firefox/20.0"
158.108.100.249 - - [19/Aug/2014:14:42:41 +0700] "GET /elab_media//css/base.css HTTP/1.1" 200 9213 "https://cloud3.cpe.ku.ac.th/elab/accounts/login/?next=/elab/" "Mozilla/5.0 (X11; Ubuntu; Linux i686; rv:20.0) Gecko/20100101 Firefox/20.0"
10.2.78.119 - - [19/Aug/2014:14:39:58 +0700] "GET /elab/admin/lab/section/277/ HTTP/1.1" 500 292572 "https://cloud3.cpe.ku.ac.th/elab/instr/277/" "Mozilla/5.0 (Macintosh; Intel Mac OS X 10_9_2) AppleWebKit/537.74.9 (KHTML, like Gecko) Version/7.0.2 Safari/537.74.9"
158.108.100.249 - - [19/Aug/2014:14:42:41 +0700] "GET /favicon.ico HTTP/1.1" 404 477 "-" "Mozilla/5.0 (X11; Ubuntu; Linux i686; rv:20.0) Gecko/20100101 Firefox/20.0"
158.108.96.138 - - [19/Aug/2014:14:41:49 +0700] "GET /elab/accounts/login/?next=/elab/ HTTP/1.1" 200 1360 "-" "Mozilla/5.0 (X11; Linux i686) AppleWebKit/537.36 (KHTML, like Gecko) Ubuntu Chromium/30.0.1599.114 Chrome/30.0.1599.114 Safari/537.36"
158.108.100.249 - - [19/Aug/2014:14:42:41 +0700] "GET /favicon.ico HTTP/1.1" 404 477 "-" "Mozilla/5.0 (X11; Ubuntu; Linux i686; rv:20.0) Gecko/20100101 Firefox/20.0"
158.108.99.179 - - [19/Aug/2014:14:42:41 +0700] "GET /elab/accounts/login?next=/elab/ HTTP/1.1" 301 - "-" "Mozilla/5.0 (X11; Ubuntu; Linux i686; rv:20.0) Gecko/20100101 Firefox/20.0"
158.108.99.179 - - [19/Aug/2014:14:42:41 +0700] "GET /elab/accounts/login/?next=/elab/ HTTP/1.1" 302 - "-" "Mozilla/5.0 (X11; Ubuntu; Linux i686; rv:20.0) Gecko/20100101 Firefox/20.0"
158.108.99.30 - - [19/Aug/2014:14:42:42 +0700] "GET /elab HTTP/1.1" 302 485 "-" "Mozilla/5.0 (X11; Ubuntu; Linux i686; rv:20.0) Gecko/20100101 Firefox/20.0"
158.108.99.30 - - [19/Aug/2014:14:42:42 +0700] "GET /elab/ HTTP/1.1" 302 - "-" "Mozilla/5.0 (X11; Ubuntu; Linux i686; rv:20.0) Gecko/20100101 Firefox/20.0"
158.108.99.30 - - [19/Aug/2014:14:42:42 +0700] "GET /elab/accounts/login?next=/elab/ HTTP/1.1" 301 - "-" "Mozilla/5.0 (X11; Ubuntu; Linux i686; rv:20.0) Gecko/20100101 Firefox/20.0"
158.108.241.92 - - [19/Aug/2014:14:42:09 +0700] "GET /elab/ HTTP/1.1" 302 - "-" "Mozilla/5.0 (X11; Ubuntu; Linux i686; rv:20.0) Gecko/20100101 Firefox/20.0"
1.4.18.94 - - [19/Aug/2014:14:40:47 +0700] "GET / HTTP/1.1" 206 606290 "-" "KillApachePy (0.1d)"
1.4.18.94 - - [19/Aug/2014:14:41:00 +0700] "GET / HTTP/1.1" 206 606290 "-" "KillApachePy (0.1d)"
158.108.96.193 - - [19/Aug/2014:14:41:47 +0700] "GET /elab/accounts/login/?next=/elab/ HTTP/1.1" 200 1360 "-" "Mozilla/5.0 (X11; Ubuntu; Linux i686; rv:20.0) Gecko/20100101 Firefox/20.0"
158.108.96.138 - - [19/Aug/2014:14:42:42 +0700] "GET /elab_media//css/base.css HTTP/1.1" 200 9213 "https://cloud3.cpe.ku.ac.th/elab/accounts/login/?next=/elab/" "Mozilla/5.0 (X11; Linux i686) AppleWebKit/537.36 (KHTML, like Gecko) Ubuntu Chromium/30.0.1599.114 Chrome/30.0.1599.114 Safari/537.36"
158.108.96.138 - - [19/Aug/2014:14:42:42 +0700] "GET /favicon.ico HTTP/1.1" 404 477 "-" "Mozilla/5.0 (X11; Linux i686) AppleWebKit/537.36 (KHTML, like Gecko) Ubuntu Chromium/30.0.1599.114 Chrome/30.0.1599.114 Safari/537.36"
158.108.98.44 - - [19/Aug/2014:14:41:59 +0700] "GET /elab/accounts/login/?next=/elab/ HTTP/1.1" 200 1360 "-" "Mozilla/5.0 (X11; Ubuntu; Linux i686; rv:22.0) Gecko/20100101 Firefox/22.0"
158.108.100.146 - - [19/Aug/2014:14:41:57 +0700] "GET /elab/ HTTP/1.1" 200 2101 "-" "Mozilla/5.0 (X11; Ubuntu; Linux i686; rv:20.0) Gecko/20100101 Firefox/20.0"
158.108.241.17 - - [19/Aug/2014:14:42:42 +0700] "GET / HTTP/1.1" 200 1990 "-" "Mozilla/5.0 (X11; Ubuntu; Linux i686; rv:20.0) Gecko/20100101 Firefox/20.0"
158.108.99.118 - - [19/Aug/2014:14:42:06 +0700] "GET /elab/accounts/login/?next=/elab/ HTTP/1.1" 200 1360 "-" "Mozilla/5.0 (X11; Ubuntu; Linux i686; rv:20.0) Gecko/20100101 Firefox/20.0"
158.108.241.17 - - [19/Aug/2014:14:42:14 +0700] "GET /elab/ HTTP/1.1" 302 - "-" "Mozilla/5.0 (X11; Ubuntu; Linux i686; rv:20.0) Gecko/20100101 Firefox/20.0"
158.108.241.17 - - [19/Aug/2014:14:42:42 +0700] "GET /major/sites/default/files/eng-major-button_0.png HTTP/1.1" 404 513 "http://cloud3.cpe.ku.ac.th/" "Mozilla/5.0 (X11; Ubuntu; Linux i686; rv:20.0) Gecko/20100101 Firefox/20.0"
158.108.45.1093 - - [19/Aug/2014:14:41:49 +0700] "GET /elab/ HTTP/1.1" 200 2113 "-" "Mozilla/5.0 (X11; Linux i686) AppleWebKit/537.36 (KHTML, like Gecko) Chrome/30.0.1599.114 Safari/537.36"
158.108.241.17 - - [19/Aug/2014:14:42:42 +0700] "GET /favicon.ico HTTP/1.1" 404 476 "-" "Mozilla/5.0 (X11; Ubuntu; Linux i686; rv:20.0) Gecko/20100101 Firefox/20.0"
158.108.96.18 - - [19/Aug/2014:14:41:51 +0700] "GET /elab/ HTTP/1.1" 200 2120 "-" "Mozilla/5.0 (X11; Ubuntu; Linux i686; rv:20.0) Gecko/20100101 Firefox/20.0"
158.108.241.17 - - [19/Aug/2014:14:42:42 +0700] "GET /favicon.ico HTTP/1.1" 404 476 "-" "Mozilla/5.0 (X11; Ubuntu; Linux i686; rv:20.0) Gecko/20100101 Firefox/20.0"
158.108.102.68 - - [19/Aug/2014:14:42:06 +0700] "GET /elab/accounts/login/?next=/elab/ HTTP/1.1" 200 1360 "-" "Mozilla/5.0 (X11; Ubuntu; Linux i686; rv:20.0) Gecko/20100101 Firefox/20.0"
158.108.241.198 - - [19/Aug/2014:14:41:56 +0700] "GET /elab/accounts/login/?next=/elab/ HTTP/1.1" 200 1360 "-" "Mozilla/5.0 (X11; Ubuntu; Linux i686; rv:20.0) Gecko/20100101 Firefox/20.0"
158.108.96.193 - - [19/Aug/2014:14:41:56 +0700] "GET /elab/accounts/login/?next=/elab/ HTTP/1.1" 200 1360 "-" "Mozilla/5.0 (X11; Ubuntu; Linux i686; rv:20.0) Gecko/20100101 Firefox/20.0"
158.108.241.226 - - [19/Aug/2014:14:42:37 +0700] "POST /elab/accounts/login/ HTTP/1.1" 302 - "https://cloud3.cpe.ku.ac.th/elab/accounts/login/?next=/elab/" "Mozilla/5.0 (X11; Ubuntu; Linux i686; rv:20.0) Gecko/20100101 Firefox/20.0"
158.108.241.92 - - [19/Aug/2014:14:42:43 +0700] "GET /elab/accounts/login?next=/elab/ HTTP/1.1" 301 - "-" "Mozilla/5.0 (X11; Ubuntu; Linux i686; rv:20.0) Gecko/20100101 Firefox/20.0"
158.108.241.226 - - [19/Aug/2014:14:42:43 +0700] "GET /elab/ HTTP/1.1" 200 2100 "-" "Mozilla/5.0 (X11; Ubuntu; Linux i686; rv:20.0) Gecko/20100101 Firefox/20.0"
158.108.241.226 - - [19/Aug/2014:14:42:43 +0700] "GET /elab_media//css/base.css HTTP/1.1" 200 9213 "http://cloud3.cpe.ku.ac.th/elab/" "Mozilla/5.0 (X11; Ubuntu; Linux i686; rv:20.0) Gecko/20100101 Firefox/20.0"
158.108.241.92 - - [19/Aug/2014:14:42:43 +0700] "GET /elab/accounts/login/?next=/elab/ HTTP/1.1" 302 - "-" "Mozilla/5.0 (X11; Ubuntu; Linux i686; rv:20.0) Gecko/20100101 Firefox/20.0"
158.108.241.226 - - [19/Aug/2014:14:42:43 +0700] "GET /favicon.ico HTTP/1.1" 404 476 "-" "Mozilla/5.0 (X11; Ubuntu; Linux i686; rv:20.0) Gecko/20100101 Firefox/20.0"
158.108.102.68 - - [19/Aug/2014:14:42:14 +0700] "GET /elab/ HTTP/1.1" 302 - "-" "Mozilla/5.0 (X11; Ubuntu; Linux i686; rv:20.0) Gecko/20100101 Firefox/20.0"
158.108.241.226 - - [19/Aug/2014:14:42:43 +0700] "GET /favicon.ico HTTP/1.1" 404 476 "-" "Mozilla/5.0 (X11; Ubuntu; Linux i686; rv:20.0) Gecko/20100101 Firefox/20.0"
158.108.45.1093 - - [19/Aug/2014:14:42:43 +0700] "GET /elab_media//css/base.css HTTP/1.1" 200 9213 "http://cloud3.cpe.ku.ac.th/elab/" "Mozilla/5.0 (X11; Linux i686) AppleWebKit/537.36 (KHTML, like Gecko) Chrome/30.0.1599.114 Safari/537.36"
158.108.45.1093 - - [19/Aug/2014:14:42:43 +0700] "GET /favicon.ico HTTP/1.1" 404 476 "-" "Mozilla/5.0 (X11; Linux i686) AppleWebKit/537.36 (KHTML, like Gecko) Chrome/30.0.1599.114 Safari/537.36"
158.108.99.118 - - [19/Aug/2014:14:42:43 +0700] "GET /elab_media//css/base.css HTTP/1.1" 200 9213 "https://cloud3.cpe.ku.ac.th/elab/accounts/login/?next=/elab/" "Mozilla/5.0 (X11; Ubuntu; Linux i686; rv:20.0) Gecko/20100101 Firefox/20.0"
158.108.99.118 - - [19/Aug/2014:14:42:43 +0700] "GET /favicon.ico HTTP/1.1" 404 477 "-" "Mozilla/5.0 (X11; Ubuntu; Linux i686; rv:20.0) Gecko/20100101 Firefox/20.0"
158.108.99.118 - - [19/Aug/2014:14:42:43 +0700] "GET /favicon.ico HTTP/1.1" 404 477 "-" "Mozilla/5.0 (X11; Ubuntu; Linux i686; rv:20.0) Gecko/20100101 Firefox/20.0"
10.2.78.119 - - [19/Aug/2014:14:42:43 +0700] "GET /elab/admin/jsi18n/ HTTP/1.1" 200 803 "https://cloud3.cpe.ku.ac.th/elab/admin/lab/section/277/" "Mozilla/5.0 (Macintosh; Intel Mac OS X 10_9_2) AppleWebKit/537.74.9 (KHTML, like Gecko) Version/7.0.2 Safari/537.74.9"
158.108.102.68 - - [19/Aug/2014:14:42:43 +0700] "GET /elab/accounts/login?next=/elab/ HTTP/1.1" 301 - "-" "Mozilla/5.0 (X11; Ubuntu; Linux i686; rv:20.0) Gecko/20100101 Firefox/20.0"
10.2.78.119 - - [19/Aug/2014:14:42:09 +0700] "GET /elab/admin/lab/section/277/ HTTP/1.1" 200 292572 "https://cloud3.cpe.ku.ac.th/elab/instr/277/" "Mozilla/5.0 (Macintosh; Intel Mac OS X 10_9_2) AppleWebKit/537.74.9 (KHTML, like Gecko) Version/7.0.2 Safari/537.74.9"
158.108.99.30 - - [19/Aug/2014:14:42:42 +0700] "GET /elab/accounts/login/?next=/elab/ HTTP/1.1" 200 1360 "-" "Mozilla/5.0 (X11; Ubuntu; Linux i686; rv:20.0) Gecko/20100101 Firefox/20.0"
158.108.99.30 - - [19/Aug/2014:14:42:44 +0700] "GET /elab_media//css/base.css HTTP/1.1" 200 9213 "https://cloud3.cpe.ku.ac.th/elab/accounts/login/?next=/elab/" "Mozilla/5.0 (X11; Ubuntu; Linux i686; rv:20.0) Gecko/20100101 Firefox/20.0"
158.108.99.30 - - [19/Aug/2014:14:42:44 +0700] "GET /favicon.ico HTTP/1.1" 404 477 "-" "Mozilla/5.0 (X11; Ubuntu; Linux i686; rv:20.0) Gecko/20100101 Firefox/20.0"
158.108.99.30 - - [19/Aug/2014:14:42:44 +0700] "GET /favicon.ico HTTP/1.1" 404 477 "-" "Mozilla/5.0 (X11; Ubuntu; Linux i686; rv:20.0) Gecko/20100101 Firefox/20.0"
158.108.99.12 - - [19/Aug/2014:14:42:44 +0700] "GET /elab HTTP/1.1" 302 483 "-" "Mozilla/5.0 (X11; Ubuntu; Linux i686; rv:20.0) Gecko/20100101 Firefox/20.0"
158.108.99.12 - - [19/Aug/2014:14:42:44 +0700] "GET /elab/ HTTP/1.1" 302 - "-" "Mozilla/5.0 (X11; Ubuntu; Linux i686; rv:20.0) Gecko/20100101 Firefox/20.0"
158.108.99.12 - - [19/Aug/2014:14:42:44 +0700] "GET /elab/accounts/login?next=/elab/ HTTP/1.1" 301 - "-" "Mozilla/5.0 (X11; Ubuntu; Linux i686; rv:20.0) Gecko/20100101 Firefox/20.0"
158.108.99.12 - - [19/Aug/2014:14:42:44 +0700] "GET /elab/accounts/login/?next=/elab/ HTTP/1.1" 302 - "-" "Mozilla/5.0 (X11; Ubuntu; Linux i686; rv:20.0) Gecko/20100101 Firefox/20.0"
158.108.96.134 - - [19/Aug/2014:14:42:28 +0700] "GET /elab/ HTTP/1.1" 302 - "-" "Mozilla/5.0 (X11; Ubuntu; Linux i686; rv:20.0) Gecko/20100101 Firefox/20.0"
158.108.102.68 - - [19/Aug/2014:14:42:43 +0700] "GET /elab/accounts/login/?next=/elab/ HTTP/1.1" 200 1360 "-" "Mozilla/5.0 (X11; Ubuntu; Linux i686; rv:20.0) Gecko/20100101 Firefox/20.0"
158.108.102.68 - - [19/Aug/2014:14:42:45 +0700] "GET /elab_media//css/base.css HTTP/1.1" 200 9213 "https://cloud3.cpe.ku.ac.th/elab/accounts/login/?next=/elab/" "Mozilla/5.0 (X11; Ubuntu; Linux i686; rv:20.0) Gecko/20100101 Firefox/20.0"
158.108.96.134 - - [19/Aug/2014:14:42:45 +0700] "GET /elab/accounts/login?next=/elab/ HTTP/1.1" 301 - "-" "Mozilla/5.0 (X11; Ubuntu; Linux i686; rv:20.0) Gecko/20100101 Firefox/20.0"
158.108.96.134 - - [19/Aug/2014:14:42:45 +0700] "GET /elab/accounts/login/?next=/elab/ HTTP/1.1" 302 - "-" "Mozilla/5.0 (X11; Ubuntu; Linux i686; rv:20.0) Gecko/20100101 Firefox/20.0"
158.108.102.68 - - [19/Aug/2014:14:42:45 +0700] "GET /favicon.ico HTTP/1.1" 404 477 "-" "Mozilla/5.0 (X11; Ubuntu; Linux i686; rv:20.0) Gecko/20100101 Firefox/20.0"
158.108.96.233 - - [19/Aug/2014:14:42:45 +0700] "GET / HTTP/1.1" 200 1990 "-" "Mozilla/5.0 (X11; Ubuntu; Linux i686; rv:23.0) Gecko/20100101 Firefox/23.0"
158.108.102.34 - - [19/Aug/2014:14:42:37 +0700] "GET /elab/ HTTP/1.1" 302 - "-" "Mozilla/5.0 (X11; Ubuntu; Linux i686; rv:20.0) Gecko/20100101 Firefox/20.0"
158.108.102.68 - - [19/Aug/2014:14:42:45 +0700] "GET /favicon.ico HTTP/1.1" 404 477 "-" "Mozilla/5.0 (X11; Ubuntu; Linux i686; rv:20.0) Gecko/20100101 Firefox/20.0"
158.108.99.220 - - [19/Aug/2014:14:42:34 +0700] "GET /elab/ HTTP/1.1" 302 - "-" "Mozilla/5.0 (X11; Ubuntu; Linux i686; rv:20.0) Gecko/20100101 Firefox/20.0"
158.108.99.12 - - [19/Aug/2014:14:42:36 +0700] "GET /elab/ HTTP/1.1" 302 - "-" "Mozilla/5.0 (X11; Ubuntu; Linux i686; rv:20.0) Gecko/20100101 Firefox/20.0"
158.108.241.17 - - [19/Aug/2014:14:42:30 +0700] "GET /elab/ HTTP/1.1" 302 - "-" "Mozilla/5.0 (X11; Ubuntu; Linux i686; rv:20.0) Gecko/20100101 Firefox/20.0"
158.108.102.34 - - [19/Aug/2014:14:42:45 +0700] "GET /elab/accounts/login?next=/elab/ HTTP/1.1" 301 - "-" "Mozilla/5.0 (X11; Ubuntu; Linux i686; rv:20.0) Gecko/20100101 Firefox/20.0"
158.108.102.34 - - [19/Aug/2014:14:42:45 +0700] "GET /elab/accounts/login/?next=/elab/ HTTP/1.1" 302 - "-" "Mozilla/5.0 (X11; Ubuntu; Linux i686; rv:20.0) Gecko/20100101 Firefox/20.0"
158.108.99.220 - - [19/Aug/2014:14:42:45 +0700] "GET /elab/accounts/login?next=/elab/ HTTP/1.1" 301 - "-" "Mozilla/5.0 (X11; Ubuntu; Linux i686; rv:20.0) Gecko/20100101 Firefox/20.0"
158.108.99.12 - - [19/Aug/2014:14:42:36 +0700] "GET /elab/ HTTP/1.1" 302 - "-" "Mozilla/5.0 (X11; Ubuntu; Linux i686; rv:20.0) Gecko/20100101 Firefox/20.0"
158.108.99.220 - - [19/Aug/2014:14:42:45 +0700] "GET /elab/accounts/login/?next=/elab/ HTTP/1.1" 302 - "-" "Mozilla/5.0 (X11; Ubuntu; Linux i686; rv:20.0) Gecko/20100101 Firefox/20.0"
158.108.241.226 - - [19/Aug/2014:14:42:29 +0700] "GET /elab/accounts/login/?next=/elab/ HTTP/1.1" 200 1360 "-" "Mozilla/5.0 (X11; Ubuntu; Linux i686; rv:20.0) Gecko/20100101 Firefox/20.0"
158.108.99.12 - - [19/Aug/2014:14:42:40 +0700] "GET /elab/ HTTP/1.1" 302 - "-" "Mozilla/5.0 (X11; Ubuntu; Linux i686; rv:20.0) Gecko/20100101 Firefox/20.0"
158.108.96.233 - - [19/Aug/2014:14:42:37 +0700] "GET /elab/accounts/login/?next=/elab/ HTTP/1.1" 200 1360 "-" "Mozilla/5.0 (X11; Ubuntu; Linux i686; rv:23.0) Gecko/20100101 Firefox/23.0"
158.108.96.233 - - [19/Aug/2014:14:42:46 +0700] "GET /elab_media//css/base.css HTTP/1.1" 200 9213 "https://cloud3.cpe.ku.ac.th/elab/accounts/login/?next=/elab/" "Mozilla/5.0 (X11; Ubuntu; Linux i686; rv:23.0) Gecko/20100101 Firefox/23.0"
158.108.96.233 - - [19/Aug/2014:14:42:46 +0700] "GET /favicon.ico HTTP/1.1" 404 477 "-" "Mozilla/5.0 (X11; Ubuntu; Linux i686; rv:23.0) Gecko/20100101 Firefox/23.0"
158.108.240.249 - - [19/Aug/2014:14:42:35 +0700] "GET /elab/lab/277/ HTTP/1.1" 200 1534 "http://cloud3.cpe.ku.ac.th/elab/" "Mozilla/5.0 (X11; Ubuntu; Linux i686; rv:20.0) Gecko/20100101 Firefox/20.0"
158.108.96.233 - - [19/Aug/2014:14:42:46 +0700] "GET /favicon.ico HTTP/1.1" 404 477 "-" "Mozilla/5.0 (X11; Ubuntu; Linux i686; rv:23.0) Gecko/20100101 Firefox/23.0"
158.108.240.249 - - [19/Aug/2014:14:42:46 +0700] "GET /elab_media//css/base.css HTTP/1.1" 304 - "http://cloud3.cpe.ku.ac.th/elab/lab/277/" "Mozilla/5.0 (X11; Ubuntu; Linux i686; rv:20.0) Gecko/20100101 Firefox/20.0"
158.108.241.198 - - [19/Aug/2014:14:42:41 +0700] "POST /elab/accounts/login/ HTTP/1.1" 302 - "https://cloud3.cpe.ku.ac.th/elab/accounts/login/?next=/elab/" "Mozilla/5.0 (X11; Ubuntu; Linux i686; rv:20.0) Gecko/20100101 Firefox/20.0"
158.108.100.146 - - [19/Aug/2014:14:42:38 +0700] "GET /elab/lab/277/ HTTP/1.1" 200 1523 "http://cloud3.cpe.ku.ac.th/elab/" "Mozilla/5.0 (X11; Ubuntu; Linux i686; rv:20.0) Gecko/20100101 Firefox/20.0"
158.108.98.57 - - [19/Aug/2014:14:42:40 +0700] "GET /elab/accounts/login/?next=/elab/ HTTP/1.1" 200 1360 "-" "Mozilla/5.0 (X11; Ubuntu; Linux i686; rv:20.0) Gecko/20100101 Firefox/20.0"
158.108.98.57 - - [19/Aug/2014:14:42:47 +0700] "GET /elab_media//css/base.css HTTP/1.1" 200 9213 "https://cloud3.cpe.ku.ac.th/elab/accounts/login/?next=/elab/" "Mozilla/5.0 (X11; Ubuntu; Linux i686; rv:20.0) Gecko/20100101 Firefox/20.0"
158.108.98.57 - - [19/Aug/2014:14:42:47 +0700] "GET /favicon.ico HTTP/1.1" 404 477 "-" "Mozilla/5.0 (X11; Ubuntu; Linux i686; rv:20.0) Gecko/20100101 Firefox/20.0"
158.108.98.57 - - [19/Aug/2014:14:42:47 +0700] "GET /favicon.ico HTTP/1.1" 404 477 "-" "Mozilla/5.0 (X11; Ubuntu; Linux i686; rv:20.0) Gecko/20100101 Firefox/20.0"
158.108.96.18 - - [19/Aug/2014:14:42:46 +0700] "GET /elab/lab/277/ HTTP/1.1" 200 1542 "http://cloud3.cpe.ku.ac.th/elab/" "Mozilla/5.0 (X11; Ubuntu; Linux i686; rv:20.0) Gecko/20100101 Firefox/20.0"
158.108.99.12 - - [19/Aug/2014:14:42:44 +0700] "GET /elab/accounts/login/?next=/elab/ HTTP/1.1" 200 1360 "-" "Mozilla/5.0 (X11; Ubuntu; Linux i686; rv:20.0) Gecko/20100101 Firefox/20.0"
158.108.99.12 - - [19/Aug/2014:14:42:47 +0700] "GET /elab_media//css/base.css HTTP/1.1" 200 9213 "https://cloud3.cpe.ku.ac.th/elab/accounts/login/?next=/elab/" "Mozilla/5.0 (X11; Ubuntu; Linux i686; rv:20.0) Gecko/20100101 Firefox/20.0"
158.108.241.198 - - [19/Aug/2014:14:42:40 +0700] "GET /elab/ HTTP/1.1" 200 2111 "-" "Mozilla/5.0 (X11; Ubuntu; Linux i686; rv:20.0) Gecko/20100101 Firefox/20.0"
158.108.99.12 - - [19/Aug/2014:14:42:47 +0700] "GET /favicon.ico HTTP/1.1" 404 477 "-" "Mozilla/5.0 (X11; Ubuntu; Linux i686; rv:20.0) Gecko/20100101 Firefox/20.0"
158.108.99.12 - - [19/Aug/2014:14:42:47 +0700] "GET /favicon.ico HTTP/1.1" 404 477 "-" "Mozilla/5.0 (X11; Ubuntu; Linux i686; rv:20.0) Gecko/20100101 Firefox/20.0"
158.108.102.38 - - [19/Aug/2014:14:42:47 +0700] "GET /elab HTTP/1.1" 302 485 "-" "Mozilla/5.0 (X11; Ubuntu; Linux i686; rv:20.0) Gecko/20100101 Firefox/20.0"
158.108.241.198 - - [19/Aug/2014:14:42:46 +0700] "GET /elab/ HTTP/1.1" 200 2111 "-" "Mozilla/5.0 (X11; Ubuntu; Linux i686; rv:20.0) Gecko/20100101 Firefox/20.0"
158.108.241.198 - - [19/Aug/2014:14:42:48 +0700] "GET /elab_media//css/base.css HTTP/1.1" 200 9213 "http://cloud3.cpe.ku.ac.th/elab/" "Mozilla/5.0 (X11; Ubuntu; Linux i686; rv:20.0) Gecko/20100101 Firefox/20.0"
158.108.241.198 - - [19/Aug/2014:14:42:48 +0700] "GET /favicon.ico HTTP/1.1" 404 476 "-" "Mozilla/5.0 (X11; Ubuntu; Linux i686; rv:20.0) Gecko/20100101 Firefox/20.0"
158.108.241.198 - - [19/Aug/2014:14:42:48 +0700] "GET /favicon.ico HTTP/1.1" 404 476 "-" "Mozilla/5.0 (X11; Ubuntu; Linux i686; rv:20.0) Gecko/20100101 Firefox/20.0"
158.108.102.38 - - [19/Aug/2014:14:42:47 +0700] "GET /elab/ HTTP/1.1" 302 - "-" "Mozilla/5.0 (X11; Ubuntu; Linux i686; rv:20.0) Gecko/20100101 Firefox/20.0"
158.108.102.38 - - [19/Aug/2014:14:42:48 +0700] "GET /elab/accounts/login?next=/elab/ HTTP/1.1" 301 - "-" "Mozilla/5.0 (X11; Ubuntu; Linux i686; rv:20.0) Gecko/20100101 Firefox/20.0"
158.108.102.38 - - [19/Aug/2014:14:42:48 +0700] "GET /elab/accounts/login/?next=/elab/ HTTP/1.1" 200 1360 "-" "Mozilla/5.0 (X11; Ubuntu; Linux i686; rv:20.0) Gecko/20100101 Firefox/20.0"
158.108.102.38 - - [19/Aug/2014:14:42:48 +0700] "GET /elab_media//css/base.css HTTP/1.1" 200 9213 "https://cloud3.cpe.ku.ac.th/elab/accounts/login/?next=/elab/" "Mozilla/5.0 (X11; Ubuntu; Linux i686; rv:20.0) Gecko/20100101 Firefox/20.0"
158.108.102.38 - - [19/Aug/2014:14:42:48 +0700] "GET /favicon.ico HTTP/1.1" 404 477 "-" "Mozilla/5.0 (X11; Ubuntu; Linux i686; rv:20.0) Gecko/20100101 Firefox/20.0"
158.108.102.38 - - [19/Aug/2014:14:42:48 +0700] "GET /favicon.ico HTTP/1.1" 404 477 "-" "Mozilla/5.0 (X11; Ubuntu; Linux i686; rv:20.0) Gecko/20100101 Firefox/20.0"
158.108.240.145 - - [19/Aug/2014:14:42:44 +0700] "POST /elab/accounts/login/ HTTP/1.1" 302 - "https://cloud3.cpe.ku.ac.th/elab/accounts/login/?next=/elab/" "Mozilla/5.0 (X11; Ubuntu; Linux i686; rv:20.0) Gecko/20100101 Firefox/20.0"
158.108.240.145 - - [19/Aug/2014:14:42:49 +0700] "GET /elab/ HTTP/1.1" 200 2099 "-" "Mozilla/5.0 (X11; Ubuntu; Linux i686; rv:20.0) Gecko/20100101 Firefox/20.0"
158.108.240.145 - - [19/Aug/2014:14:42:49 +0700] "GET /elab_media//css/base.css HTTP/1.1" 200 9213 "http://cloud3.cpe.ku.ac.th/elab/" "Mozilla/5.0 (X11; Ubuntu; Linux i686; rv:20.0) Gecko/20100101 Firefox/20.0"
158.108.240.145 - - [19/Aug/2014:14:42:49 +0700] "GET /favicon.ico HTTP/1.1" 404 476 "-" "Mozilla/5.0 (X11; Ubuntu; Linux i686; rv:20.0) Gecko/20100101 Firefox/20.0"
158.108.240.145 - - [19/Aug/2014:14:42:49 +0700] "GET /favicon.ico HTTP/1.1" 404 476 "-" "Mozilla/5.0 (X11; Ubuntu; Linux i686; rv:20.0) Gecko/20100101 Firefox/20.0"
158.108.102.209 - - [19/Aug/2014:14:42:49 +0700] "GET /elab/ HTTP/1.1" 302 - "-" "Mozilla/5.0 (X11; Ubuntu; Linux i686; rv:20.0) Gecko/20100101 Firefox/20.0"
158.108.104.179 - - [19/Aug/2014:14:42:49 +0700] "GET /elab/accounts/login/?next=/elab/ HTTP/1.1" 200 1360 "-" "Mozilla/5.0 (X11; Ubuntu; Linux i686; rv:25.0) Gecko/20100101 Firefox/25.0"
158.108.240.204 - - [19/Aug/2014:14:42:49 +0700] "GET /elab/lab/277/ HTTP/1.1" 200 1537 "http://cloud3.cpe.ku.ac.th/elab/" "Mozilla/5.0 (X11; Ubuntu; Linux i686; rv:20.0) Gecko/20100101 Firefox/20.0"
158.108.102.209 - - [19/Aug/2014:14:42:50 +0700] "GET /elab/accounts/login?next=/elab/ HTTP/1.1" 301 - "-" "Mozilla/5.0 (X11; Ubuntu; Linux i686; rv:20.0) Gecko/20100101 Firefox/20.0"
158.108.104.179 - - [19/Aug/2014:14:42:50 +0700] "GET /elab_media//css/base.css HTTP/1.1" 200 9213 "https://cloud3.cpe.ku.ac.th/elab/accounts/login/?next=/elab/" "Mozilla/5.0 (X11; Ubuntu; Linux i686; rv:25.0) Gecko/20100101 Firefox/25.0"
158.108.104.179 - - [19/Aug/2014:14:42:50 +0700] "GET /favicon.ico HTTP/1.1" 404 477 "-" "Mozilla/5.0 (X11; Ubuntu; Linux i686; rv:25.0) Gecko/20100101 Firefox/25.0"
158.108.104.179 - - [19/Aug/2014:14:42:50 +0700] "GET /favicon.ico HTTP/1.1" 404 477 "-" "Mozilla/5.0 (X11; Ubuntu; Linux i686; rv:25.0) Gecko/20100101 Firefox/25.0"
158.108.102.209 - - [19/Aug/2014:14:42:50 +0700] "GET /elab/accounts/login/?next=/elab/ HTTP/1.1" 200 1360 "-" "Mozilla/5.0 (X11; Ubuntu; Linux i686; rv:20.0) Gecko/20100101 Firefox/20.0"
158.108.102.209 - - [19/Aug/2014:14:42:50 +0700] "GET /elab_media//css/base.css HTTP/1.1" 200 9213 "https://cloud3.cpe.ku.ac.th/elab/accounts/login/?next=/elab/" "Mozilla/5.0 (X11; Ubuntu; Linux i686; rv:20.0) Gecko/20100101 Firefox/20.0"
158.108.102.209 - - [19/Aug/2014:14:42:50 +0700] "GET /favicon.ico HTTP/1.1" 404 477 "-" "Mozilla/5.0 (X11; Ubuntu; Linux i686; rv:20.0) Gecko/20100101 Firefox/20.0"
158.108.102.209 - - [19/Aug/2014:14:42:50 +0700] "GET /favicon.ico HTTP/1.1" 404 477 "-" "Mozilla/5.0 (X11; Ubuntu; Linux i686; rv:20.0) Gecko/20100101 Firefox/20.0"
158.108.241.17 - - [19/Aug/2014:14:42:50 +0700] "GET /elab HTTP/1.1" 302 483 "http://cloud3.cpe.ku.ac.th/" "Mozilla/5.0 (X11; Ubuntu; Linux i686; rv:20.0) Gecko/20100101 Firefox/20.0"
158.108.241.17 - - [19/Aug/2014:14:42:51 +0700] "GET /elab/ HTTP/1.1" 302 - "http://cloud3.cpe.ku.ac.th/" "Mozilla/5.0 (X11; Ubuntu; Linux i686; rv:20.0) Gecko/20100101 Firefox/20.0"
158.108.241.17 - - [19/Aug/2014:14:42:51 +0700] "GET /elab/accounts/login?next=/elab/ HTTP/1.1" 301 - "http://cloud3.cpe.ku.ac.th/" "Mozilla/5.0 (X11; Ubuntu; Linux i686; rv:20.0) Gecko/20100101 Firefox/20.0"
158.108.241.17 - - [19/Aug/2014:14:42:51 +0700] "GET /elab/accounts/login/?next=/elab/ HTTP/1.1" 302 - "http://cloud3.cpe.ku.ac.th/" "Mozilla/5.0 (X11; Ubuntu; Linux i686; rv:20.0) Gecko/20100101 Firefox/20.0"
158.108.241.17 - - [19/Aug/2014:14:42:51 +0700] "GET /elab/accounts/login/?next=/elab/ HTTP/1.1" 200 1360 "http://cloud3.cpe.ku.ac.th/" "Mozilla/5.0 (X11; Ubuntu; Linux i686; rv:20.0) Gecko/20100101 Firefox/20.0"
158.108.241.17 - - [19/Aug/2014:14:42:51 +0700] "GET /elab_media//css/base.css HTTP/1.1" 200 9213 "https://cloud3.cpe.ku.ac.th/elab/accounts/login/?next=/elab/" "Mozilla/5.0 (X11; Ubuntu; Linux i686; rv:20.0) Gecko/20100101 Firefox/20.0"
158.108.241.17 - - [19/Aug/2014:14:42:51 +0700] "GET /favicon.ico HTTP/1.1" 404 477 "-" "Mozilla/5.0 (X11; Ubuntu; Linux i686; rv:20.0) Gecko/20100101 Firefox/20.0"
158.108.97.11 - - [19/Aug/2014:14:42:51 +0700] "GET /elab/accounts/login/?next=/elab/ HTTP/1.1" 200 1360 "-" "Mozilla/5.0 (X11; Ubuntu; Linux i686; rv:20.0) Gecko/20100101 Firefox/20.0"
158.108.98.44 - - [19/Aug/2014:14:42:31 +0700] "POST /elab/accounts/login/ HTTP/1.1" 302 - "https://cloud3.cpe.ku.ac.th/elab/accounts/login/?next=/elab/" "Mozilla/5.0 (X11; Ubuntu; Linux i686; rv:22.0) Gecko/20100101 Firefox/22.0"
158.108.241.17 - - [19/Aug/2014:14:42:51 +0700] "GET /favicon.ico HTTP/1.1" 404 477 "-" "Mozilla/5.0 (X11; Ubuntu; Linux i686; rv:20.0) Gecko/20100101 Firefox/20.0"
158.108.97.11 - - [19/Aug/2014:14:42:51 +0700] "GET /elab_media//css/base.css HTTP/1.1" 200 9213 "https://cloud3.cpe.ku.ac.th/elab/accounts/login/?next=/elab/" "Mozilla/5.0 (X11; Ubuntu; Linux i686; rv:20.0) Gecko/20100101 Firefox/20.0"
158.108.97.11 - - [19/Aug/2014:14:42:51 +0700] "GET /favicon.ico HTTP/1.1" 404 477 "-" "Mozilla/5.0 (X11; Ubuntu; Linux i686; rv:20.0) Gecko/20100101 Firefox/20.0"
158.108.97.11 - - [19/Aug/2014:14:42:51 +0700] "GET /favicon.ico HTTP/1.1" 404 477 "-" "Mozilla/5.0 (X11; Ubuntu; Linux i686; rv:20.0) Gecko/20100101 Firefox/20.0"
158.108.240.28 - - [19/Aug/2014:14:42:51 +0700] "GET /elab HTTP/1.1" 302 485 "-" "Mozilla/5.0 (X11; Ubuntu; Linux i686; rv:20.0) Gecko/20100101 Firefox/20.0"
158.108.240.28 - - [19/Aug/2014:14:42:51 +0700] "GET /elab/ HTTP/1.1" 302 - "-" "Mozilla/5.0 (X11; Ubuntu; Linux i686; rv:20.0) Gecko/20100101 Firefox/20.0"
158.108.240.28 - - [19/Aug/2014:14:42:51 +0700] "GET /elab/accounts/login?next=/elab/ HTTP/1.1" 301 - "-" "Mozilla/5.0 (X11; Ubuntu; Linux i686; rv:20.0) Gecko/20100101 Firefox/20.0"
158.108.240.28 - - [19/Aug/2014:14:42:51 +0700] "GET /elab/accounts/login/?next=/elab/ HTTP/1.1" 200 1360 "-" "Mozilla/5.0 (X11; Ubuntu; Linux i686; rv:20.0) Gecko/20100101 Firefox/20.0"
158.108.98.44 - - [19/Aug/2014:14:42:51 +0700] "GET /elab/ HTTP/1.1" 200 2111 "-" "Mozilla/5.0 (X11; Ubuntu; Linux i686; rv:22.0) Gecko/20100101 Firefox/22.0"
158.108.240.28 - - [19/Aug/2014:14:42:51 +0700] "GET /elab_media//css/base.css HTTP/1.1" 200 9213 "https://cloud3.cpe.ku.ac.th/elab/accounts/login/?next=/elab/" "Mozilla/5.0 (X11; Ubuntu; Linux i686; rv:20.0) Gecko/20100101 Firefox/20.0"
158.108.98.44 - - [19/Aug/2014:14:42:51 +0700] "GET /elab_media//css/base.css HTTP/1.1" 200 9213 "http://cloud3.cpe.ku.ac.th/elab/" "Mozilla/5.0 (X11; Ubuntu; Linux i686; rv:22.0) Gecko/20100101 Firefox/22.0"
158.108.240.28 - - [19/Aug/2014:14:42:51 +0700] "GET /favicon.ico HTTP/1.1" 404 477 "-" "Mozilla/5.0 (X11; Ubuntu; Linux i686; rv:20.0) Gecko/20100101 Firefox/20.0"
158.108.98.44 - - [19/Aug/2014:14:42:51 +0700] "GET /favicon.ico HTTP/1.1" 404 476 "-" "Mozilla/5.0 (X11; Ubuntu; Linux i686; rv:22.0) Gecko/20100101 Firefox/22.0"
158.108.98.44 - - [19/Aug/2014:14:42:51 +0700] "GET /favicon.ico HTTP/1.1" 404 476 "-" "Mozilla/5.0 (X11; Ubuntu; Linux i686; rv:22.0) Gecko/20100101 Firefox/22.0"
158.108.240.28 - - [19/Aug/2014:14:42:51 +0700] "GET /favicon.ico HTTP/1.1" 404 477 "-" "Mozilla/5.0 (X11; Ubuntu; Linux i686; rv:20.0) Gecko/20100101 Firefox/20.0"
158.108.96.75 - - [19/Aug/2014:14:42:46 +0700] "POST /elab/accounts/login/ HTTP/1.1" 302 - "https://cloud3.cpe.ku.ac.th/elab/accounts/login/" "Mozilla/5.0 (X11; Ubuntu; Linux i686; rv:20.0) Gecko/20100101 Firefox/20.0"
158.108.96.75 - - [19/Aug/2014:14:42:52 +0700] "GET /elab/ HTTP/1.1" 200 2123 "-" "Mozilla/5.0 (X11; Ubuntu; Linux i686; rv:20.0) Gecko/20100101 Firefox/20.0"
158.108.96.75 - - [19/Aug/2014:14:42:52 +0700] "GET /elab_media//css/base.css HTTP/1.1" 200 9213 "http://cloud3.cpe.ku.ac.th/elab/" "Mozilla/5.0 (X11; Ubuntu; Linux i686; rv:20.0) Gecko/20100101 Firefox/20.0"
158.108.96.75 - - [19/Aug/2014:14:42:52 +0700] "GET /favicon.ico HTTP/1.1" 404 476 "-" "Mozilla/5.0 (X11; Ubuntu; Linux i686; rv:20.0) Gecko/20100101 Firefox/20.0"
158.108.96.75 - - [19/Aug/2014:14:42:52 +0700] "GET /favicon.ico HTTP/1.1" 404 476 "-" "Mozilla/5.0 (X11; Ubuntu; Linux i686; rv:20.0) Gecko/20100101 Firefox/20.0"
158.108.97.14 - - [19/Aug/2014:14:42:54 +0700] "GET /elab/accounts/login/?next=/elab/ HTTP/1.1" 200 1360 "-" "Mozilla/5.0 (X11; Ubuntu; Linux i686; rv:20.0) Gecko/20100101 Firefox/20.0"
10.2.78.119 - - [19/Aug/2014:14:42:57 +0700] "GET /elab_media/admin/img/admin/tool-right_over.gif HTTP/1.1" 200 200 "https://cloud3.cpe.ku.ac.th/elab/admin/lab/section/277/" "Mozilla/5.0 (Macintosh; Intel Mac OS X 10_9_2) AppleWebKit/537.74.9 (KHTML, like Gecko) Version/7.0.2 Safari/537.74.9"
10.2.78.119 - - [19/Aug/2014:14:42:57 +0700] "GET /elab_media/admin/img/admin/tool-left_over.gif HTTP/1.1" 200 203 "https://cloud3.cpe.ku.ac.th/elab/admin/lab/section/277/" "Mozilla/5.0 (Macintosh; Intel Mac OS X 10_9_2) AppleWebKit/537.74.9 (KHTML, like Gecko) Version/7.0.2 Safari/537.74.9"
10.2.78.119 - - [19/Aug/2014:14:42:57 +0700] "GET /elab/lab/admin/section/277/labs/ HTTP/1.1" 200 72054 "https://cloud3.cpe.ku.ac.th/elab/admin/lab/section/277/" "Mozilla/5.0 (Macintosh; Intel Mac OS X 10_9_2) AppleWebKit/537.74.9 (KHTML, like Gecko) Version/7.0.2 Safari/537.74.9"
10.2.78.119 - - [19/Aug/2014:14:42:58 +0700] "GET /elab/lab/admin/jsi18n/ HTTP/1.1" 404 953 "https://cloud3.cpe.ku.ac.th/elab/lab/admin/section/277/labs/" "Mozilla/5.0 (Macintosh; Intel Mac OS X 10_9_2) AppleWebKit/537.74.9 (KHTML, like Gecko) Version/7.0.2 Safari/537.74.9"
158.108.96.160 - - [19/Aug/2014:14:42:58 +0700] "GET / HTTP/1.1" 200 1990 "-" "Mozilla/5.0 (X11; Ubuntu; Linux i686; rv:20.0) Gecko/20100101 Firefox/20.0"
158.108.96.160 - - [19/Aug/2014:14:42:58 +0700] "GET /major/sites/default/files/eng-major-button_0.png HTTP/1.1" 404 514 "https://cloud3.cpe.ku.ac.th/" "Mozilla/5.0 (X11; Ubuntu; Linux i686; rv:20.0) Gecko/20100101 Firefox/20.0"
158.108.96.160 - - [19/Aug/2014:14:42:58 +0700] "GET /favicon.ico HTTP/1.1" 404 477 "-" "Mozilla/5.0 (X11; Ubuntu; Linux i686; rv:20.0) Gecko/20100101 Firefox/20.0"
158.108.96.160 - - [19/Aug/2014:14:42:58 +0700] "GET /favicon.ico HTTP/1.1" 404 477 "-" "Mozilla/5.0 (X11; Ubuntu; Linux i686; rv:20.0) Gecko/20100101 Firefox/20.0"
158.108.240.74 - - [19/Aug/2014:14:42:58 +0700] "GET /elab/ HTTP/1.1" 302 - "-" "Mozilla/5.0 (X11; Ubuntu; Linux i686; rv:20.0) Gecko/20100101 Firefox/20.0"
158.108.240.74 - - [19/Aug/2014:14:42:58 +0700] "GET /elab/accounts/login?next=/elab/ HTTP/1.1" 301 - "-" "Mozilla/5.0 (X11; Ubuntu; Linux i686; rv:20.0) Gecko/20100101 Firefox/20.0"
158.108.240.74 - - [19/Aug/2014:14:42:58 +0700] "GET /elab/accounts/login/?next=/elab/ HTTP/1.1" 302 - "-" "Mozilla/5.0 (X11; Ubuntu; Linux i686; rv:20.0) Gecko/20100101 Firefox/20.0"
158.108.99.30 - - [19/Aug/2014:14:42:54 +0700] "POST /elab/accounts/login/ HTTP/1.1" 302 - "https://cloud3.cpe.ku.ac.th/elab/accounts/login/?next=/elab/" "Mozilla/5.0 (X11; Ubuntu; Linux i686; rv:20.0) Gecko/20100101 Firefox/20.0"
158.108.104.196 - - [19/Aug/2014:14:42:54 +0700] "POST /elab/accounts/login/ HTTP/1.1" 302 - "https://cloud3.cpe.ku.ac.th/elab/accounts/login/?next=/elab/" "Mozilla/5.0 (X11; Ubuntu; Linux i686; rv:20.0) Gecko/20100101 Firefox/20.0"
158.108.99.30 - - [19/Aug/2014:14:42:59 +0700] "GET /elab/ HTTP/1.1" 200 2126 "-" "Mozilla/5.0 (X11; Ubuntu; Linux i686; rv:20.0) Gecko/20100101 Firefox/20.0"
158.108.99.30 - - [19/Aug/2014:14:43:00 +0700] "GET /elab_media//css/base.css HTTP/1.1" 200 9213 "http://cloud3.cpe.ku.ac.th/elab/" "Mozilla/5.0 (X11; Ubuntu; Linux i686; rv:20.0) Gecko/20100101 Firefox/20.0"
158.108.99.30 - - [19/Aug/2014:14:43:00 +0700] "GET /favicon.ico HTTP/1.1" 404 476 "-" "Mozilla/5.0 (X11; Ubuntu; Linux i686; rv:20.0) Gecko/20100101 Firefox/20.0"
158.108.99.30 - - [19/Aug/2014:14:43:00 +0700] "GET /favicon.ico HTTP/1.1" 404 476 "-" "Mozilla/5.0 (X11; Ubuntu; Linux i686; rv:20.0) Gecko/20100101 Firefox/20.0"
158.108.100.33 - - [19/Aug/2014:14:42:59 +0700] "GET /elab/lab/277/ HTTP/1.1" 200 1532 "http://cloud3.cpe.ku.ac.th/elab/" "Mozilla/5.0 (X11; Ubuntu; Linux i686; rv:20.0) Gecko/20100101 Firefox/20.0"
158.108.104.196 - - [19/Aug/2014:14:42:59 +0700] "GET /elab/ HTTP/1.1" 200 2101 "-" "Mozilla/5.0 (X11; Ubuntu; Linux i686; rv:20.0) Gecko/20100101 Firefox/20.0"
158.108.104.196 - - [19/Aug/2014:14:43:00 +0700] "GET /elab_media//css/base.css HTTP/1.1" 200 9213 "http://cloud3.cpe.ku.ac.th/elab/" "Mozilla/5.0 (X11; Ubuntu; Linux i686; rv:20.0) Gecko/20100101 Firefox/20.0"
158.108.104.196 - - [19/Aug/2014:14:43:00 +0700] "GET /favicon.ico HTTP/1.1" 404 476 "-" "Mozilla/5.0 (X11; Ubuntu; Linux i686; rv:20.0) Gecko/20100101 Firefox/20.0"
158.108.104.196 - - [19/Aug/2014:14:43:00 +0700] "GET /favicon.ico HTTP/1.1" 404 476 "-" "Mozilla/5.0 (X11; Ubuntu; Linux i686; rv:20.0) Gecko/20100101 Firefox/20.0"
158.108.96.86 - - [19/Aug/2014:14:43:00 +0700] "GET /elab HTTP/1.1" 302 483 "-" "Mozilla/5.0 (X11; Ubuntu; Linux i686; rv:20.0) Gecko/20100101 Firefox/20.0"
10.2.78.119 - - [19/Aug/2014:14:43:00 +0700] "POST /elab/lab/admin/section/277/labs/update HTTP/1.1" 302 - "https://cloud3.cpe.ku.ac.th/elab/lab/admin/section/277/labs/" "Mozilla/5.0 (Macintosh; Intel Mac OS X 10_9_2) AppleWebKit/537.74.9 (KHTML, like Gecko) Version/7.0.2 Safari/537.74.9"
10.2.78.119 - - [19/Aug/2014:14:43:01 +0700] "GET /elab/lab/admin/section/277/labs/ HTTP/1.1" 200 72036 "https://cloud3.cpe.ku.ac.th/elab/lab/admin/section/277/labs/" "Mozilla/5.0 (Macintosh; Intel Mac OS X 10_9_2) AppleWebKit/537.74.9 (KHTML, like Gecko) Version/7.0.2 Safari/537.74.9"
10.2.78.119 - - [19/Aug/2014:14:43:01 +0700] "GET /elab/lab/admin/jsi18n/ HTTP/1.1" 404 953 "https://cloud3.cpe.ku.ac.th/elab/lab/admin/section/277/labs/" "Mozilla/5.0 (Macintosh; Intel Mac OS X 10_9_2) AppleWebKit/537.74.9 (KHTML, like Gecko) Version/7.0.2 Safari/537.74.9"
158.108.102.34 - - [19/Aug/2014:14:43:01 +0700] "GET /elab/accounts/login/?next=/elab/ HTTP/1.1" 200 1360 "-" "Mozilla/5.0 (X11; Ubuntu; Linux i686; rv:20.0) Gecko/20100101 Firefox/20.0"
158.108.241.92 - - [19/Aug/2014:14:43:01 +0700] "GET /elab/accounts/login/?next=/elab/ HTTP/1.1" 200 1360 "-" "Mozilla/5.0 (X11; Ubuntu; Linux i686; rv:20.0) Gecko/20100101 Firefox/20.0"
158.108.102.34 - - [19/Aug/2014:14:43:01 +0700] "GET /elab_media//css/base.css HTTP/1.1" 200 9213 "https://cloud3.cpe.ku.ac.th/elab/accounts/login/?next=/elab/" "Mozilla/5.0 (X11; Ubuntu; Linux i686; rv:20.0) Gecko/20100101 Firefox/20.0"
158.108.96.86 - - [19/Aug/2014:14:43:01 +0700] "GET /elab/ HTTP/1.1" 302 - "-" "Mozilla/5.0 (X11; Ubuntu; Linux i686; rv:20.0) Gecko/20100101 Firefox/20.0"
158.108.241.92 - - [19/Aug/2014:14:43:01 +0700] "GET /elab_media//css/base.css HTTP/1.1" 200 9213 "https://cloud3.cpe.ku.ac.th/elab/accounts/login/?next=/elab/" "Mozilla/5.0 (X11; Ubuntu; Linux i686; rv:20.0) Gecko/20100101 Firefox/20.0"
158.108.96.86 - - [19/Aug/2014:14:43:01 +0700] "GET /elab/accounts/login?next=/elab/ HTTP/1.1" 301 - "-" "Mozilla/5.0 (X11; Ubuntu; Linux i686; rv:20.0) Gecko/20100101 Firefox/20.0"
158.108.96.86 - - [19/Aug/2014:14:43:01 +0700] "GET /elab/accounts/login/?next=/elab/ HTTP/1.1" 302 - "-" "Mozilla/5.0 (X11; Ubuntu; Linux i686; rv:20.0) Gecko/20100101 Firefox/20.0"
158.108.241.92 - - [19/Aug/2014:14:43:01 +0700] "GET /favicon.ico HTTP/1.1" 404 477 "-" "Mozilla/5.0 (X11; Ubuntu; Linux i686; rv:20.0) Gecko/20100101 Firefox/20.0"
158.108.241.92 - - [19/Aug/2014:14:43:01 +0700] "GET /favicon.ico HTTP/1.1" 404 477 "-" "Mozilla/5.0 (X11; Ubuntu; Linux i686; rv:20.0) Gecko/20100101 Firefox/20.0"
158.108.102.34 - - [19/Aug/2014:14:43:01 +0700] "GET /favicon.ico HTTP/1.1" 404 477 "-" "Mozilla/5.0 (X11; Ubuntu; Linux i686; rv:20.0) Gecko/20100101 Firefox/20.0"
158.108.102.34 - - [19/Aug/2014:14:43:01 +0700] "GET /favicon.ico HTTP/1.1" 404 477 "-" "Mozilla/5.0 (X11; Ubuntu; Linux i686; rv:20.0) Gecko/20100101 Firefox/20.0"
158.108.96.134 - - [19/Aug/2014:14:43:03 +0700] "GET /elab/accounts/login/?next=/elab/ HTTP/1.1" 200 1360 "-" "Mozilla/5.0 (X11; Ubuntu; Linux i686; rv:20.0) Gecko/20100101 Firefox/20.0"
158.108.96.134 - - [19/Aug/2014:14:43:03 +0700] "GET /elab_media//css/base.css HTTP/1.1" 200 9213 "https://cloud3.cpe.ku.ac.th/elab/accounts/login/?next=/elab/" "Mozilla/5.0 (X11; Ubuntu; Linux i686; rv:20.0) Gecko/20100101 Firefox/20.0"
158.108.96.134 - - [19/Aug/2014:14:43:03 +0700] "GET /favicon.ico HTTP/1.1" 404 477 "-" "Mozilla/5.0 (X11; Ubuntu; Linux i686; rv:20.0) Gecko/20100101 Firefox/20.0"
158.108.96.134 - - [19/Aug/2014:14:43:03 +0700] "GET /favicon.ico HTTP/1.1" 404 477 "-" "Mozilla/5.0 (X11; Ubuntu; Linux i686; rv:20.0) Gecko/20100101 Firefox/20.0"
158.108.99.179 - - [19/Aug/2014:14:43:03 +0700] "GET /elab/accounts/login/?next=/elab/ HTTP/1.1" 200 1360 "-" "Mozilla/5.0 (X11; Ubuntu; Linux i686; rv:20.0) Gecko/20100101 Firefox/20.0"
158.108.96.233 - - [19/Aug/2014:14:42:58 +0700] "POST /elab/accounts/login/ HTTP/1.1" 302 - "https://cloud3.cpe.ku.ac.th/elab/accounts/login/?next=/elab/" "Mozilla/5.0 (X11; Ubuntu; Linux i686; rv:23.0) Gecko/20100101 Firefox/23.0"
158.108.99.179 - - [19/Aug/2014:14:43:04 +0700] "GET /elab_media//css/base.css HTTP/1.1" 200 9213 "https://cloud3.cpe.ku.ac.th/elab/accounts/login/?next=/elab/" "Mozilla/5.0 (X11; Ubuntu; Linux i686; rv:20.0) Gecko/20100101 Firefox/20.0"
158.108.99.179 - - [19/Aug/2014:14:43:04 +0700] "GET /favicon.ico HTTP/1.1" 404 477 "-" "Mozilla/5.0 (X11; Ubuntu; Linux i686; rv:20.0) Gecko/20100101 Firefox/20.0"
158.108.99.179 - - [19/Aug/2014:14:43:04 +0700] "GET /favicon.ico HTTP/1.1" 404 477 "-" "Mozilla/5.0 (X11; Ubuntu; Linux i686; rv:20.0) Gecko/20100101 Firefox/20.0"
158.108.241.226 - - [19/Aug/2014:14:43:04 +0700] "GET /elab/lab/277/ HTTP/1.1" 200 1561 "http://cloud3.cpe.ku.ac.th/elab/" "Mozilla/5.0 (X11; Ubuntu; Linux i686; rv:20.0) Gecko/20100101 Firefox/20.0"
158.108.96.193 - - [19/Aug/2014:14:43:04 +0700] "GET /elab/accounts/login/?next=/elab/ HTTP/1.1" 200 1360 "-" "Mozilla/5.0 (X11; Ubuntu; Linux i686; rv:20.0) Gecko/20100101 Firefox/20.0"
158.108.96.193 - - [19/Aug/2014:14:43:04 +0700] "GET /elab_media//css/base.css HTTP/1.1" 304 - "https://cloud3.cpe.ku.ac.th/elab/accounts/login/?next=/elab/" "Mozilla/5.0 (X11; Ubuntu; Linux i686; rv:20.0) Gecko/20100101 Firefox/20.0"
158.108.96.233 - - [19/Aug/2014:14:43:04 +0700] "GET /elab/ HTTP/1.1" 200 2114 "-" "Mozilla/5.0 (X11; Ubuntu; Linux i686; rv:23.0) Gecko/20100101 Firefox/23.0"
158.108.96.233 - - [19/Aug/2014:14:43:04 +0700] "GET /elab_media//css/base.css HTTP/1.1" 200 9213 "http://cloud3.cpe.ku.ac.th/elab/" "Mozilla/5.0 (X11; Ubuntu; Linux i686; rv:23.0) Gecko/20100101 Firefox/23.0"
158.108.96.233 - - [19/Aug/2014:14:43:04 +0700] "GET /favicon.ico HTTP/1.1" 404 476 "-" "Mozilla/5.0 (X11; Ubuntu; Linux i686; rv:23.0) Gecko/20100101 Firefox/23.0"
158.108.96.233 - - [19/Aug/2014:14:43:04 +0700] "GET /favicon.ico HTTP/1.1" 404 476 "-" "Mozilla/5.0 (X11; Ubuntu; Linux i686; rv:23.0) Gecko/20100101 Firefox/23.0"
158.108.98.55 - - [19/Aug/2014:14:43:05 +0700] "GET /elab/accounts/login/?next=/elab/ HTTP/1.1" 200 1360 "-" "Mozilla/5.0 (X11; Ubuntu; Linux i686; rv:25.0) Gecko/20100101 Firefox/25.0"
158.108.98.55 - - [19/Aug/2014:14:43:05 +0700] "GET /elab_media//css/base.css HTTP/1.1" 200 9213 "https://cloud3.cpe.ku.ac.th/elab/accounts/login/?next=/elab/" "Mozilla/5.0 (X11; Ubuntu; Linux i686; rv:25.0) Gecko/20100101 Firefox/25.0"
158.108.98.55 - - [19/Aug/2014:14:43:05 +0700] "GET /favicon.ico HTTP/1.1" 404 477 "-" "Mozilla/5.0 (X11; Ubuntu; Linux i686; rv:25.0) Gecko/20100101 Firefox/25.0"
158.108.98.55 - - [19/Aug/2014:14:43:05 +0700] "GET /favicon.ico HTTP/1.1" 404 477 "-" "Mozilla/5.0 (X11; Ubuntu; Linux i686; rv:25.0) Gecko/20100101 Firefox/25.0"
158.108.240.145 - - [19/Aug/2014:14:43:06 +0700] "GET /elab/lab/277/ HTTP/1.1" 200 1560 "http://cloud3.cpe.ku.ac.th/elab/" "Mozilla/5.0 (X11; Ubuntu; Linux i686; rv:20.0) Gecko/20100101 Firefox/20.0"
10.2.78.119 - - [19/Aug/2014:14:43:07 +0700] "GET /elab/ HTTP/1.1" 200 3898 "-" "Mozilla/5.0 (Macintosh; Intel Mac OS X 10_9_2) AppleWebKit/537.74.9 (KHTML, like Gecko) Version/7.0.2 Safari/537.74.9"
158.108.241.226 - - [19/Aug/2014:14:43:07 +0700] "GET /elab/lab/277/3510/ HTTP/1.1" 500 13480 "http://cloud3.cpe.ku.ac.th/elab/lab/277/" "Mozilla/5.0 (X11; Ubuntu; Linux i686; rv:20.0) Gecko/20100101 Firefox/20.0"
158.108.241.226 - - [19/Aug/2014:14:43:07 +0700] "GET /elab/lab/277/3510/ HTTP/1.1" 200 13480 "http://cloud3.cpe.ku.ac.th/elab/lab/277/" "Mozilla/5.0 (X11; Ubuntu; Linux i686; rv:20.0) Gecko/20100101 Firefox/20.0"
158.108.241.226 - - [19/Aug/2014:14:43:07 +0700] "GET /elab_media//js/jquery-ui.js HTTP/1.1" 200 32596 "http://cloud3.cpe.ku.ac.th/elab/lab/277/3510/" "Mozilla/5.0 (X11; Ubuntu; Linux i686; rv:20.0) Gecko/20100101 Firefox/20.0"
158.108.241.226 - - [19/Aug/2014:14:43:07 +0700] "GET /elab_media//js/jquery.js HTTP/1.1" 200 117302 "http://cloud3.cpe.ku.ac.th/elab/lab/277/3510/" "Mozilla/5.0 (X11; Ubuntu; Linux i686; rv:20.0) Gecko/20100101 Firefox/20.0"
158.108.241.226 - - [19/Aug/2014:14:43:07 +0700] "GET /elab_media//css/theme/ui.all.css HTTP/1.1" 200 47 "http://cloud3.cpe.ku.ac.th/elab/lab/277/3510/" "Mozilla/5.0 (X11; Ubuntu; Linux i686; rv:20.0) Gecko/20100101 Firefox/20.0"
158.108.241.226 - - [19/Aug/2014:14:43:07 +0700] "GET /elab_media//css/theme/ui.base.css HTTP/1.1" 200 252 "http://cloud3.cpe.ku.ac.th/elab_media//css/theme/ui.all.css" "Mozilla/5.0 (X11; Ubuntu; Linux i686; rv:20.0) Gecko/20100101 Firefox/20.0"
158.108.241.226 - - [19/Aug/2014:14:43:07 +0700] "GET /elab_media//css/theme/ui.theme.css HTTP/1.1" 200 16776 "http://cloud3.cpe.ku.ac.th/elab_media//css/theme/ui.all.css" "Mozilla/5.0 (X11; Ubuntu; Linux i686; rv:20.0) Gecko/20100101 Firefox/20.0"
158.108.241.226 - - [19/Aug/2014:14:43:07 +0700] "GET /elab_media//css/theme/ui.core.css HTTP/1.1" 200 1352 "http://cloud3.cpe.ku.ac.th/elab_media//css/theme/ui.base.css" "Mozilla/5.0 (X11; Ubuntu; Linux i686; rv:20.0) Gecko/20100101 Firefox/20.0"
158.108.241.226 - - [19/Aug/2014:14:43:07 +0700] "GET /elab_media//css/theme/ui.accordion.css HTTP/1.1" 200 711 "http://cloud3.cpe.ku.ac.th/elab_media//css/theme/ui.base.css" "Mozilla/5.0 (X11; Ubuntu; Linux i686; rv:20.0) Gecko/20100101 Firefox/20.0"
158.108.241.226 - - [19/Aug/2014:14:43:07 +0700] "GET /elab_media//css/theme/ui.datepicker.css HTTP/1.1" 200 3936 "http://cloud3.cpe.ku.ac.th/elab_media//css/theme/ui.base.css" "Mozilla/5.0 (X11; Ubuntu; Linux i686; rv:20.0) Gecko/20100101 Firefox/20.0"
158.108.241.226 - - [19/Aug/2014:14:43:07 +0700] "GET /elab_media//css/theme/ui.dialog.css HTTP/1.1" 200 1154 "http://cloud3.cpe.ku.ac.th/elab_media//css/theme/ui.base.css" "Mozilla/5.0 (X11; Ubuntu; Linux i686; rv:20.0) Gecko/20100101 Firefox/20.0"
158.108.241.226 - - [19/Aug/2014:14:43:07 +0700] "GET /elab_media//css/theme/ui.progressbar.css HTTP/1.1" 200 169 "http://cloud3.cpe.ku.ac.th/elab_media//css/theme/ui.base.css" "Mozilla/5.0 (X11; Ubuntu; Linux i686; rv:20.0) Gecko/20100101 Firefox/20.0"
158.108.241.226 - - [19/Aug/2014:14:43:07 +0700] "GET /elab_media//css/theme/ui.slider.css HTTP/1.1" 200 929 "http://cloud3.cpe.ku.ac.th/elab_media//css/theme/ui.base.css" "Mozilla/5.0 (X11; Ubuntu; Linux i686; rv:20.0) Gecko/20100101 Firefox/20.0"
158.108.241.226 - - [19/Aug/2014:14:43:07 +0700] "GET /elab_media//css/theme/ui.tabs.css HTTP/1.1" 200 590 "http://cloud3.cpe.ku.ac.th/elab_media//css/theme/ui.base.css" "Mozilla/5.0 (X11; Ubuntu; Linux i686; rv:20.0) Gecko/20100101 Firefox/20.0"
158.108.241.226 - - [19/Aug/2014:14:43:07 +0700] "GET /elab_media//css/theme/ui.resizable.css HTTP/1.1" 200 993 "http://cloud3.cpe.ku.ac.th/elab_media//css/theme/ui.base.css" "Mozilla/5.0 (X11; Ubuntu; Linux i686; rv:20.0) Gecko/20100101 Firefox/20.0"
158.108.241.226 - - [19/Aug/2014:14:43:07 +0700] "GET /elab_media//css/theme/images/ui-bg_flat_75_ffffff_40x100.png HTTP/1.1" 200 178 "http://cloud3.cpe.ku.ac.th/elab_media//css/theme/ui.theme.css" "Mozilla/5.0 (X11; Ubuntu; Linux i686; rv:20.0) Gecko/20100101 Firefox/20.0"
158.108.241.226 - - [19/Aug/2014:14:43:07 +0700] "GET /elab_media//css/theme/images/ui-bg_glass_75_e6e6e6_1x400.png HTTP/1.1" 200 110 "http://cloud3.cpe.ku.ac.th/elab_media//css/theme/ui.theme.css" "Mozilla/5.0 (X11; Ubuntu; Linux i686; rv:20.0) Gecko/20100101 Firefox/20.0"
158.108.241.226 - - [19/Aug/2014:14:43:07 +0700] "GET /elab_media//css/theme/images/ui-bg_highlight-soft_75_cccccc_1x100.png HTTP/1.1" 200 101 "http://cloud3.cpe.ku.ac.th/elab_media//css/theme/ui.theme.css" "Mozilla/5.0 (X11; Ubuntu; Linux i686; rv:20.0) Gecko/20100101 Firefox/20.0"
158.108.241.226 - - [19/Aug/2014:14:43:07 +0700] "GET /elab_media//css/theme/images/ui-bg_glass_65_ffffff_1x400.png HTTP/1.1" 200 105 "http://cloud3.cpe.ku.ac.th/elab_media//css/theme/ui.theme.css" "Mozilla/5.0 (X11; Ubuntu; Linux i686; rv:20.0) Gecko/20100101 Firefox/20.0"
158.108.241.17 - - [19/Aug/2014:14:43:02 +0700] "POST /elab/accounts/login/ HTTP/1.1" 302 - "https://cloud3.cpe.ku.ac.th/elab/accounts/login/?next=/elab/" "Mozilla/5.0 (X11; Ubuntu; Linux i686; rv:20.0) Gecko/20100101 Firefox/20.0"
158.108.240.145 - - [19/Aug/2014:14:43:08 +0700] "GET /elab/lab/277/3510/ HTTP/1.1" 200 13479 "http://cloud3.cpe.ku.ac.th/elab/lab/277/" "Mozilla/5.0 (X11; Ubuntu; Linux i686; rv:20.0) Gecko/20100101 Firefox/20.0"
158.108.241.17 - - [19/Aug/2014:14:43:07 +0700] "GET /elab/ HTTP/1.1" 200 2120 "-" "Mozilla/5.0 (X11; Ubuntu; Linux i686; rv:20.0) Gecko/20100101 Firefox/20.0"
158.108.240.145 - - [19/Aug/2014:14:43:08 +0700] "GET /elab_media//css/theme/ui.all.css HTTP/1.1" 200 47 "http://cloud3.cpe.ku.ac.th/elab/lab/277/3510/" "Mozilla/5.0 (X11; Ubuntu; Linux i686; rv:20.0) Gecko/20100101 Firefox/20.0"
158.108.240.145 - - [19/Aug/2014:14:43:08 +0700] "GET /elab_media//js/jquery-ui.js HTTP/1.1" 200 32596 "http://cloud3.cpe.ku.ac.th/elab/lab/277/3510/" "Mozilla/5.0 (X11; Ubuntu; Linux i686; rv:20.0) Gecko/20100101 Firefox/20.0"
158.108.240.145 - - [19/Aug/2014:14:43:08 +0700] "GET /elab_media//css/theme/ui.theme.css HTTP/1.1" 200 16776 "http://cloud3.cpe.ku.ac.th/elab_media//css/theme/ui.all.css" "Mozilla/5.0 (X11; Ubuntu; Linux i686; rv:20.0) Gecko/20100101 Firefox/20.0"
158.108.240.145 - - [19/Aug/2014:14:43:08 +0700] "GET /elab_media//js/jquery.js HTTP/1.1" 200 117302 "http://cloud3.cpe.ku.ac.th/elab/lab/277/3510/" "Mozilla/5.0 (X11; Ubuntu; Linux i686; rv:20.0) Gecko/20100101 Firefox/20.0"
158.108.240.145 - - [19/Aug/2014:14:43:08 +0700] "GET /elab_media//css/theme/ui.base.css HTTP/1.1" 200 252 "http://cloud3.cpe.ku.ac.th/elab_media//css/theme/ui.all.css" "Mozilla/5.0 (X11; Ubuntu; Linux i686; rv:20.0) Gecko/20100101 Firefox/20.0"
158.108.102.209 - - [19/Aug/2014:14:43:03 +0700] "POST /elab/accounts/login/ HTTP/1.1" 302 - "https://cloud3.cpe.ku.ac.th/elab/accounts/login/?next=/elab/" "Mozilla/5.0 (X11; Ubuntu; Linux i686; rv:20.0) Gecko/20100101 Firefox/20.0"
158.108.240.145 - - [19/Aug/2014:14:43:08 +0700] "GET /elab_media//css/theme/ui.accordion.css HTTP/1.1" 200 711 "http://cloud3.cpe.ku.ac.th/elab_media//css/theme/ui.base.css" "Mozilla/5.0 (X11; Ubuntu; Linux i686; rv:20.0) Gecko/20100101 Firefox/20.0"
158.108.240.145 - - [19/Aug/2014:14:43:08 +0700] "GET /elab_media//css/theme/ui.datepicker.css HTTP/1.1" 200 3936 "http://cloud3.cpe.ku.ac.th/elab_media//css/theme/ui.base.css" "Mozilla/5.0 (X11; Ubuntu; Linux i686; rv:20.0) Gecko/20100101 Firefox/20.0"
158.108.240.145 - - [19/Aug/2014:14:43:08 +0700] "GET /elab_media//css/theme/ui.dialog.css HTTP/1.1" 200 1154 "http://cloud3.cpe.ku.ac.th/elab_media//css/theme/ui.base.css" "Mozilla/5.0 (X11; Ubuntu; Linux i686; rv:20.0) Gecko/20100101 Firefox/20.0"
158.108.240.145 - - [19/Aug/2014:14:43:08 +0700] "GET /elab_media//css/theme/ui.core.css HTTP/1.1" 200 1352 "http://cloud3.cpe.ku.ac.th/elab_media//css/theme/ui.base.css" "Mozilla/5.0 (X11; Ubuntu; Linux i686; rv:20.0) Gecko/20100101 Firefox/20.0"
158.108.240.145 - - [19/Aug/2014:14:43:08 +0700] "GET /elab_media//css/theme/ui.progressbar.css HTTP/1.1" 200 169 "http://cloud3.cpe.ku.ac.th/elab_media//css/theme/ui.base.css" "Mozilla/5.0 (X11; Ubuntu; Linux i686; rv:20.0) Gecko/20100101 Firefox/20.0"
158.108.240.145 - - [19/Aug/2014:14:43:08 +0700] "GET /elab_media//css/theme/ui.resizable.css HTTP/1.1" 200 993 "http://cloud3.cpe.ku.ac.th/elab_media//css/theme/ui.base.css" "Mozilla/5.0 (X11; Ubuntu; Linux i686; rv:20.0) Gecko/20100101 Firefox/20.0"
158.108.240.145 - - [19/Aug/2014:14:43:08 +0700] "GET /elab_media//css/theme/ui.slider.css HTTP/1.1" 200 929 "http://cloud3.cpe.ku.ac.th/elab_media//css/theme/ui.base.css" "Mozilla/5.0 (X11; Ubuntu; Linux i686; rv:20.0) Gecko/20100101 Firefox/20.0"
158.108.240.145 - - [19/Aug/2014:14:43:08 +0700] "GET /elab_media//css/theme/ui.tabs.css HTTP/1.1" 200 590 "http://cloud3.cpe.ku.ac.th/elab_media//css/theme/ui.base.css" "Mozilla/5.0 (X11; Ubuntu; Linux i686; rv:20.0) Gecko/20100101 Firefox/20.0"
158.108.241.17 - - [19/Aug/2014:14:43:08 +0700] "GET /elab_media//css/base.css HTTP/1.1" 200 9213 "http://cloud3.cpe.ku.ac.th/elab/" "Mozilla/5.0 (X11; Ubuntu; Linux i686; rv:20.0) Gecko/20100101 Firefox/20.0"
158.108.240.145 - - [19/Aug/2014:14:43:08 +0700] "GET /elab_media//css/theme/images/ui-bg_highlight-soft_75_cccccc_1x100.png HTTP/1.1" 200 101 "http://cloud3.cpe.ku.ac.th/elab_media//css/theme/ui.theme.css" "Mozilla/5.0 (X11; Ubuntu; Linux i686; rv:20.0) Gecko/20100101 Firefox/20.0"
158.108.240.145 - - [19/Aug/2014:14:43:08 +0700] "GET /elab_media//css/theme/images/ui-bg_flat_75_ffffff_40x100.png HTTP/1.1" 200 178 "http://cloud3.cpe.ku.ac.th/elab_media//css/theme/ui.theme.css" "Mozilla/5.0 (X11; Ubuntu; Linux i686; rv:20.0) Gecko/20100101 Firefox/20.0"
158.108.240.145 - - [19/Aug/2014:14:43:08 +0700] "GET /elab_media//css/theme/images/ui-bg_glass_75_e6e6e6_1x400.png HTTP/1.1" 200 110 "http://cloud3.cpe.ku.ac.th/elab_media//css/theme/ui.theme.css" "Mozilla/5.0 (X11; Ubuntu; Linux i686; rv:20.0) Gecko/20100101 Firefox/20.0"
158.108.240.145 - - [19/Aug/2014:14:43:08 +0700] "GET /elab_media//css/theme/images/ui-bg_glass_65_ffffff_1x400.png HTTP/1.1" 200 105 "http://cloud3.cpe.ku.ac.th/elab_media//css/theme/ui.theme.css" "Mozilla/5.0 (X11; Ubuntu; Linux i686; rv:20.0) Gecko/20100101 Firefox/20.0"
